Archive member included to satisfy reference by file (symbol)

/home/bruno/Documents/Facultad/Electrónica Digital III/ED3_Drivers/CMSISv2p00_LPC17xx/Debug/libCMSISv2p00_LPC17xx.a(system_LPC17xx.o)
                              ./src/cr_startup_lpc175x_6x.o (SystemInit)
/home/bruno/Documents/Facultad/Electrónica Digital III/ED3_Drivers/CMSISv2p00_LPC17xx/Debug/libCMSISv2p00_LPC17xx.a(lpc17xx_adc.o)
                              ./src/EjemploADC_Driver.o (ADC_Init)
/home/bruno/Documents/Facultad/Electrónica Digital III/ED3_Drivers/CMSISv2p00_LPC17xx/Debug/libCMSISv2p00_LPC17xx.a(lpc17xx_clkpwr.o)
                              /home/bruno/Documents/Facultad/Electrónica Digital III/ED3_Drivers/CMSISv2p00_LPC17xx/Debug/libCMSISv2p00_LPC17xx.a(lpc17xx_adc.o) (CLKPWR_GetPCLK)
/home/bruno/Documents/Facultad/Electrónica Digital III/ED3_Drivers/CMSISv2p00_LPC17xx/Debug/libCMSISv2p00_LPC17xx.a(lpc17xx_libcfg_default.o)
                              /home/bruno/Documents/Facultad/Electrónica Digital III/ED3_Drivers/CMSISv2p00_LPC17xx/Debug/libCMSISv2p00_LPC17xx.a(lpc17xx_adc.o) (check_failed)
/home/bruno/Documents/Facultad/Electrónica Digital III/ED3_Drivers/CMSISv2p00_LPC17xx/Debug/libCMSISv2p00_LPC17xx.a(lpc17xx_pinsel.o)
                              ./src/EjemploADC_Driver.o (PINSEL_ConfigPin)
/usr/local/mcuxpressoide-11.6.0_8187/ide/plugins/com.nxp.mcuxpresso.tools.linux_11.6.0.202112161359/tools/bin/../lib/gcc/arm-none-eabi/10.3.1/../../../../arm-none-eabi/lib/thumb/v7-m/nofp/libcr_c.a(__weak__main.o)
                              ./src/cr_startup_lpc175x_6x.o (__main)
/usr/local/mcuxpressoide-11.6.0_8187/ide/plugins/com.nxp.mcuxpresso.tools.linux_11.6.0.202112161359/tools/bin/../lib/gcc/arm-none-eabi/10.3.1/thumb/v7-m/nofp/libcr_eabihelpers.a(division_64.o)
                              /home/bruno/Documents/Facultad/Electrónica Digital III/ED3_Drivers/CMSISv2p00_LPC17xx/Debug/libCMSISv2p00_LPC17xx.a(system_LPC17xx.o) (__aeabi_ldivmod)
/usr/local/mcuxpressoide-11.6.0_8187/ide/plugins/com.nxp.mcuxpresso.tools.linux_11.6.0.202112161359/tools/bin/../lib/gcc/arm-none-eabi/10.3.1/thumb/v7-m/nofp/libcr_eabihelpers.a(division_idiv0.o)
                              /usr/local/mcuxpressoide-11.6.0_8187/ide/plugins/com.nxp.mcuxpresso.tools.linux_11.6.0.202112161359/tools/bin/../lib/gcc/arm-none-eabi/10.3.1/thumb/v7-m/nofp/libcr_eabihelpers.a(division_64.o) (__aeabi_idiv0)

Discarded input sections

 .group         0x0000000000000000        0xc ./src/EjemploADC_Driver.o
 .group         0x0000000000000000        0xc ./src/EjemploADC_Driver.o
 .group         0x0000000000000000        0xc ./src/EjemploADC_Driver.o
 .group         0x0000000000000000        0xc ./src/EjemploADC_Driver.o
 .group         0x0000000000000000        0xc ./src/EjemploADC_Driver.o
 .group         0x0000000000000000        0xc ./src/EjemploADC_Driver.o
 .group         0x0000000000000000        0xc ./src/EjemploADC_Driver.o
 .group         0x0000000000000000        0xc ./src/EjemploADC_Driver.o
 .group         0x0000000000000000        0xc ./src/EjemploADC_Driver.o
 .group         0x0000000000000000        0xc ./src/EjemploADC_Driver.o
 .group         0x0000000000000000        0xc ./src/EjemploADC_Driver.o
 .group         0x0000000000000000        0xc ./src/EjemploADC_Driver.o
 .text          0x0000000000000000        0x0 ./src/EjemploADC_Driver.o
 .data          0x0000000000000000        0x0 ./src/EjemploADC_Driver.o
 .bss           0x0000000000000000        0x0 ./src/EjemploADC_Driver.o
 .text.NVIC_DisableIRQ
                0x0000000000000000       0x34 ./src/EjemploADC_Driver.o
 .bss.adc_value
                0x0000000000000000        0x4 ./src/EjemploADC_Driver.o
 .text.ADC_IRQHanlder
                0x0000000000000000       0x3c ./src/EjemploADC_Driver.o
 .group         0x0000000000000000        0xc ./src/cr_startup_lpc175x_6x.o
 .text          0x0000000000000000        0x0 ./src/cr_startup_lpc175x_6x.o
 .data          0x0000000000000000        0x0 ./src/cr_startup_lpc175x_6x.o
 .bss           0x0000000000000000        0x0 ./src/cr_startup_lpc175x_6x.o
 .debug_macro   0x0000000000000000      0xa7e ./src/cr_startup_lpc175x_6x.o
 .group         0x0000000000000000        0xc ./src/crp.o
 .group         0x0000000000000000        0xc ./src/crp.o
 .text          0x0000000000000000        0x0 ./src/crp.o
 .data          0x0000000000000000        0x0 ./src/crp.o
 .bss           0x0000000000000000        0x0 ./src/crp.o
 .debug_macro   0x0000000000000000      0xa7e ./src/crp.o
 .group         0x0000000000000000        0xc /home/bruno/Documents/Facultad/Electrónica Digital III/ED3_Drivers/CMSISv2p00_LPC17xx/Debug/libCMSISv2p00_LPC17xx.a(system_LPC17xx.o)
 .group         0x0000000000000000        0xc /home/bruno/Documents/Facultad/Electrónica Digital III/ED3_Drivers/CMSISv2p00_LPC17xx/Debug/libCMSISv2p00_LPC17xx.a(system_LPC17xx.o)
 .group         0x0000000000000000        0xc /home/bruno/Documents/Facultad/Electrónica Digital III/ED3_Drivers/CMSISv2p00_LPC17xx/Debug/libCMSISv2p00_LPC17xx.a(system_LPC17xx.o)
 .group         0x0000000000000000        0xc /home/bruno/Documents/Facultad/Electrónica Digital III/ED3_Drivers/CMSISv2p00_LPC17xx/Debug/libCMSISv2p00_LPC17xx.a(system_LPC17xx.o)
 .group         0x0000000000000000        0xc /home/bruno/Documents/Facultad/Electrónica Digital III/ED3_Drivers/CMSISv2p00_LPC17xx/Debug/libCMSISv2p00_LPC17xx.a(system_LPC17xx.o)
 .group         0x0000000000000000        0xc /home/bruno/Documents/Facultad/Electrónica Digital III/ED3_Drivers/CMSISv2p00_LPC17xx/Debug/libCMSISv2p00_LPC17xx.a(system_LPC17xx.o)
 .group         0x0000000000000000        0xc /home/bruno/Documents/Facultad/Electrónica Digital III/ED3_Drivers/CMSISv2p00_LPC17xx/Debug/libCMSISv2p00_LPC17xx.a(system_LPC17xx.o)
 .group         0x0000000000000000        0xc /home/bruno/Documents/Facultad/Electrónica Digital III/ED3_Drivers/CMSISv2p00_LPC17xx/Debug/libCMSISv2p00_LPC17xx.a(system_LPC17xx.o)
 .group         0x0000000000000000        0xc /home/bruno/Documents/Facultad/Electrónica Digital III/ED3_Drivers/CMSISv2p00_LPC17xx/Debug/libCMSISv2p00_LPC17xx.a(system_LPC17xx.o)
 .text          0x0000000000000000        0x0 /home/bruno/Documents/Facultad/Electrónica Digital III/ED3_Drivers/CMSISv2p00_LPC17xx/Debug/libCMSISv2p00_LPC17xx.a(system_LPC17xx.o)
 .data          0x0000000000000000        0x0 /home/bruno/Documents/Facultad/Electrónica Digital III/ED3_Drivers/CMSISv2p00_LPC17xx/Debug/libCMSISv2p00_LPC17xx.a(system_LPC17xx.o)
 .bss           0x0000000000000000        0x0 /home/bruno/Documents/Facultad/Electrónica Digital III/ED3_Drivers/CMSISv2p00_LPC17xx/Debug/libCMSISv2p00_LPC17xx.a(system_LPC17xx.o)
 .text.SystemCoreClockUpdate
                0x0000000000000000       0xb8 /home/bruno/Documents/Facultad/Electrónica Digital III/ED3_Drivers/CMSISv2p00_LPC17xx/Debug/libCMSISv2p00_LPC17xx.a(system_LPC17xx.o)
 .debug_macro   0x0000000000000000       0x10 /home/bruno/Documents/Facultad/Electrónica Digital III/ED3_Drivers/CMSISv2p00_LPC17xx/Debug/libCMSISv2p00_LPC17xx.a(system_LPC17xx.o)
 .debug_macro   0x0000000000000000      0x12e /home/bruno/Documents/Facultad/Electrónica Digital III/ED3_Drivers/CMSISv2p00_LPC17xx/Debug/libCMSISv2p00_LPC17xx.a(system_LPC17xx.o)
 .debug_macro   0x0000000000000000      0x5b3 /home/bruno/Documents/Facultad/Electrónica Digital III/ED3_Drivers/CMSISv2p00_LPC17xx/Debug/libCMSISv2p00_LPC17xx.a(system_LPC17xx.o)
 .debug_macro   0x0000000000000000       0x1c /home/bruno/Documents/Facultad/Electrónica Digital III/ED3_Drivers/CMSISv2p00_LPC17xx/Debug/libCMSISv2p00_LPC17xx.a(system_LPC17xx.o)
 .debug_macro   0x0000000000000000       0x2e /home/bruno/Documents/Facultad/Electrónica Digital III/ED3_Drivers/CMSISv2p00_LPC17xx/Debug/libCMSISv2p00_LPC17xx.a(system_LPC17xx.o)
 .debug_macro   0x0000000000000000       0x18 /home/bruno/Documents/Facultad/Electrónica Digital III/ED3_Drivers/CMSISv2p00_LPC17xx/Debug/libCMSISv2p00_LPC17xx.a(system_LPC17xx.o)
 .debug_macro   0x0000000000000000      0x7af /home/bruno/Documents/Facultad/Electrónica Digital III/ED3_Drivers/CMSISv2p00_LPC17xx/Debug/libCMSISv2p00_LPC17xx.a(system_LPC17xx.o)
 .debug_macro   0x0000000000000000      0x2c7 /home/bruno/Documents/Facultad/Electrónica Digital III/ED3_Drivers/CMSISv2p00_LPC17xx/Debug/libCMSISv2p00_LPC17xx.a(system_LPC17xx.o)
 .group         0x0000000000000000        0xc /home/bruno/Documents/Facultad/Electrónica Digital III/ED3_Drivers/CMSISv2p00_LPC17xx/Debug/libCMSISv2p00_LPC17xx.a(lpc17xx_adc.o)
 .group         0x0000000000000000        0xc /home/bruno/Documents/Facultad/Electrónica Digital III/ED3_Drivers/CMSISv2p00_LPC17xx/Debug/libCMSISv2p00_LPC17xx.a(lpc17xx_adc.o)
 .group         0x0000000000000000        0xc /home/bruno/Documents/Facultad/Electrónica Digital III/ED3_Drivers/CMSISv2p00_LPC17xx/Debug/libCMSISv2p00_LPC17xx.a(lpc17xx_adc.o)
 .group         0x0000000000000000        0xc /home/bruno/Documents/Facultad/Electrónica Digital III/ED3_Drivers/CMSISv2p00_LPC17xx/Debug/libCMSISv2p00_LPC17xx.a(lpc17xx_adc.o)
 .group         0x0000000000000000        0xc /home/bruno/Documents/Facultad/Electrónica Digital III/ED3_Drivers/CMSISv2p00_LPC17xx/Debug/libCMSISv2p00_LPC17xx.a(lpc17xx_adc.o)
 .group         0x0000000000000000        0xc /home/bruno/Documents/Facultad/Electrónica Digital III/ED3_Drivers/CMSISv2p00_LPC17xx/Debug/libCMSISv2p00_LPC17xx.a(lpc17xx_adc.o)
 .group         0x0000000000000000        0xc /home/bruno/Documents/Facultad/Electrónica Digital III/ED3_Drivers/CMSISv2p00_LPC17xx/Debug/libCMSISv2p00_LPC17xx.a(lpc17xx_adc.o)
 .group         0x0000000000000000        0xc /home/bruno/Documents/Facultad/Electrónica Digital III/ED3_Drivers/CMSISv2p00_LPC17xx/Debug/libCMSISv2p00_LPC17xx.a(lpc17xx_adc.o)
 .group         0x0000000000000000        0xc /home/bruno/Documents/Facultad/Electrónica Digital III/ED3_Drivers/CMSISv2p00_LPC17xx/Debug/libCMSISv2p00_LPC17xx.a(lpc17xx_adc.o)
 .group         0x0000000000000000        0xc /home/bruno/Documents/Facultad/Electrónica Digital III/ED3_Drivers/CMSISv2p00_LPC17xx/Debug/libCMSISv2p00_LPC17xx.a(lpc17xx_adc.o)
 .group         0x0000000000000000        0xc /home/bruno/Documents/Facultad/Electrónica Digital III/ED3_Drivers/CMSISv2p00_LPC17xx/Debug/libCMSISv2p00_LPC17xx.a(lpc17xx_adc.o)
 .group         0x0000000000000000        0xc /home/bruno/Documents/Facultad/Electrónica Digital III/ED3_Drivers/CMSISv2p00_LPC17xx/Debug/libCMSISv2p00_LPC17xx.a(lpc17xx_adc.o)
 .group         0x0000000000000000        0xc /home/bruno/Documents/Facultad/Electrónica Digital III/ED3_Drivers/CMSISv2p00_LPC17xx/Debug/libCMSISv2p00_LPC17xx.a(lpc17xx_adc.o)
 .text          0x0000000000000000        0x0 /home/bruno/Documents/Facultad/Electrónica Digital III/ED3_Drivers/CMSISv2p00_LPC17xx/Debug/libCMSISv2p00_LPC17xx.a(lpc17xx_adc.o)
 .data          0x0000000000000000        0x0 /home/bruno/Documents/Facultad/Electrónica Digital III/ED3_Drivers/CMSISv2p00_LPC17xx/Debug/libCMSISv2p00_LPC17xx.a(lpc17xx_adc.o)
 .bss           0x0000000000000000        0x0 /home/bruno/Documents/Facultad/Electrónica Digital III/ED3_Drivers/CMSISv2p00_LPC17xx/Debug/libCMSISv2p00_LPC17xx.a(lpc17xx_adc.o)
 .text.ADC_DeInit
                0x0000000000000000       0x30 /home/bruno/Documents/Facultad/Electrónica Digital III/ED3_Drivers/CMSISv2p00_LPC17xx/Debug/libCMSISv2p00_LPC17xx.a(lpc17xx_adc.o)
 .text.ADC_GetData
                0x0000000000000000       0x10 /home/bruno/Documents/Facultad/Electrónica Digital III/ED3_Drivers/CMSISv2p00_LPC17xx/Debug/libCMSISv2p00_LPC17xx.a(lpc17xx_adc.o)
 .text.ADC_BurstCmd
                0x0000000000000000       0x30 /home/bruno/Documents/Facultad/Electrónica Digital III/ED3_Drivers/CMSISv2p00_LPC17xx/Debug/libCMSISv2p00_LPC17xx.a(lpc17xx_adc.o)
 .text.ADC_PowerdownCmd
                0x0000000000000000       0x30 /home/bruno/Documents/Facultad/Electrónica Digital III/ED3_Drivers/CMSISv2p00_LPC17xx/Debug/libCMSISv2p00_LPC17xx.a(lpc17xx_adc.o)
 .text.ADC_EdgeStartConfig
                0x0000000000000000       0x3c /home/bruno/Documents/Facultad/Electrónica Digital III/ED3_Drivers/CMSISv2p00_LPC17xx/Debug/libCMSISv2p00_LPC17xx.a(lpc17xx_adc.o)
 .text.ADC_ChannelGetData
                0x0000000000000000       0x28 /home/bruno/Documents/Facultad/Electrónica Digital III/ED3_Drivers/CMSISv2p00_LPC17xx/Debug/libCMSISv2p00_LPC17xx.a(lpc17xx_adc.o)
 .text.ADC_ChannelGetStatus
                0x0000000000000000       0x48 /home/bruno/Documents/Facultad/Electrónica Digital III/ED3_Drivers/CMSISv2p00_LPC17xx/Debug/libCMSISv2p00_LPC17xx.a(lpc17xx_adc.o)
 .text.ADC_GlobalGetData
                0x0000000000000000       0x20 /home/bruno/Documents/Facultad/Electrónica Digital III/ED3_Drivers/CMSISv2p00_LPC17xx/Debug/libCMSISv2p00_LPC17xx.a(lpc17xx_adc.o)
 .text.ADC_GlobalGetStatus
                0x0000000000000000       0x44 /home/bruno/Documents/Facultad/Electrónica Digital III/ED3_Drivers/CMSISv2p00_LPC17xx/Debug/libCMSISv2p00_LPC17xx.a(lpc17xx_adc.o)
 .debug_macro   0x0000000000000000      0xa78 /home/bruno/Documents/Facultad/Electrónica Digital III/ED3_Drivers/CMSISv2p00_LPC17xx/Debug/libCMSISv2p00_LPC17xx.a(lpc17xx_adc.o)
 .debug_macro   0x0000000000000000       0x1c /home/bruno/Documents/Facultad/Electrónica Digital III/ED3_Drivers/CMSISv2p00_LPC17xx/Debug/libCMSISv2p00_LPC17xx.a(lpc17xx_adc.o)
 .debug_macro   0x0000000000000000       0x2e /home/bruno/Documents/Facultad/Electrónica Digital III/ED3_Drivers/CMSISv2p00_LPC17xx/Debug/libCMSISv2p00_LPC17xx.a(lpc17xx_adc.o)
 .debug_macro   0x0000000000000000       0x10 /home/bruno/Documents/Facultad/Electrónica Digital III/ED3_Drivers/CMSISv2p00_LPC17xx/Debug/libCMSISv2p00_LPC17xx.a(lpc17xx_adc.o)
 .debug_macro   0x0000000000000000      0x12e /home/bruno/Documents/Facultad/Electrónica Digital III/ED3_Drivers/CMSISv2p00_LPC17xx/Debug/libCMSISv2p00_LPC17xx.a(lpc17xx_adc.o)
 .debug_macro   0x0000000000000000      0x5b3 /home/bruno/Documents/Facultad/Electrónica Digital III/ED3_Drivers/CMSISv2p00_LPC17xx/Debug/libCMSISv2p00_LPC17xx.a(lpc17xx_adc.o)
 .debug_macro   0x0000000000000000       0x18 /home/bruno/Documents/Facultad/Electrónica Digital III/ED3_Drivers/CMSISv2p00_LPC17xx/Debug/libCMSISv2p00_LPC17xx.a(lpc17xx_adc.o)
 .debug_macro   0x0000000000000000      0x7af /home/bruno/Documents/Facultad/Electrónica Digital III/ED3_Drivers/CMSISv2p00_LPC17xx/Debug/libCMSISv2p00_LPC17xx.a(lpc17xx_adc.o)
 .debug_macro   0x0000000000000000      0x2c7 /home/bruno/Documents/Facultad/Electrónica Digital III/ED3_Drivers/CMSISv2p00_LPC17xx/Debug/libCMSISv2p00_LPC17xx.a(lpc17xx_adc.o)
 .debug_macro   0x0000000000000000       0x63 /home/bruno/Documents/Facultad/Electrónica Digital III/ED3_Drivers/CMSISv2p00_LPC17xx/Debug/libCMSISv2p00_LPC17xx.a(lpc17xx_adc.o)
 .debug_macro   0x0000000000000000       0xe5 /home/bruno/Documents/Facultad/Electrónica Digital III/ED3_Drivers/CMSISv2p00_LPC17xx/Debug/libCMSISv2p00_LPC17xx.a(lpc17xx_adc.o)
 .group         0x0000000000000000        0xc /home/bruno/Documents/Facultad/Electrónica Digital III/ED3_Drivers/CMSISv2p00_LPC17xx/Debug/libCMSISv2p00_LPC17xx.a(lpc17xx_clkpwr.o)
 .group         0x0000000000000000        0xc /home/bruno/Documents/Facultad/Electrónica Digital III/ED3_Drivers/CMSISv2p00_LPC17xx/Debug/libCMSISv2p00_LPC17xx.a(lpc17xx_clkpwr.o)
 .group         0x0000000000000000        0xc /home/bruno/Documents/Facultad/Electrónica Digital III/ED3_Drivers/CMSISv2p00_LPC17xx/Debug/libCMSISv2p00_LPC17xx.a(lpc17xx_clkpwr.o)
 .group         0x0000000000000000        0xc /home/bruno/Documents/Facultad/Electrónica Digital III/ED3_Drivers/CMSISv2p00_LPC17xx/Debug/libCMSISv2p00_LPC17xx.a(lpc17xx_clkpwr.o)
 .group         0x0000000000000000        0xc /home/bruno/Documents/Facultad/Electrónica Digital III/ED3_Drivers/CMSISv2p00_LPC17xx/Debug/libCMSISv2p00_LPC17xx.a(lpc17xx_clkpwr.o)
 .group         0x0000000000000000        0xc /home/bruno/Documents/Facultad/Electrónica Digital III/ED3_Drivers/CMSISv2p00_LPC17xx/Debug/libCMSISv2p00_LPC17xx.a(lpc17xx_clkpwr.o)
 .group         0x0000000000000000        0xc /home/bruno/Documents/Facultad/Electrónica Digital III/ED3_Drivers/CMSISv2p00_LPC17xx/Debug/libCMSISv2p00_LPC17xx.a(lpc17xx_clkpwr.o)
 .group         0x0000000000000000        0xc /home/bruno/Documents/Facultad/Electrónica Digital III/ED3_Drivers/CMSISv2p00_LPC17xx/Debug/libCMSISv2p00_LPC17xx.a(lpc17xx_clkpwr.o)
 .group         0x0000000000000000        0xc /home/bruno/Documents/Facultad/Electrónica Digital III/ED3_Drivers/CMSISv2p00_LPC17xx/Debug/libCMSISv2p00_LPC17xx.a(lpc17xx_clkpwr.o)
 .group         0x0000000000000000        0xc /home/bruno/Documents/Facultad/Electrónica Digital III/ED3_Drivers/CMSISv2p00_LPC17xx/Debug/libCMSISv2p00_LPC17xx.a(lpc17xx_clkpwr.o)
 .group         0x0000000000000000        0xc /home/bruno/Documents/Facultad/Electrónica Digital III/ED3_Drivers/CMSISv2p00_LPC17xx/Debug/libCMSISv2p00_LPC17xx.a(lpc17xx_clkpwr.o)
 .text          0x0000000000000000        0x0 /home/bruno/Documents/Facultad/Electrónica Digital III/ED3_Drivers/CMSISv2p00_LPC17xx/Debug/libCMSISv2p00_LPC17xx.a(lpc17xx_clkpwr.o)
 .data          0x0000000000000000        0x0 /home/bruno/Documents/Facultad/Electrónica Digital III/ED3_Drivers/CMSISv2p00_LPC17xx/Debug/libCMSISv2p00_LPC17xx.a(lpc17xx_clkpwr.o)
 .bss           0x0000000000000000        0x0 /home/bruno/Documents/Facultad/Electrónica Digital III/ED3_Drivers/CMSISv2p00_LPC17xx/Debug/libCMSISv2p00_LPC17xx.a(lpc17xx_clkpwr.o)
 .text.CLKPWR_SetPCLKDiv
                0x0000000000000000       0x4c /home/bruno/Documents/Facultad/Electrónica Digital III/ED3_Drivers/CMSISv2p00_LPC17xx/Debug/libCMSISv2p00_LPC17xx.a(lpc17xx_clkpwr.o)
 .text.CLKPWR_Sleep
                0x0000000000000000       0x10 /home/bruno/Documents/Facultad/Electrónica Digital III/ED3_Drivers/CMSISv2p00_LPC17xx/Debug/libCMSISv2p00_LPC17xx.a(lpc17xx_clkpwr.o)
 .text.CLKPWR_DeepSleep
                0x0000000000000000       0x1c /home/bruno/Documents/Facultad/Electrónica Digital III/ED3_Drivers/CMSISv2p00_LPC17xx/Debug/libCMSISv2p00_LPC17xx.a(lpc17xx_clkpwr.o)
 .text.CLKPWR_PowerDown
                0x0000000000000000       0x1c /home/bruno/Documents/Facultad/Electrónica Digital III/ED3_Drivers/CMSISv2p00_LPC17xx/Debug/libCMSISv2p00_LPC17xx.a(lpc17xx_clkpwr.o)
 .text.CLKPWR_DeepPowerDown
                0x0000000000000000       0x1c /home/bruno/Documents/Facultad/Electrónica Digital III/ED3_Drivers/CMSISv2p00_LPC17xx/Debug/libCMSISv2p00_LPC17xx.a(lpc17xx_clkpwr.o)
 .debug_macro   0x0000000000000000      0xa78 /home/bruno/Documents/Facultad/Electrónica Digital III/ED3_Drivers/CMSISv2p00_LPC17xx/Debug/libCMSISv2p00_LPC17xx.a(lpc17xx_clkpwr.o)
 .debug_macro   0x0000000000000000       0x1c /home/bruno/Documents/Facultad/Electrónica Digital III/ED3_Drivers/CMSISv2p00_LPC17xx/Debug/libCMSISv2p00_LPC17xx.a(lpc17xx_clkpwr.o)
 .debug_macro   0x0000000000000000       0x2e /home/bruno/Documents/Facultad/Electrónica Digital III/ED3_Drivers/CMSISv2p00_LPC17xx/Debug/libCMSISv2p00_LPC17xx.a(lpc17xx_clkpwr.o)
 .debug_macro   0x0000000000000000       0x10 /home/bruno/Documents/Facultad/Electrónica Digital III/ED3_Drivers/CMSISv2p00_LPC17xx/Debug/libCMSISv2p00_LPC17xx.a(lpc17xx_clkpwr.o)
 .debug_macro   0x0000000000000000      0x12e /home/bruno/Documents/Facultad/Electrónica Digital III/ED3_Drivers/CMSISv2p00_LPC17xx/Debug/libCMSISv2p00_LPC17xx.a(lpc17xx_clkpwr.o)
 .debug_macro   0x0000000000000000      0x5b3 /home/bruno/Documents/Facultad/Electrónica Digital III/ED3_Drivers/CMSISv2p00_LPC17xx/Debug/libCMSISv2p00_LPC17xx.a(lpc17xx_clkpwr.o)
 .debug_macro   0x0000000000000000       0x18 /home/bruno/Documents/Facultad/Electrónica Digital III/ED3_Drivers/CMSISv2p00_LPC17xx/Debug/libCMSISv2p00_LPC17xx.a(lpc17xx_clkpwr.o)
 .debug_macro   0x0000000000000000      0x7af /home/bruno/Documents/Facultad/Electrónica Digital III/ED3_Drivers/CMSISv2p00_LPC17xx/Debug/libCMSISv2p00_LPC17xx.a(lpc17xx_clkpwr.o)
 .debug_macro   0x0000000000000000      0x2c7 /home/bruno/Documents/Facultad/Electrónica Digital III/ED3_Drivers/CMSISv2p00_LPC17xx/Debug/libCMSISv2p00_LPC17xx.a(lpc17xx_clkpwr.o)
 .debug_macro   0x0000000000000000       0x63 /home/bruno/Documents/Facultad/Electrónica Digital III/ED3_Drivers/CMSISv2p00_LPC17xx/Debug/libCMSISv2p00_LPC17xx.a(lpc17xx_clkpwr.o)
 .group         0x0000000000000000        0xc /home/bruno/Documents/Facultad/Electrónica Digital III/ED3_Drivers/CMSISv2p00_LPC17xx/Debug/libCMSISv2p00_LPC17xx.a(lpc17xx_libcfg_default.o)
 .group         0x0000000000000000        0xc /home/bruno/Documents/Facultad/Electrónica Digital III/ED3_Drivers/CMSISv2p00_LPC17xx/Debug/libCMSISv2p00_LPC17xx.a(lpc17xx_libcfg_default.o)
 .group         0x0000000000000000        0xc /home/bruno/Documents/Facultad/Electrónica Digital III/ED3_Drivers/CMSISv2p00_LPC17xx/Debug/libCMSISv2p00_LPC17xx.a(lpc17xx_libcfg_default.o)
 .group         0x0000000000000000        0xc /home/bruno/Documents/Facultad/Electrónica Digital III/ED3_Drivers/CMSISv2p00_LPC17xx/Debug/libCMSISv2p00_LPC17xx.a(lpc17xx_libcfg_default.o)
 .group         0x0000000000000000        0xc /home/bruno/Documents/Facultad/Electrónica Digital III/ED3_Drivers/CMSISv2p00_LPC17xx/Debug/libCMSISv2p00_LPC17xx.a(lpc17xx_libcfg_default.o)
 .group         0x0000000000000000        0xc /home/bruno/Documents/Facultad/Electrónica Digital III/ED3_Drivers/CMSISv2p00_LPC17xx/Debug/libCMSISv2p00_LPC17xx.a(lpc17xx_libcfg_default.o)
 .text          0x0000000000000000        0x0 /home/bruno/Documents/Facultad/Electrónica Digital III/ED3_Drivers/CMSISv2p00_LPC17xx/Debug/libCMSISv2p00_LPC17xx.a(lpc17xx_libcfg_default.o)
 .data          0x0000000000000000        0x0 /home/bruno/Documents/Facultad/Electrónica Digital III/ED3_Drivers/CMSISv2p00_LPC17xx/Debug/libCMSISv2p00_LPC17xx.a(lpc17xx_libcfg_default.o)
 .bss           0x0000000000000000        0x0 /home/bruno/Documents/Facultad/Electrónica Digital III/ED3_Drivers/CMSISv2p00_LPC17xx/Debug/libCMSISv2p00_LPC17xx.a(lpc17xx_libcfg_default.o)
 .debug_macro   0x0000000000000000      0xa78 /home/bruno/Documents/Facultad/Electrónica Digital III/ED3_Drivers/CMSISv2p00_LPC17xx/Debug/libCMSISv2p00_LPC17xx.a(lpc17xx_libcfg_default.o)
 .debug_macro   0x0000000000000000       0x10 /home/bruno/Documents/Facultad/Electrónica Digital III/ED3_Drivers/CMSISv2p00_LPC17xx/Debug/libCMSISv2p00_LPC17xx.a(lpc17xx_libcfg_default.o)
 .debug_macro   0x0000000000000000      0x12e /home/bruno/Documents/Facultad/Electrónica Digital III/ED3_Drivers/CMSISv2p00_LPC17xx/Debug/libCMSISv2p00_LPC17xx.a(lpc17xx_libcfg_default.o)
 .debug_macro   0x0000000000000000      0x5b3 /home/bruno/Documents/Facultad/Electrónica Digital III/ED3_Drivers/CMSISv2p00_LPC17xx/Debug/libCMSISv2p00_LPC17xx.a(lpc17xx_libcfg_default.o)
 .group         0x0000000000000000        0xc /home/bruno/Documents/Facultad/Electrónica Digital III/ED3_Drivers/CMSISv2p00_LPC17xx/Debug/libCMSISv2p00_LPC17xx.a(lpc17xx_pinsel.o)
 .group         0x0000000000000000        0xc /home/bruno/Documents/Facultad/Electrónica Digital III/ED3_Drivers/CMSISv2p00_LPC17xx/Debug/libCMSISv2p00_LPC17xx.a(lpc17xx_pinsel.o)
 .group         0x0000000000000000        0xc /home/bruno/Documents/Facultad/Electrónica Digital III/ED3_Drivers/CMSISv2p00_LPC17xx/Debug/libCMSISv2p00_LPC17xx.a(lpc17xx_pinsel.o)
 .group         0x0000000000000000        0xc /home/bruno/Documents/Facultad/Electrónica Digital III/ED3_Drivers/CMSISv2p00_LPC17xx/Debug/libCMSISv2p00_LPC17xx.a(lpc17xx_pinsel.o)
 .group         0x0000000000000000        0xc /home/bruno/Documents/Facultad/Electrónica Digital III/ED3_Drivers/CMSISv2p00_LPC17xx/Debug/libCMSISv2p00_LPC17xx.a(lpc17xx_pinsel.o)
 .group         0x0000000000000000        0xc /home/bruno/Documents/Facultad/Electrónica Digital III/ED3_Drivers/CMSISv2p00_LPC17xx/Debug/libCMSISv2p00_LPC17xx.a(lpc17xx_pinsel.o)
 .group         0x0000000000000000        0xc /home/bruno/Documents/Facultad/Electrónica Digital III/ED3_Drivers/CMSISv2p00_LPC17xx/Debug/libCMSISv2p00_LPC17xx.a(lpc17xx_pinsel.o)
 .group         0x0000000000000000        0xc /home/bruno/Documents/Facultad/Electrónica Digital III/ED3_Drivers/CMSISv2p00_LPC17xx/Debug/libCMSISv2p00_LPC17xx.a(lpc17xx_pinsel.o)
 .group         0x0000000000000000        0xc /home/bruno/Documents/Facultad/Electrónica Digital III/ED3_Drivers/CMSISv2p00_LPC17xx/Debug/libCMSISv2p00_LPC17xx.a(lpc17xx_pinsel.o)
 .group         0x0000000000000000        0xc /home/bruno/Documents/Facultad/Electrónica Digital III/ED3_Drivers/CMSISv2p00_LPC17xx/Debug/libCMSISv2p00_LPC17xx.a(lpc17xx_pinsel.o)
 .group         0x0000000000000000        0xc /home/bruno/Documents/Facultad/Electrónica Digital III/ED3_Drivers/CMSISv2p00_LPC17xx/Debug/libCMSISv2p00_LPC17xx.a(lpc17xx_pinsel.o)
 .text          0x0000000000000000        0x0 /home/bruno/Documents/Facultad/Electrónica Digital III/ED3_Drivers/CMSISv2p00_LPC17xx/Debug/libCMSISv2p00_LPC17xx.a(lpc17xx_pinsel.o)
 .data          0x0000000000000000        0x0 /home/bruno/Documents/Facultad/Electrónica Digital III/ED3_Drivers/CMSISv2p00_LPC17xx/Debug/libCMSISv2p00_LPC17xx.a(lpc17xx_pinsel.o)
 .bss           0x0000000000000000        0x0 /home/bruno/Documents/Facultad/Electrónica Digital III/ED3_Drivers/CMSISv2p00_LPC17xx/Debug/libCMSISv2p00_LPC17xx.a(lpc17xx_pinsel.o)
 .text.PINSEL_ConfigTraceFunc
                0x0000000000000000       0x24 /home/bruno/Documents/Facultad/Electrónica Digital III/ED3_Drivers/CMSISv2p00_LPC17xx/Debug/libCMSISv2p00_LPC17xx.a(lpc17xx_pinsel.o)
 .text.PINSEL_SetI2C0Pins
                0x0000000000000000       0x18 /home/bruno/Documents/Facultad/Electrónica Digital III/ED3_Drivers/CMSISv2p00_LPC17xx/Debug/libCMSISv2p00_LPC17xx.a(lpc17xx_pinsel.o)
 .debug_macro   0x0000000000000000      0xa78 /home/bruno/Documents/Facultad/Electrónica Digital III/ED3_Drivers/CMSISv2p00_LPC17xx/Debug/libCMSISv2p00_LPC17xx.a(lpc17xx_pinsel.o)
 .debug_macro   0x0000000000000000       0x1c /home/bruno/Documents/Facultad/Electrónica Digital III/ED3_Drivers/CMSISv2p00_LPC17xx/Debug/libCMSISv2p00_LPC17xx.a(lpc17xx_pinsel.o)
 .debug_macro   0x0000000000000000       0x2e /home/bruno/Documents/Facultad/Electrónica Digital III/ED3_Drivers/CMSISv2p00_LPC17xx/Debug/libCMSISv2p00_LPC17xx.a(lpc17xx_pinsel.o)
 .debug_macro   0x0000000000000000       0x10 /home/bruno/Documents/Facultad/Electrónica Digital III/ED3_Drivers/CMSISv2p00_LPC17xx/Debug/libCMSISv2p00_LPC17xx.a(lpc17xx_pinsel.o)
 .debug_macro   0x0000000000000000      0x12e /home/bruno/Documents/Facultad/Electrónica Digital III/ED3_Drivers/CMSISv2p00_LPC17xx/Debug/libCMSISv2p00_LPC17xx.a(lpc17xx_pinsel.o)
 .debug_macro   0x0000000000000000      0x5b3 /home/bruno/Documents/Facultad/Electrónica Digital III/ED3_Drivers/CMSISv2p00_LPC17xx/Debug/libCMSISv2p00_LPC17xx.a(lpc17xx_pinsel.o)
 .debug_macro   0x0000000000000000       0x18 /home/bruno/Documents/Facultad/Electrónica Digital III/ED3_Drivers/CMSISv2p00_LPC17xx/Debug/libCMSISv2p00_LPC17xx.a(lpc17xx_pinsel.o)
 .debug_macro   0x0000000000000000      0x7af /home/bruno/Documents/Facultad/Electrónica Digital III/ED3_Drivers/CMSISv2p00_LPC17xx/Debug/libCMSISv2p00_LPC17xx.a(lpc17xx_pinsel.o)
 .debug_macro   0x0000000000000000      0x2c7 /home/bruno/Documents/Facultad/Electrónica Digital III/ED3_Drivers/CMSISv2p00_LPC17xx/Debug/libCMSISv2p00_LPC17xx.a(lpc17xx_pinsel.o)
 .debug_macro   0x0000000000000000       0x63 /home/bruno/Documents/Facultad/Electrónica Digital III/ED3_Drivers/CMSISv2p00_LPC17xx/Debug/libCMSISv2p00_LPC17xx.a(lpc17xx_pinsel.o)
 .text          0x0000000000000000        0x0 /usr/local/mcuxpressoide-11.6.0_8187/ide/plugins/com.nxp.mcuxpresso.tools.linux_11.6.0.202112161359/tools/bin/../lib/gcc/arm-none-eabi/10.3.1/../../../../arm-none-eabi/lib/thumb/v7-m/nofp/libcr_c.a(__weak__main.o)
 .data          0x0000000000000000        0x0 /usr/local/mcuxpressoide-11.6.0_8187/ide/plugins/com.nxp.mcuxpresso.tools.linux_11.6.0.202112161359/tools/bin/../lib/gcc/arm-none-eabi/10.3.1/../../../../arm-none-eabi/lib/thumb/v7-m/nofp/libcr_c.a(__weak__main.o)
 .bss           0x0000000000000000        0x0 /usr/local/mcuxpressoide-11.6.0_8187/ide/plugins/com.nxp.mcuxpresso.tools.linux_11.6.0.202112161359/tools/bin/../lib/gcc/arm-none-eabi/10.3.1/../../../../arm-none-eabi/lib/thumb/v7-m/nofp/libcr_c.a(__weak__main.o)
 .text          0x0000000000000000        0x0 /usr/local/mcuxpressoide-11.6.0_8187/ide/plugins/com.nxp.mcuxpresso.tools.linux_11.6.0.202112161359/tools/bin/../lib/gcc/arm-none-eabi/10.3.1/thumb/v7-m/nofp/libcr_eabihelpers.a(division_64.o)
 .data          0x0000000000000000        0x0 /usr/local/mcuxpressoide-11.6.0_8187/ide/plugins/com.nxp.mcuxpresso.tools.linux_11.6.0.202112161359/tools/bin/../lib/gcc/arm-none-eabi/10.3.1/thumb/v7-m/nofp/libcr_eabihelpers.a(division_64.o)
 .bss           0x0000000000000000        0x0 /usr/local/mcuxpressoide-11.6.0_8187/ide/plugins/com.nxp.mcuxpresso.tools.linux_11.6.0.202112161359/tools/bin/../lib/gcc/arm-none-eabi/10.3.1/thumb/v7-m/nofp/libcr_eabihelpers.a(division_64.o)
 .text.__aeabi_division_ldivmod
                0x0000000000000000       0x26 /usr/local/mcuxpressoide-11.6.0_8187/ide/plugins/com.nxp.mcuxpresso.tools.linux_11.6.0.202112161359/tools/bin/../lib/gcc/arm-none-eabi/10.3.1/thumb/v7-m/nofp/libcr_eabihelpers.a(division_64.o)
 .text.__aeabi_division_uldivmod
                0x0000000000000000      0x174 /usr/local/mcuxpressoide-11.6.0_8187/ide/plugins/com.nxp.mcuxpresso.tools.linux_11.6.0.202112161359/tools/bin/../lib/gcc/arm-none-eabi/10.3.1/thumb/v7-m/nofp/libcr_eabihelpers.a(division_64.o)
 .ARM.attributes
                0x0000000000000000       0x1b /usr/local/mcuxpressoide-11.6.0_8187/ide/plugins/com.nxp.mcuxpresso.tools.linux_11.6.0.202112161359/tools/bin/../lib/gcc/arm-none-eabi/10.3.1/thumb/v7-m/nofp/libcr_eabihelpers.a(division_64.o)
 .text          0x0000000000000000        0x0 /usr/local/mcuxpressoide-11.6.0_8187/ide/plugins/com.nxp.mcuxpresso.tools.linux_11.6.0.202112161359/tools/bin/../lib/gcc/arm-none-eabi/10.3.1/thumb/v7-m/nofp/libcr_eabihelpers.a(division_idiv0.o)
 .data          0x0000000000000000        0x0 /usr/local/mcuxpressoide-11.6.0_8187/ide/plugins/com.nxp.mcuxpresso.tools.linux_11.6.0.202112161359/tools/bin/../lib/gcc/arm-none-eabi/10.3.1/thumb/v7-m/nofp/libcr_eabihelpers.a(division_idiv0.o)
 .bss           0x0000000000000000        0x0 /usr/local/mcuxpressoide-11.6.0_8187/ide/plugins/com.nxp.mcuxpresso.tools.linux_11.6.0.202112161359/tools/bin/../lib/gcc/arm-none-eabi/10.3.1/thumb/v7-m/nofp/libcr_eabihelpers.a(division_idiv0.o)
 .text.__aeabi_division_idiv0
                0x0000000000000000        0x2 /usr/local/mcuxpressoide-11.6.0_8187/ide/plugins/com.nxp.mcuxpresso.tools.linux_11.6.0.202112161359/tools/bin/../lib/gcc/arm-none-eabi/10.3.1/thumb/v7-m/nofp/libcr_eabihelpers.a(division_idiv0.o)
 .ARM.attributes
                0x0000000000000000       0x1b /usr/local/mcuxpressoide-11.6.0_8187/ide/plugins/com.nxp.mcuxpresso.tools.linux_11.6.0.202112161359/tools/bin/../lib/gcc/arm-none-eabi/10.3.1/thumb/v7-m/nofp/libcr_eabihelpers.a(division_idiv0.o)

Memory Configuration

Name             Origin             Length             Attributes
MFlash512        0x0000000000000000 0x0000000000080000 xr
RamLoc32         0x0000000010000000 0x0000000000008000 xrw
RamAHB32         0x000000002007c000 0x0000000000008000 xrw
*default*        0x0000000000000000 0xffffffffffffffff

Linker script and memory map

LOAD ./src/EjemploADC_Driver.o
LOAD ./src/cr_startup_lpc175x_6x.o
LOAD ./src/crp.o
LOAD /home/bruno/Documents/Facultad/Electrónica Digital III/ED3_Drivers/CMSISv2p00_LPC17xx/Debug/libCMSISv2p00_LPC17xx.a
START GROUP
LOAD /usr/local/mcuxpressoide-11.6.0_8187/ide/plugins/com.nxp.mcuxpresso.tools.linux_11.6.0.202112161359/tools/bin/../lib/gcc/arm-none-eabi/10.3.1/../../../../arm-none-eabi/lib/thumb/v7-m/nofp/libcr_c.a
LOAD /usr/local/mcuxpressoide-11.6.0_8187/ide/plugins/com.nxp.mcuxpresso.tools.linux_11.6.0.202112161359/tools/bin/../lib/gcc/arm-none-eabi/10.3.1/thumb/v7-m/nofp/libcr_eabihelpers.a
LOAD /usr/local/mcuxpressoide-11.6.0_8187/ide/plugins/com.nxp.mcuxpresso.tools.linux_11.6.0.202112161359/tools/bin/../lib/gcc/arm-none-eabi/10.3.1/thumb/v7-m/nofp/libgcc.a
END GROUP
                0x0000000000000000                __base_MFlash512 = 0x0
                0x0000000000000000                __base_Flash = 0x0
                0x0000000000080000                __top_MFlash512 = 0x80000
                0x0000000000080000                __top_Flash = 0x80000
                0x0000000010000000                __base_RamLoc32 = 0x10000000
                0x0000000010000000                __base_RAM = 0x10000000
                0x0000000010008000                __top_RamLoc32 = 0x10008000
                0x0000000010008000                __top_RAM = 0x10008000
                0x000000002007c000                __base_RamAHB32 = 0x2007c000
                0x000000002007c000                __base_RAM2 = 0x2007c000
                0x0000000020084000                __top_RamAHB32 = 0x20084000
                0x0000000020084000                __top_RAM2 = 0x20084000

.text           0x0000000000000000      0x710
 FILL mask 0xff
                0x0000000000000000                __vectors_start__ = ABSOLUTE (.)
 *(.isr_vector)
 .isr_vector    0x0000000000000000       0xcc ./src/cr_startup_lpc175x_6x.o
                0x0000000000000000                g_pfnVectors
                0x00000000000000cc                . = ALIGN (0x4)
                0x00000000000000cc                __section_table_start = .
                0x00000000000000cc                __data_section_table = .
                0x00000000000000cc        0x4 LONG 0x710 LOADADDR (.data)
                0x00000000000000d0        0x4 LONG 0x10000000 ADDR (.data)
                0x00000000000000d4        0x4 LONG 0x4 SIZEOF (.data)
                0x00000000000000d8        0x4 LONG 0x710 LOADADDR (.data_RAM2)
                0x00000000000000dc        0x4 LONG 0x2007c000 ADDR (.data_RAM2)
                0x00000000000000e0        0x4 LONG 0x0 SIZEOF (.data_RAM2)
                0x00000000000000e4                __data_section_table_end = .
                0x00000000000000e4                __bss_section_table = .
                0x00000000000000e4        0x4 LONG 0x10000004 ADDR (.bss)
                0x00000000000000e8        0x4 LONG 0x0 SIZEOF (.bss)
                0x00000000000000ec        0x4 LONG 0x2007c000 ADDR (.bss_RAM2)
                0x00000000000000f0        0x4 LONG 0x0 SIZEOF (.bss_RAM2)
                0x00000000000000f4                __bss_section_table_end = .
                0x00000000000000f4                __section_table_end = .
 *(.after_vectors*)
 .after_vectors
                0x00000000000000f4      0x130 ./src/cr_startup_lpc175x_6x.o
                0x00000000000000f4                data_init
                0x0000000000000138                bss_init
                0x0000000000000170                ResetISR
                0x00000000000001e8                NMI_Handler
                0x00000000000001ee                HardFault_Handler
                0x00000000000001f4                MemManage_Handler
                0x00000000000001fa                BusFault_Handler
                0x0000000000000200                UsageFault_Handler
                0x0000000000000206                SVC_Handler
                0x000000000000020c                DebugMon_Handler
                0x0000000000000212                PendSV_Handler
                0x0000000000000218                SysTick_Handler
                0x000000000000021e                TIMER2_IRQHandler
                0x000000000000021e                RIT_IRQHandler
                0x000000000000021e                I2C0_IRQHandler
                0x000000000000021e                USBActivity_IRQHandler
                0x000000000000021e                PWM1_IRQHandler
                0x000000000000021e                I2C1_IRQHandler
                0x000000000000021e                EINT2_IRQHandler
                0x000000000000021e                UART1_IRQHandler
                0x000000000000021e                EINT3_IRQHandler
                0x000000000000021e                CANActivity_IRQHandler
                0x000000000000021e                TIMER3_IRQHandler
                0x000000000000021e                UART0_IRQHandler
                0x000000000000021e                IntDefaultHandler
                0x000000000000021e                PLL0_IRQHandler
                0x000000000000021e                CAN_IRQHandler
                0x000000000000021e                PLL1_IRQHandler
                0x000000000000021e                SSP0_IRQHandler
                0x000000000000021e                I2S_IRQHandler
                0x000000000000021e                I2C2_IRQHandler
                0x000000000000021e                RTC_IRQHandler
                0x000000000000021e                TIMER0_IRQHandler
                0x000000000000021e                SPI_IRQHandler
                0x000000000000021e                EINT1_IRQHandler
                0x000000000000021e                TIMER1_IRQHandler
                0x000000000000021e                UART2_IRQHandler
                0x000000000000021e                ADC_IRQHandler
                0x000000000000021e                SSP1_IRQHandler
                0x000000000000021e                USB_IRQHandler
                0x000000000000021e                BOD_IRQHandler
                0x000000000000021e                WDT_IRQHandler
                0x000000000000021e                QEI_IRQHandler
                0x000000000000021e                EINT0_IRQHandler
                0x000000000000021e                DMA_IRQHandler
                0x000000000000021e                UART3_IRQHandler
                0x000000000000021e                MCPWM_IRQHandler
                0x000000000000021e                ENET_IRQHandler
                0x00000000000002fc                . = 0x2fc
 *fill*         0x0000000000000224       0xd8 ff
                0x00000000000002fc                PROVIDE (__CRP_WORD_START__ = .)
 *(.crp)
 .crp           0x00000000000002fc        0x4 ./src/crp.o
                0x00000000000002fc                CRP_WORD
                0x0000000000000300                PROVIDE (__CRP_WORD_END__ = .)
                0x0000000000000001                ASSERT (! ((__CRP_WORD_START__ == __CRP_WORD_END__)), Linker CRP Enabled, but no CRP_WORD provided within application)
 *(.text*)
 .text.NVIC_EnableIRQ
                0x0000000000000300       0x30 ./src/EjemploADC_Driver.o
 .text.NVIC_SetPriority
                0x0000000000000330       0x54 ./src/EjemploADC_Driver.o
 .text.main     0x0000000000000384       0x3c ./src/EjemploADC_Driver.o
                0x0000000000000384                main
 .text.configPin
                0x00000000000003c0       0x2a ./src/EjemploADC_Driver.o
                0x00000000000003c0                configPin
 *fill*         0x00000000000003ea        0x2 ff
 .text.configADC
                0x00000000000003ec       0x34 ./src/EjemploADC_Driver.o
                0x00000000000003ec                configADC
 .text.SystemInit
                0x0000000000000420       0xd8 /home/bruno/Documents/Facultad/Electrónica Digital III/ED3_Drivers/CMSISv2p00_LPC17xx/Debug/libCMSISv2p00_LPC17xx.a(system_LPC17xx.o)
                0x0000000000000420                SystemInit
 .text.ADC_Init
                0x00000000000004f8       0x58 /home/bruno/Documents/Facultad/Electrónica Digital III/ED3_Drivers/CMSISv2p00_LPC17xx/Debug/libCMSISv2p00_LPC17xx.a(lpc17xx_adc.o)
                0x00000000000004f8                ADC_Init
 .text.ADC_StartCmd
                0x0000000000000550       0x3c /home/bruno/Documents/Facultad/Electrónica Digital III/ED3_Drivers/CMSISv2p00_LPC17xx/Debug/libCMSISv2p00_LPC17xx.a(lpc17xx_adc.o)
                0x0000000000000550                ADC_StartCmd
 .text.ADC_IntConfig
                0x000000000000058c       0x44 /home/bruno/Documents/Facultad/Electrónica Digital III/ED3_Drivers/CMSISv2p00_LPC17xx/Debug/libCMSISv2p00_LPC17xx.a(lpc17xx_adc.o)
                0x000000000000058c                ADC_IntConfig
 .text.ADC_ChannelCmd
                0x00000000000005d0       0x34 /home/bruno/Documents/Facultad/Electrónica Digital III/ED3_Drivers/CMSISv2p00_LPC17xx/Debug/libCMSISv2p00_LPC17xx.a(lpc17xx_adc.o)
                0x00000000000005d0                ADC_ChannelCmd
 .text.CLKPWR_GetPCLKSEL
                0x0000000000000604       0x20 /home/bruno/Documents/Facultad/Electrónica Digital III/ED3_Drivers/CMSISv2p00_LPC17xx/Debug/libCMSISv2p00_LPC17xx.a(lpc17xx_clkpwr.o)
                0x0000000000000604                CLKPWR_GetPCLKSEL
 .text.CLKPWR_GetPCLK
                0x0000000000000624       0x20 /home/bruno/Documents/Facultad/Electrónica Digital III/ED3_Drivers/CMSISv2p00_LPC17xx/Debug/libCMSISv2p00_LPC17xx.a(lpc17xx_clkpwr.o)
                0x0000000000000624                CLKPWR_GetPCLK
 .text.CLKPWR_ConfigPPWR
                0x0000000000000644       0x34 /home/bruno/Documents/Facultad/Electrónica Digital III/ED3_Drivers/CMSISv2p00_LPC17xx/Debug/libCMSISv2p00_LPC17xx.a(lpc17xx_clkpwr.o)
                0x0000000000000644                CLKPWR_ConfigPPWR
 .text.check_failed
                0x0000000000000678        0x2 /home/bruno/Documents/Facultad/Electrónica Digital III/ED3_Drivers/CMSISv2p00_LPC17xx/Debug/libCMSISv2p00_LPC17xx.a(lpc17xx_libcfg_default.o)
                0x0000000000000678                check_failed
 *fill*         0x000000000000067a        0x2 ff
 .text.PINSEL_ConfigPin
                0x000000000000067c       0x7c /home/bruno/Documents/Facultad/Electrónica Digital III/ED3_Drivers/CMSISv2p00_LPC17xx/Debug/libCMSISv2p00_LPC17xx.a(lpc17xx_pinsel.o)
                0x000000000000067c                PINSEL_ConfigPin
 .text.__weak_main
                0x00000000000006f8        0x4 /usr/local/mcuxpressoide-11.6.0_8187/ide/plugins/com.nxp.mcuxpresso.tools.linux_11.6.0.202112161359/tools/bin/../lib/gcc/arm-none-eabi/10.3.1/../../../../arm-none-eabi/lib/thumb/v7-m/nofp/libcr_c.a(__weak__main.o)
                0x00000000000006f8                __main
                0x00000000000006f8                __weak_main
 *(.rodata .rodata.* .constdata .constdata.*)
 .rodata.ADC_Init.str1.1
                0x00000000000006fc        0xe /home/bruno/Documents/Facultad/Electrónica Digital III/ED3_Drivers/CMSISv2p00_LPC17xx/Debug/libCMSISv2p00_LPC17xx.a(lpc17xx_adc.o)
 .rodata.CSWTCH.5
                0x000000000000070a        0x4 /home/bruno/Documents/Facultad/Electrónica Digital III/ED3_Drivers/CMSISv2p00_LPC17xx/Debug/libCMSISv2p00_LPC17xx.a(lpc17xx_clkpwr.o)
                0x0000000000000710                . = ALIGN (0x4)
 *fill*         0x000000000000070e        0x2 ff

.glue_7         0x0000000000000710        0x0
 .glue_7        0x0000000000000710        0x0 linker stubs

.glue_7t        0x0000000000000710        0x0
 .glue_7t       0x0000000000000710        0x0 linker stubs

.vfp11_veneer   0x0000000000000710        0x0
 .vfp11_veneer  0x0000000000000710        0x0 linker stubs

.v4_bx          0x0000000000000710        0x0
 .v4_bx         0x0000000000000710        0x0 linker stubs

.iplt           0x0000000000000710        0x0
 .iplt          0x0000000000000710        0x0 ./src/EjemploADC_Driver.o

.rel.dyn        0x0000000000000710        0x0
 .rel.iplt      0x0000000000000710        0x0 ./src/EjemploADC_Driver.o

.ARM.extab
 *(.ARM.extab* .gnu.linkonce.armextab.*)

.ARM.exidx      0x0000000000000710        0x0
                0x0000000000000710                __exidx_start = .
 *(.ARM.exidx* .gnu.linkonce.armexidx.*)
                0x0000000000000710                __exidx_end = .
                0x0000000000000710                _etext = .

.data_RAM2      0x000000002007c000        0x0 load address 0x0000000000000710
 FILL mask 0xff
                [!provide]                        PROVIDE (__start_data_RAM2 = .)
                [!provide]                        PROVIDE (__start_data_RamAHB32 = .)
 *(.ramfunc.$RAM2)
 *(.ramfunc.$RamAHB32)
 *(.data.$RAM2)
 *(.data.$RamAHB32)
 *(.data.$RAM2.*)
 *(.data.$RamAHB32.*)
                0x000000002007c000                . = ALIGN (0x4)
                [!provide]                        PROVIDE (__end_data_RAM2 = .)
                [!provide]                        PROVIDE (__end_data_RamAHB32 = .)

.uninit_RESERVED
                0x0000000010000000        0x0
                0x0000000010000000                _start_uninit_RESERVED = .
 *(.bss.$RESERVED*)
                0x0000000010000000                . = ALIGN (0x4)
                0x0000000010000000                _end_uninit_RESERVED = .

.data           0x0000000010000000        0x4 load address 0x0000000000000710
 FILL mask 0xff
                0x0000000010000000                _data = .
                [!provide]                        PROVIDE (__start_data_RAM = .)
                [!provide]                        PROVIDE (__start_data_RamLoc32 = .)
 *(vtable)
 *(.ramfunc*)
 *(CodeQuickAccess)
 *(DataQuickAccess)
 *(RamFunction)
 *(.data*)
 .data.SystemCoreClock
                0x0000000010000000        0x4 /home/bruno/Documents/Facultad/Electrónica Digital III/ED3_Drivers/CMSISv2p00_LPC17xx/Debug/libCMSISv2p00_LPC17xx.a(system_LPC17xx.o)
                0x0000000010000000                SystemCoreClock
                0x0000000010000004                . = ALIGN (0x4)
                0x0000000010000004                _edata = .
                [!provide]                        PROVIDE (__end_data_RAM = .)
                [!provide]                        PROVIDE (__end_data_RamLoc32 = .)

.igot.plt       0x0000000010000004        0x0 load address 0x0000000000000714
 .igot.plt      0x0000000010000004        0x0 ./src/EjemploADC_Driver.o

.bss_RAM2       0x000000002007c000        0x0
                [!provide]                        PROVIDE (__start_bss_RAM2 = .)
                [!provide]                        PROVIDE (__start_bss_RamAHB32 = .)
 *(.bss.$RAM2)
 *(.bss.$RamAHB32)
 *(.bss.$RAM2.*)
 *(.bss.$RamAHB32.*)
                0x000000002007c000                . = ALIGN ((. != 0x0)?0x4:0x1)
                [!provide]                        PROVIDE (__end_bss_RAM2 = .)
                [!provide]                        PROVIDE (__end_bss_RamAHB32 = .)

.bss            0x0000000010000004        0x0
                0x0000000010000004                _bss = .
                [!provide]                        PROVIDE (__start_bss_RAM = .)
                [!provide]                        PROVIDE (__start_bss_RamLoc32 = .)
 *(.bss*)
 *(COMMON)
                0x0000000010000004                . = ALIGN (0x4)
                0x0000000010000004                _ebss = .
                [!provide]                        PROVIDE (__end_bss_RAM = .)
                [!provide]                        PROVIDE (__end_bss_RamLoc32 = .)
                [!provide]                        PROVIDE (end = .)

.noinit_RAM2    0x000000002007c000        0x0
                [!provide]                        PROVIDE (__start_noinit_RAM2 = .)
                [!provide]                        PROVIDE (__start_noinit_RamAHB32 = .)
 *(.noinit.$RAM2)
 *(.noinit.$RamAHB32)
 *(.noinit.$RAM2.*)
 *(.noinit.$RamAHB32.*)
                0x000000002007c000                . = ALIGN (0x4)
                [!provide]                        PROVIDE (__end_noinit_RAM2 = .)
                [!provide]                        PROVIDE (__end_noinit_RamAHB32 = .)

.noinit         0x0000000010000004        0x0
                0x0000000010000004                _noinit = .
                [!provide]                        PROVIDE (__start_noinit_RAM = .)
                [!provide]                        PROVIDE (__start_noinit_RamLoc32 = .)
 *(.noinit*)
                0x0000000010000004                . = ALIGN (0x4)
                0x0000000010000004                _end_noinit = .
                [!provide]                        PROVIDE (__end_noinit_RAM = .)
                [!provide]                        PROVIDE (__end_noinit_RamLoc32 = .)
                [!provide]                        PROVIDE (_pvHeapStart = DEFINED (__user_heap_base)?__user_heap_base:.)
                0x0000000010008000                PROVIDE (_vStackTop = DEFINED (__user_stack_top)?__user_stack_top:(__top_RamLoc32 - 0x0))
                0xffffffffefff74c6                PROVIDE (__valid_user_code_checksum = (0x0 - ((((((_vStackTop + (ResetISR + 0x1)) + (NMI_Handler + 0x1)) + (HardFault_Handler + 0x1)) + (DEFINED (MemManage_Handler)?MemManage_Handler:0x0 + 0x1)) + (DEFINED (BusFault_Handler)?BusFault_Handler:0x0 + 0x1)) + (DEFINED (UsageFault_Handler)?UsageFault_Handler:0x0 + 0x1))))
                0x0000000000000000                _image_start = LOADADDR (.text)
                0x0000000000000714                _image_end = (LOADADDR (.data) + SIZEOF (.data))
                0x0000000000000714                _image_size = (_image_end - _image_start)
OUTPUT(EjemploADC_Driver.axf elf32-littlearm)
LOAD linker stubs

.debug_info     0x0000000000000000     0x2373
 .debug_info    0x0000000000000000      0x79b ./src/EjemploADC_Driver.o
 .debug_info    0x000000000000079b      0x27f ./src/cr_startup_lpc175x_6x.o
 .debug_info    0x0000000000000a1a       0x40 ./src/crp.o
 .debug_info    0x0000000000000a5a      0x347 /home/bruno/Documents/Facultad/Electrónica Digital III/ED3_Drivers/CMSISv2p00_LPC17xx/Debug/libCMSISv2p00_LPC17xx.a(system_LPC17xx.o)
 .debug_info    0x0000000000000da1      0x8f0 /home/bruno/Documents/Facultad/Electrónica Digital III/ED3_Drivers/CMSISv2p00_LPC17xx/Debug/libCMSISv2p00_LPC17xx.a(lpc17xx_adc.o)
 .debug_info    0x0000000000001691      0x6ca /home/bruno/Documents/Facultad/Electrónica Digital III/ED3_Drivers/CMSISv2p00_LPC17xx/Debug/libCMSISv2p00_LPC17xx.a(lpc17xx_clkpwr.o)
 .debug_info    0x0000000000001d5b       0xd4 /home/bruno/Documents/Facultad/Electrónica Digital III/ED3_Drivers/CMSISv2p00_LPC17xx/Debug/libCMSISv2p00_LPC17xx.a(lpc17xx_libcfg_default.o)
 .debug_info    0x0000000000001e2f      0x544 /home/bruno/Documents/Facultad/Electrónica Digital III/ED3_Drivers/CMSISv2p00_LPC17xx/Debug/libCMSISv2p00_LPC17xx.a(lpc17xx_pinsel.o)

.debug_abbrev   0x0000000000000000      0xa3e
 .debug_abbrev  0x0000000000000000      0x1fc ./src/EjemploADC_Driver.o
 .debug_abbrev  0x00000000000001fc      0x122 ./src/cr_startup_lpc175x_6x.o
 .debug_abbrev  0x000000000000031e       0x38 ./src/crp.o
 .debug_abbrev  0x0000000000000356      0x10e /home/bruno/Documents/Facultad/Electrónica Digital III/ED3_Drivers/CMSISv2p00_LPC17xx/Debug/libCMSISv2p00_LPC17xx.a(system_LPC17xx.o)
 .debug_abbrev  0x0000000000000464      0x1bb /home/bruno/Documents/Facultad/Electrónica Digital III/ED3_Drivers/CMSISv2p00_LPC17xx/Debug/libCMSISv2p00_LPC17xx.a(lpc17xx_adc.o)
 .debug_abbrev  0x000000000000061f      0x1f1 /home/bruno/Documents/Facultad/Electrónica Digital III/ED3_Drivers/CMSISv2p00_LPC17xx/Debug/libCMSISv2p00_LPC17xx.a(lpc17xx_clkpwr.o)
 .debug_abbrev  0x0000000000000810       0x75 /home/bruno/Documents/Facultad/Electrónica Digital III/ED3_Drivers/CMSISv2p00_LPC17xx/Debug/libCMSISv2p00_LPC17xx.a(lpc17xx_libcfg_default.o)
 .debug_abbrev  0x0000000000000885      0x1b9 /home/bruno/Documents/Facultad/Electrónica Digital III/ED3_Drivers/CMSISv2p00_LPC17xx/Debug/libCMSISv2p00_LPC17xx.a(lpc17xx_pinsel.o)

.debug_aranges  0x0000000000000000      0x238
 .debug_aranges
                0x0000000000000000       0x50 ./src/EjemploADC_Driver.o
 .debug_aranges
                0x0000000000000050       0x80 ./src/cr_startup_lpc175x_6x.o
 .debug_aranges
                0x00000000000000d0       0x18 ./src/crp.o
 .debug_aranges
                0x00000000000000e8       0x28 /home/bruno/Documents/Facultad/Electrónica Digital III/ED3_Drivers/CMSISv2p00_LPC17xx/Debug/libCMSISv2p00_LPC17xx.a(system_LPC17xx.o)
 .debug_aranges
                0x0000000000000110       0x80 /home/bruno/Documents/Facultad/Electrónica Digital III/ED3_Drivers/CMSISv2p00_LPC17xx/Debug/libCMSISv2p00_LPC17xx.a(lpc17xx_adc.o)
 .debug_aranges
                0x0000000000000190       0x58 /home/bruno/Documents/Facultad/Electrónica Digital III/ED3_Drivers/CMSISv2p00_LPC17xx/Debug/libCMSISv2p00_LPC17xx.a(lpc17xx_clkpwr.o)
 .debug_aranges
                0x00000000000001e8       0x20 /home/bruno/Documents/Facultad/Electrónica Digital III/ED3_Drivers/CMSISv2p00_LPC17xx/Debug/libCMSISv2p00_LPC17xx.a(lpc17xx_libcfg_default.o)
 .debug_aranges
                0x0000000000000208       0x30 /home/bruno/Documents/Facultad/Electrónica Digital III/ED3_Drivers/CMSISv2p00_LPC17xx/Debug/libCMSISv2p00_LPC17xx.a(lpc17xx_pinsel.o)

.debug_ranges   0x0000000000000000      0x1f0
 .debug_ranges  0x0000000000000000       0x40 ./src/EjemploADC_Driver.o
 .debug_ranges  0x0000000000000040       0x70 ./src/cr_startup_lpc175x_6x.o
 .debug_ranges  0x00000000000000b0       0x18 /home/bruno/Documents/Facultad/Electrónica Digital III/ED3_Drivers/CMSISv2p00_LPC17xx/Debug/libCMSISv2p00_LPC17xx.a(system_LPC17xx.o)
 .debug_ranges  0x00000000000000c8       0x70 /home/bruno/Documents/Facultad/Electrónica Digital III/ED3_Drivers/CMSISv2p00_LPC17xx/Debug/libCMSISv2p00_LPC17xx.a(lpc17xx_adc.o)
 .debug_ranges  0x0000000000000138       0x48 /home/bruno/Documents/Facultad/Electrónica Digital III/ED3_Drivers/CMSISv2p00_LPC17xx/Debug/libCMSISv2p00_LPC17xx.a(lpc17xx_clkpwr.o)
 .debug_ranges  0x0000000000000180       0x10 /home/bruno/Documents/Facultad/Electrónica Digital III/ED3_Drivers/CMSISv2p00_LPC17xx/Debug/libCMSISv2p00_LPC17xx.a(lpc17xx_libcfg_default.o)
 .debug_ranges  0x0000000000000190       0x60 /home/bruno/Documents/Facultad/Electrónica Digital III/ED3_Drivers/CMSISv2p00_LPC17xx/Debug/libCMSISv2p00_LPC17xx.a(lpc17xx_pinsel.o)

.debug_macro    0x0000000000000000     0x36cf
 .debug_macro   0x0000000000000000       0xa2 ./src/EjemploADC_Driver.o
 .debug_macro   0x00000000000000a2      0xa7e ./src/EjemploADC_Driver.o
 .debug_macro   0x0000000000000b20       0x1c ./src/EjemploADC_Driver.o
 .debug_macro   0x0000000000000b3c       0x2e ./src/EjemploADC_Driver.o
 .debug_macro   0x0000000000000b6a       0x10 ./src/EjemploADC_Driver.o
 .debug_macro   0x0000000000000b7a      0x12e ./src/EjemploADC_Driver.o
 .debug_macro   0x0000000000000ca8      0x5b3 ./src/EjemploADC_Driver.o
 .debug_macro   0x000000000000125b       0x18 ./src/EjemploADC_Driver.o
 .debug_macro   0x0000000000001273      0x7af ./src/EjemploADC_Driver.o
 .debug_macro   0x0000000000001a22      0x2c7 ./src/EjemploADC_Driver.o
 .debug_macro   0x0000000000001ce9       0x63 ./src/EjemploADC_Driver.o
 .debug_macro   0x0000000000001d4c       0xe5 ./src/EjemploADC_Driver.o
 .debug_macro   0x0000000000001e31      0x145 ./src/EjemploADC_Driver.o
 .debug_macro   0x0000000000001f76       0x1d ./src/cr_startup_lpc175x_6x.o
 .debug_macro   0x0000000000001f93       0x1a ./src/crp.o
 .debug_macro   0x0000000000001fad       0x34 ./src/crp.o
 .debug_macro   0x0000000000001fe1      0x12b /home/bruno/Documents/Facultad/Electrónica Digital III/ED3_Drivers/CMSISv2p00_LPC17xx/Debug/libCMSISv2p00_LPC17xx.a(system_LPC17xx.o)
 .debug_macro   0x000000000000210c      0xa78 /home/bruno/Documents/Facultad/Electrónica Digital III/ED3_Drivers/CMSISv2p00_LPC17xx/Debug/libCMSISv2p00_LPC17xx.a(system_LPC17xx.o)
 .debug_macro   0x0000000000002b84       0x9f /home/bruno/Documents/Facultad/Electrónica Digital III/ED3_Drivers/CMSISv2p00_LPC17xx/Debug/libCMSISv2p00_LPC17xx.a(lpc17xx_adc.o)
 .debug_macro   0x0000000000002c23      0x2f7 /home/bruno/Documents/Facultad/Electrónica Digital III/ED3_Drivers/CMSISv2p00_LPC17xx/Debug/libCMSISv2p00_LPC17xx.a(lpc17xx_adc.o)
 .debug_macro   0x0000000000002f1a       0xdd /home/bruno/Documents/Facultad/Electrónica Digital III/ED3_Drivers/CMSISv2p00_LPC17xx/Debug/libCMSISv2p00_LPC17xx.a(lpc17xx_adc.o)
 .debug_macro   0x0000000000002ff7       0x8d /home/bruno/Documents/Facultad/Electrónica Digital III/ED3_Drivers/CMSISv2p00_LPC17xx/Debug/libCMSISv2p00_LPC17xx.a(lpc17xx_clkpwr.o)
 .debug_macro   0x0000000000003084      0x2f1 /home/bruno/Documents/Facultad/Electrónica Digital III/ED3_Drivers/CMSISv2p00_LPC17xx/Debug/libCMSISv2p00_LPC17xx.a(lpc17xx_clkpwr.o)
 .debug_macro   0x0000000000003375       0x5a /home/bruno/Documents/Facultad/Electrónica Digital III/ED3_Drivers/CMSISv2p00_LPC17xx/Debug/libCMSISv2p00_LPC17xx.a(lpc17xx_libcfg_default.o)
 .debug_macro   0x00000000000033cf       0x5d /home/bruno/Documents/Facultad/Electrónica Digital III/ED3_Drivers/CMSISv2p00_LPC17xx/Debug/libCMSISv2p00_LPC17xx.a(lpc17xx_libcfg_default.o)
 .debug_macro   0x000000000000342c       0xd7 /home/bruno/Documents/Facultad/Electrónica Digital III/ED3_Drivers/CMSISv2p00_LPC17xx/Debug/libCMSISv2p00_LPC17xx.a(lpc17xx_libcfg_default.o)
 .debug_macro   0x0000000000003503       0x8d /home/bruno/Documents/Facultad/Electrónica Digital III/ED3_Drivers/CMSISv2p00_LPC17xx/Debug/libCMSISv2p00_LPC17xx.a(lpc17xx_pinsel.o)
 .debug_macro   0x0000000000003590      0x13f /home/bruno/Documents/Facultad/Electrónica Digital III/ED3_Drivers/CMSISv2p00_LPC17xx/Debug/libCMSISv2p00_LPC17xx.a(lpc17xx_pinsel.o)

.debug_line     0x0000000000000000     0x1b17
 .debug_line    0x0000000000000000      0x3df ./src/EjemploADC_Driver.o
 .debug_line    0x00000000000003df      0x160 ./src/cr_startup_lpc175x_6x.o
 .debug_line    0x000000000000053f       0xb5 ./src/crp.o
 .debug_line    0x00000000000005f4      0x43c /home/bruno/Documents/Facultad/Electrónica Digital III/ED3_Drivers/CMSISv2p00_LPC17xx/Debug/libCMSISv2p00_LPC17xx.a(system_LPC17xx.o)
 .debug_line    0x0000000000000a30      0x6a9 /home/bruno/Documents/Facultad/Electrónica Digital III/ED3_Drivers/CMSISv2p00_LPC17xx/Debug/libCMSISv2p00_LPC17xx.a(lpc17xx_adc.o)
 .debug_line    0x00000000000010d9      0x47a /home/bruno/Documents/Facultad/Electrónica Digital III/ED3_Drivers/CMSISv2p00_LPC17xx/Debug/libCMSISv2p00_LPC17xx.a(lpc17xx_clkpwr.o)
 .debug_line    0x0000000000001553      0x234 /home/bruno/Documents/Facultad/Electrónica Digital III/ED3_Drivers/CMSISv2p00_LPC17xx/Debug/libCMSISv2p00_LPC17xx.a(lpc17xx_libcfg_default.o)
 .debug_line    0x0000000000001787      0x390 /home/bruno/Documents/Facultad/Electrónica Digital III/ED3_Drivers/CMSISv2p00_LPC17xx/Debug/libCMSISv2p00_LPC17xx.a(lpc17xx_pinsel.o)

.debug_str      0x0000000000000000     0xb764
 .debug_str     0x0000000000000000     0x973a ./src/EjemploADC_Driver.o
                                       0x97d8 (size before relaxing)
 .debug_str     0x000000000000973a      0x1c2 ./src/cr_startup_lpc175x_6x.o
                                       0x2edb (size before relaxing)
 .debug_str     0x00000000000098fc       0xe9 ./src/crp.o
                                       0x2dfc (size before relaxing)
 .debug_str     0x00000000000099e5      0x563 /home/bruno/Documents/Facultad/Electrónica Digital III/ED3_Drivers/CMSISv2p00_LPC17xx/Debug/libCMSISv2p00_LPC17xx.a(system_LPC17xx.o)
                                       0x88c3 (size before relaxing)
 .debug_str     0x0000000000009f48     0x1533 /home/bruno/Documents/Facultad/Electrónica Digital III/ED3_Drivers/CMSISv2p00_LPC17xx/Debug/libCMSISv2p00_LPC17xx.a(lpc17xx_adc.o)
                                       0xa4aa (size before relaxing)
 .debug_str     0x000000000000b47b       0xb2 /home/bruno/Documents/Facultad/Electrónica Digital III/ED3_Drivers/CMSISv2p00_LPC17xx/Debug/libCMSISv2p00_LPC17xx.a(lpc17xx_clkpwr.o)
                                       0x9abd (size before relaxing)
 .debug_str     0x000000000000b52d       0x2d /home/bruno/Documents/Facultad/Electrónica Digital III/ED3_Drivers/CMSISv2p00_LPC17xx/Debug/libCMSISv2p00_LPC17xx.a(lpc17xx_libcfg_default.o)
                                       0x46ea (size before relaxing)
 .debug_str     0x000000000000b55a      0x20a /home/bruno/Documents/Facultad/Electrónica Digital III/ED3_Drivers/CMSISv2p00_LPC17xx/Debug/libCMSISv2p00_LPC17xx.a(lpc17xx_pinsel.o)
                                       0x8d35 (size before relaxing)

.comment        0x0000000000000000       0x49
 .comment       0x0000000000000000       0x49 ./src/EjemploADC_Driver.o
                                         0x4a (size before relaxing)
 .comment       0x0000000000000049       0x4a ./src/cr_startup_lpc175x_6x.o
 .comment       0x0000000000000049       0x4a ./src/crp.o
 .comment       0x0000000000000049       0x4a /home/bruno/Documents/Facultad/Electrónica Digital III/ED3_Drivers/CMSISv2p00_LPC17xx/Debug/libCMSISv2p00_LPC17xx.a(system_LPC17xx.o)
 .comment       0x0000000000000049       0x4a /home/bruno/Documents/Facultad/Electrónica Digital III/ED3_Drivers/CMSISv2p00_LPC17xx/Debug/libCMSISv2p00_LPC17xx.a(lpc17xx_adc.o)
 .comment       0x0000000000000049       0x4a /home/bruno/Documents/Facultad/Electrónica Digital III/ED3_Drivers/CMSISv2p00_LPC17xx/Debug/libCMSISv2p00_LPC17xx.a(lpc17xx_clkpwr.o)
 .comment       0x0000000000000049       0x4a /home/bruno/Documents/Facultad/Electrónica Digital III/ED3_Drivers/CMSISv2p00_LPC17xx/Debug/libCMSISv2p00_LPC17xx.a(lpc17xx_libcfg_default.o)
 .comment       0x0000000000000049       0x4a /home/bruno/Documents/Facultad/Electrónica Digital III/ED3_Drivers/CMSISv2p00_LPC17xx/Debug/libCMSISv2p00_LPC17xx.a(lpc17xx_pinsel.o)
 .comment       0x0000000000000049       0x4a /usr/local/mcuxpressoide-11.6.0_8187/ide/plugins/com.nxp.mcuxpresso.tools.linux_11.6.0.202112161359/tools/bin/../lib/gcc/arm-none-eabi/10.3.1/../../../../arm-none-eabi/lib/thumb/v7-m/nofp/libcr_c.a(__weak__main.o)

.ARM.attributes
                0x0000000000000000       0x2b
 .ARM.attributes
                0x0000000000000000       0x2d ./src/EjemploADC_Driver.o
 .ARM.attributes
                0x000000000000002d       0x2d ./src/cr_startup_lpc175x_6x.o
 .ARM.attributes
                0x000000000000005a       0x2d ./src/crp.o
 .ARM.attributes
                0x0000000000000087       0x2d /home/bruno/Documents/Facultad/Electrónica Digital III/ED3_Drivers/CMSISv2p00_LPC17xx/Debug/libCMSISv2p00_LPC17xx.a(system_LPC17xx.o)
 .ARM.attributes
                0x00000000000000b4       0x2d /home/bruno/Documents/Facultad/Electrónica Digital III/ED3_Drivers/CMSISv2p00_LPC17xx/Debug/libCMSISv2p00_LPC17xx.a(lpc17xx_adc.o)
 .ARM.attributes
                0x00000000000000e1       0x2d /home/bruno/Documents/Facultad/Electrónica Digital III/ED3_Drivers/CMSISv2p00_LPC17xx/Debug/libCMSISv2p00_LPC17xx.a(lpc17xx_clkpwr.o)
 .ARM.attributes
                0x000000000000010e       0x2d /home/bruno/Documents/Facultad/Electrónica Digital III/ED3_Drivers/CMSISv2p00_LPC17xx/Debug/libCMSISv2p00_LPC17xx.a(lpc17xx_libcfg_default.o)
 .ARM.attributes
                0x000000000000013b       0x2d /home/bruno/Documents/Facultad/Electrónica Digital III/ED3_Drivers/CMSISv2p00_LPC17xx/Debug/libCMSISv2p00_LPC17xx.a(lpc17xx_pinsel.o)
 .ARM.attributes
                0x0000000000000168       0x2d /usr/local/mcuxpressoide-11.6.0_8187/ide/plugins/com.nxp.mcuxpresso.tools.linux_11.6.0.202112161359/tools/bin/../lib/gcc/arm-none-eabi/10.3.1/../../../../arm-none-eabi/lib/thumb/v7-m/nofp/libcr_c.a(__weak__main.o)

.debug_frame    0x0000000000000000      0x52c
 .debug_frame   0x0000000000000000      0x104 ./src/EjemploADC_Driver.o
 .debug_frame   0x0000000000000104      0x170 ./src/cr_startup_lpc175x_6x.o
 .debug_frame   0x0000000000000274       0x3c /home/bruno/Documents/Facultad/Electrónica Digital III/ED3_Drivers/CMSISv2p00_LPC17xx/Debug/libCMSISv2p00_LPC17xx.a(system_LPC17xx.o)
 .debug_frame   0x00000000000002b0      0x16c /home/bruno/Documents/Facultad/Electrónica Digital III/ED3_Drivers/CMSISv2p00_LPC17xx/Debug/libCMSISv2p00_LPC17xx.a(lpc17xx_adc.o)
 .debug_frame   0x000000000000041c       0xa0 /home/bruno/Documents/Facultad/Electrónica Digital III/ED3_Drivers/CMSISv2p00_LPC17xx/Debug/libCMSISv2p00_LPC17xx.a(lpc17xx_clkpwr.o)
 .debug_frame   0x00000000000004bc       0x20 /home/bruno/Documents/Facultad/Electrónica Digital III/ED3_Drivers/CMSISv2p00_LPC17xx/Debug/libCMSISv2p00_LPC17xx.a(lpc17xx_libcfg_default.o)
 .debug_frame   0x00000000000004dc       0x50 /home/bruno/Documents/Facultad/Electrónica Digital III/ED3_Drivers/CMSISv2p00_LPC17xx/Debug/libCMSISv2p00_LPC17xx.a(lpc17xx_pinsel.o)

.debug_loc      0x0000000000000000      0x96e
 .debug_loc     0x0000000000000000      0x5a9 /home/bruno/Documents/Facultad/Electrónica Digital III/ED3_Drivers/CMSISv2p00_LPC17xx/Debug/libCMSISv2p00_LPC17xx.a(lpc17xx_adc.o)
 .debug_loc     0x00000000000005a9      0x1fa /home/bruno/Documents/Facultad/Electrónica Digital III/ED3_Drivers/CMSISv2p00_LPC17xx/Debug/libCMSISv2p00_LPC17xx.a(lpc17xx_clkpwr.o)
 .debug_loc     0x00000000000007a3       0x2a /home/bruno/Documents/Facultad/Electrónica Digital III/ED3_Drivers/CMSISv2p00_LPC17xx/Debug/libCMSISv2p00_LPC17xx.a(lpc17xx_libcfg_default.o)
 .debug_loc     0x00000000000007cd      0x1a1 /home/bruno/Documents/Facultad/Electrónica Digital III/ED3_Drivers/CMSISv2p00_LPC17xx/Debug/libCMSISv2p00_LPC17xx.a(lpc17xx_pinsel.o)

Cross Reference Table

Symbol                                            File
ADC_BurstCmd                                      /home/bruno/Documents/Facultad/Electrónica Digital III/ED3_Drivers/CMSISv2p00_LPC17xx/Debug/libCMSISv2p00_LPC17xx.a(lpc17xx_adc.o)
ADC_ChannelCmd                                    /home/bruno/Documents/Facultad/Electrónica Digital III/ED3_Drivers/CMSISv2p00_LPC17xx/Debug/libCMSISv2p00_LPC17xx.a(lpc17xx_adc.o)
                                                  ./src/EjemploADC_Driver.o
ADC_ChannelGetData                                /home/bruno/Documents/Facultad/Electrónica Digital III/ED3_Drivers/CMSISv2p00_LPC17xx/Debug/libCMSISv2p00_LPC17xx.a(lpc17xx_adc.o)
                                                  ./src/EjemploADC_Driver.o
ADC_ChannelGetStatus                              /home/bruno/Documents/Facultad/Electrónica Digital III/ED3_Drivers/CMSISv2p00_LPC17xx/Debug/libCMSISv2p00_LPC17xx.a(lpc17xx_adc.o)
                                                  ./src/EjemploADC_Driver.o
ADC_DeInit                                        /home/bruno/Documents/Facultad/Electrónica Digital III/ED3_Drivers/CMSISv2p00_LPC17xx/Debug/libCMSISv2p00_LPC17xx.a(lpc17xx_adc.o)
ADC_EdgeStartConfig                               /home/bruno/Documents/Facultad/Electrónica Digital III/ED3_Drivers/CMSISv2p00_LPC17xx/Debug/libCMSISv2p00_LPC17xx.a(lpc17xx_adc.o)
ADC_GetData                                       /home/bruno/Documents/Facultad/Electrónica Digital III/ED3_Drivers/CMSISv2p00_LPC17xx/Debug/libCMSISv2p00_LPC17xx.a(lpc17xx_adc.o)
ADC_GlobalGetData                                 /home/bruno/Documents/Facultad/Electrónica Digital III/ED3_Drivers/CMSISv2p00_LPC17xx/Debug/libCMSISv2p00_LPC17xx.a(lpc17xx_adc.o)
ADC_GlobalGetStatus                               /home/bruno/Documents/Facultad/Electrónica Digital III/ED3_Drivers/CMSISv2p00_LPC17xx/Debug/libCMSISv2p00_LPC17xx.a(lpc17xx_adc.o)
ADC_IRQHandler                                    ./src/cr_startup_lpc175x_6x.o
ADC_IRQHanlder                                    ./src/EjemploADC_Driver.o
ADC_Init                                          /home/bruno/Documents/Facultad/Electrónica Digital III/ED3_Drivers/CMSISv2p00_LPC17xx/Debug/libCMSISv2p00_LPC17xx.a(lpc17xx_adc.o)
                                                  ./src/EjemploADC_Driver.o
ADC_IntConfig                                     /home/bruno/Documents/Facultad/Electrónica Digital III/ED3_Drivers/CMSISv2p00_LPC17xx/Debug/libCMSISv2p00_LPC17xx.a(lpc17xx_adc.o)
                                                  ./src/EjemploADC_Driver.o
ADC_PowerdownCmd                                  /home/bruno/Documents/Facultad/Electrónica Digital III/ED3_Drivers/CMSISv2p00_LPC17xx/Debug/libCMSISv2p00_LPC17xx.a(lpc17xx_adc.o)
ADC_StartCmd                                      /home/bruno/Documents/Facultad/Electrónica Digital III/ED3_Drivers/CMSISv2p00_LPC17xx/Debug/libCMSISv2p00_LPC17xx.a(lpc17xx_adc.o)
                                                  ./src/EjemploADC_Driver.o
BOD_IRQHandler                                    ./src/cr_startup_lpc175x_6x.o
BusFault_Handler                                  ./src/cr_startup_lpc175x_6x.o
CANActivity_IRQHandler                            ./src/cr_startup_lpc175x_6x.o
CAN_IRQHandler                                    ./src/cr_startup_lpc175x_6x.o
CLKPWR_ConfigPPWR                                 /home/bruno/Documents/Facultad/Electrónica Digital III/ED3_Drivers/CMSISv2p00_LPC17xx/Debug/libCMSISv2p00_LPC17xx.a(lpc17xx_clkpwr.o)
                                                  /home/bruno/Documents/Facultad/Electrónica Digital III/ED3_Drivers/CMSISv2p00_LPC17xx/Debug/libCMSISv2p00_LPC17xx.a(lpc17xx_adc.o)
CLKPWR_DeepPowerDown                              /home/bruno/Documents/Facultad/Electrónica Digital III/ED3_Drivers/CMSISv2p00_LPC17xx/Debug/libCMSISv2p00_LPC17xx.a(lpc17xx_clkpwr.o)
CLKPWR_DeepSleep                                  /home/bruno/Documents/Facultad/Electrónica Digital III/ED3_Drivers/CMSISv2p00_LPC17xx/Debug/libCMSISv2p00_LPC17xx.a(lpc17xx_clkpwr.o)
CLKPWR_GetPCLK                                    /home/bruno/Documents/Facultad/Electrónica Digital III/ED3_Drivers/CMSISv2p00_LPC17xx/Debug/libCMSISv2p00_LPC17xx.a(lpc17xx_clkpwr.o)
                                                  /home/bruno/Documents/Facultad/Electrónica Digital III/ED3_Drivers/CMSISv2p00_LPC17xx/Debug/libCMSISv2p00_LPC17xx.a(lpc17xx_adc.o)
CLKPWR_GetPCLKSEL                                 /home/bruno/Documents/Facultad/Electrónica Digital III/ED3_Drivers/CMSISv2p00_LPC17xx/Debug/libCMSISv2p00_LPC17xx.a(lpc17xx_clkpwr.o)
CLKPWR_PowerDown                                  /home/bruno/Documents/Facultad/Electrónica Digital III/ED3_Drivers/CMSISv2p00_LPC17xx/Debug/libCMSISv2p00_LPC17xx.a(lpc17xx_clkpwr.o)
CLKPWR_SetPCLKDiv                                 /home/bruno/Documents/Facultad/Electrónica Digital III/ED3_Drivers/CMSISv2p00_LPC17xx/Debug/libCMSISv2p00_LPC17xx.a(lpc17xx_clkpwr.o)
CLKPWR_Sleep                                      /home/bruno/Documents/Facultad/Electrónica Digital III/ED3_Drivers/CMSISv2p00_LPC17xx/Debug/libCMSISv2p00_LPC17xx.a(lpc17xx_clkpwr.o)
CRP_WORD                                          ./src/crp.o
DMA_IRQHandler                                    ./src/cr_startup_lpc175x_6x.o
DebugMon_Handler                                  ./src/cr_startup_lpc175x_6x.o
EINT0_IRQHandler                                  ./src/cr_startup_lpc175x_6x.o
EINT1_IRQHandler                                  ./src/cr_startup_lpc175x_6x.o
EINT2_IRQHandler                                  ./src/cr_startup_lpc175x_6x.o
EINT3_IRQHandler                                  ./src/cr_startup_lpc175x_6x.o
ENET_IRQHandler                                   ./src/cr_startup_lpc175x_6x.o
HardFault_Handler                                 ./src/cr_startup_lpc175x_6x.o
I2C0_IRQHandler                                   ./src/cr_startup_lpc175x_6x.o
I2C1_IRQHandler                                   ./src/cr_startup_lpc175x_6x.o
I2C2_IRQHandler                                   ./src/cr_startup_lpc175x_6x.o
I2S_IRQHandler                                    ./src/cr_startup_lpc175x_6x.o
IntDefaultHandler                                 ./src/cr_startup_lpc175x_6x.o
MCPWM_IRQHandler                                  ./src/cr_startup_lpc175x_6x.o
MemManage_Handler                                 ./src/cr_startup_lpc175x_6x.o
NMI_Handler                                       ./src/cr_startup_lpc175x_6x.o
PINSEL_ConfigPin                                  /home/bruno/Documents/Facultad/Electrónica Digital III/ED3_Drivers/CMSISv2p00_LPC17xx/Debug/libCMSISv2p00_LPC17xx.a(lpc17xx_pinsel.o)
                                                  ./src/EjemploADC_Driver.o
PINSEL_ConfigTraceFunc                            /home/bruno/Documents/Facultad/Electrónica Digital III/ED3_Drivers/CMSISv2p00_LPC17xx/Debug/libCMSISv2p00_LPC17xx.a(lpc17xx_pinsel.o)
PINSEL_SetI2C0Pins                                /home/bruno/Documents/Facultad/Electrónica Digital III/ED3_Drivers/CMSISv2p00_LPC17xx/Debug/libCMSISv2p00_LPC17xx.a(lpc17xx_pinsel.o)
PLL0_IRQHandler                                   ./src/cr_startup_lpc175x_6x.o
PLL1_IRQHandler                                   ./src/cr_startup_lpc175x_6x.o
PWM1_IRQHandler                                   ./src/cr_startup_lpc175x_6x.o
PendSV_Handler                                    ./src/cr_startup_lpc175x_6x.o
QEI_IRQHandler                                    ./src/cr_startup_lpc175x_6x.o
RIT_IRQHandler                                    ./src/cr_startup_lpc175x_6x.o
RTC_IRQHandler                                    ./src/cr_startup_lpc175x_6x.o
ResetISR                                          ./src/cr_startup_lpc175x_6x.o
SPI_IRQHandler                                    ./src/cr_startup_lpc175x_6x.o
SSP0_IRQHandler                                   ./src/cr_startup_lpc175x_6x.o
SSP1_IRQHandler                                   ./src/cr_startup_lpc175x_6x.o
SVC_Handler                                       ./src/cr_startup_lpc175x_6x.o
SysTick_Handler                                   ./src/cr_startup_lpc175x_6x.o
SystemCoreClock                                   /home/bruno/Documents/Facultad/Electrónica Digital III/ED3_Drivers/CMSISv2p00_LPC17xx/Debug/libCMSISv2p00_LPC17xx.a(system_LPC17xx.o)
                                                  /home/bruno/Documents/Facultad/Electrónica Digital III/ED3_Drivers/CMSISv2p00_LPC17xx/Debug/libCMSISv2p00_LPC17xx.a(lpc17xx_clkpwr.o)
SystemCoreClockUpdate                             /home/bruno/Documents/Facultad/Electrónica Digital III/ED3_Drivers/CMSISv2p00_LPC17xx/Debug/libCMSISv2p00_LPC17xx.a(system_LPC17xx.o)
SystemInit                                        /home/bruno/Documents/Facultad/Electrónica Digital III/ED3_Drivers/CMSISv2p00_LPC17xx/Debug/libCMSISv2p00_LPC17xx.a(system_LPC17xx.o)
                                                  ./src/cr_startup_lpc175x_6x.o
TIMER0_IRQHandler                                 ./src/cr_startup_lpc175x_6x.o
TIMER1_IRQHandler                                 ./src/cr_startup_lpc175x_6x.o
TIMER2_IRQHandler                                 ./src/cr_startup_lpc175x_6x.o
TIMER3_IRQHandler                                 ./src/cr_startup_lpc175x_6x.o
UART0_IRQHandler                                  ./src/cr_startup_lpc175x_6x.o
UART1_IRQHandler                                  ./src/cr_startup_lpc175x_6x.o
UART2_IRQHandler                                  ./src/cr_startup_lpc175x_6x.o
UART3_IRQHandler                                  ./src/cr_startup_lpc175x_6x.o
USBActivity_IRQHandler                            ./src/cr_startup_lpc175x_6x.o
USB_IRQHandler                                    ./src/cr_startup_lpc175x_6x.o
UsageFault_Handler                                ./src/cr_startup_lpc175x_6x.o
WDT_IRQHandler                                    ./src/cr_startup_lpc175x_6x.o
__aeabi_idiv0                                     /usr/local/mcuxpressoide-11.6.0_8187/ide/plugins/com.nxp.mcuxpresso.tools.linux_11.6.0.202112161359/tools/bin/../lib/gcc/arm-none-eabi/10.3.1/thumb/v7-m/nofp/libcr_eabihelpers.a(division_idiv0.o)
                                                  /usr/local/mcuxpressoide-11.6.0_8187/ide/plugins/com.nxp.mcuxpresso.tools.linux_11.6.0.202112161359/tools/bin/../lib/gcc/arm-none-eabi/10.3.1/thumb/v7-m/nofp/libcr_eabihelpers.a(division_64.o)
__aeabi_ldivmod                                   /usr/local/mcuxpressoide-11.6.0_8187/ide/plugins/com.nxp.mcuxpresso.tools.linux_11.6.0.202112161359/tools/bin/../lib/gcc/arm-none-eabi/10.3.1/thumb/v7-m/nofp/libcr_eabihelpers.a(division_64.o)
                                                  /home/bruno/Documents/Facultad/Electrónica Digital III/ED3_Drivers/CMSISv2p00_LPC17xx/Debug/libCMSISv2p00_LPC17xx.a(system_LPC17xx.o)
__aeabi_uldivmod                                  /usr/local/mcuxpressoide-11.6.0_8187/ide/plugins/com.nxp.mcuxpresso.tools.linux_11.6.0.202112161359/tools/bin/../lib/gcc/arm-none-eabi/10.3.1/thumb/v7-m/nofp/libcr_eabihelpers.a(division_64.o)
                                                  /home/bruno/Documents/Facultad/Electrónica Digital III/ED3_Drivers/CMSISv2p00_LPC17xx/Debug/libCMSISv2p00_LPC17xx.a(system_LPC17xx.o)
__bhs_ldivmod1                                    /usr/local/mcuxpressoide-11.6.0_8187/ide/plugins/com.nxp.mcuxpresso.tools.linux_11.6.0.202112161359/tools/bin/../lib/gcc/arm-none-eabi/10.3.1/thumb/v7-m/nofp/libcr_eabihelpers.a(division_64.o)
__bss_section_table_end                           ./src/cr_startup_lpc175x_6x.o
__data_section_table                              ./src/cr_startup_lpc175x_6x.o
__data_section_table_end                          ./src/cr_startup_lpc175x_6x.o
__main                                            /usr/local/mcuxpressoide-11.6.0_8187/ide/plugins/com.nxp.mcuxpresso.tools.linux_11.6.0.202112161359/tools/bin/../lib/gcc/arm-none-eabi/10.3.1/../../../../arm-none-eabi/lib/thumb/v7-m/nofp/libcr_c.a(__weak__main.o)
                                                  ./src/cr_startup_lpc175x_6x.o
__valid_user_code_checksum                        ./src/cr_startup_lpc175x_6x.o
__weak_main                                       /usr/local/mcuxpressoide-11.6.0_8187/ide/plugins/com.nxp.mcuxpresso.tools.linux_11.6.0.202112161359/tools/bin/../lib/gcc/arm-none-eabi/10.3.1/../../../../arm-none-eabi/lib/thumb/v7-m/nofp/libcr_c.a(__weak__main.o)
_vStackTop                                        ./src/cr_startup_lpc175x_6x.o
adc_value                                         ./src/EjemploADC_Driver.o
bss_init                                          ./src/cr_startup_lpc175x_6x.o
check_failed                                      /home/bruno/Documents/Facultad/Electrónica Digital III/ED3_Drivers/CMSISv2p00_LPC17xx/Debug/libCMSISv2p00_LPC17xx.a(lpc17xx_libcfg_default.o)
                                                  /home/bruno/Documents/Facultad/Electrónica Digital III/ED3_Drivers/CMSISv2p00_LPC17xx/Debug/libCMSISv2p00_LPC17xx.a(lpc17xx_adc.o)
configADC                                         ./src/EjemploADC_Driver.o
configPin                                         ./src/EjemploADC_Driver.o
data_init                                         ./src/cr_startup_lpc175x_6x.o
g_pfnVectors                                      ./src/cr_startup_lpc175x_6x.o
main                                              ./src/EjemploADC_Driver.o
                                                  /usr/local/mcuxpressoide-11.6.0_8187/ide/plugins/com.nxp.mcuxpresso.tools.linux_11.6.0.202112161359/tools/bin/../lib/gcc/arm-none-eabi/10.3.1/../../../../arm-none-eabi/lib/thumb/v7-m/nofp/libcr_c.a(__weak__main.o)
