/home/bruno/Documents/Facultad/Electrónica Digital III/MCUxpresso_TPs/CMSISv2p00_LPC17xx/inc/core_cm3.h:928:22:NVIC_EnableIRQ	16	static
/home/bruno/Documents/Facultad/Electrónica Digital III/MCUxpresso_TPs/CMSISv2p00_LPC17xx/inc/core_cm3.h:941:22:NVIC_DisableIRQ	16	static
../src/EjIntegrador_Genero.c:30:5:main	8	static
../src/EjIntegrador_Genero.c:39:6:configGPIO	4	static
../src/EjIntegrador_Genero.c:48:6:configInt	8	static
../src/EjIntegrador_Genero.c:63:9:toASCII	24	static
../src/EjIntegrador_Genero.c:76:6:EINT3_IRQHandler	8	static
../src/EjIntegrador_Genero.c:86:6:SysTick_Handler	8	static
