/home/bruno/Documents/Facultad/Electrónica Digital III/MCUxpresso_TPs/CMSISv2p00_LPC17xx/inc/core_cm3.h:928:22:NVIC_EnableIRQ	16	static
/home/bruno/Documents/Facultad/Electrónica Digital III/MCUxpresso_TPs/CMSISv2p00_LPC17xx/inc/core_cm3.h:1012:22:NVIC_SetPriority	16	static
../src/EjTimerMatch5_Genero.c:26:5:main	8	static
../src/EjTimerMatch5_Genero.c:41:6:parMenor	4	static
../src/EjTimerMatch5_Genero.c:64:6:parMax	4	static
../src/EjTimerMatch5_Genero.c:83:6:confGPIO	4	static
../src/EjTimerMatch5_Genero.c:89:6:confTimer	8	static
../src/EjTimerMatch5_Genero.c:106:6:confInt	8	static
../src/EjTimerMatch5_Genero.c:124:6:EINT3_IRQHandler	8	static
../src/EjTimerMatch5_Genero.c:140:6:TIMER0_IRQHandler	4	static
