12:05:36 **** Incremental Build of configuration Debug for project EjTimerMatch5_Genero ****
make -r -j4 all 
Building file: ../src/EjTimerMatch5_Genero.c
Invoking: MCU C Compiler
arm-none-eabi-gcc -DDEBUG -D__CODE_RED -DCORE_M3 -D__USE_CMSIS=CMSISv2p00_LPC17xx -D__LPC17XX__ -D__REDLIB__ -I"/home/bruno/Documents/Facultad/Electrónica Digital III/MCUxpresso_TPs/CMSISv2p00_LPC17xx/inc" -O0 -fno-common -g3 -Wall -c -fmessage-length=0 -fno-builtin -ffunction-sections -fdata-sections -fmerge-constants -fmacro-prefix-map="../src/"= -mcpu=cortex-m3 -mthumb -fstack-usage -specs=redlib.specs -MMD -MP -MF"src/EjTimerMatch5_Genero.d" -MT"src/EjTimerMatch5_Genero.o" -MT"src/EjTimerMatch5_Genero.d" -o "src/EjTimerMatch5_Genero.o" "../src/EjTimerMatch5_Genero.c"
Finished building: ../src/EjTimerMatch5_Genero.c
 
Building target: EjTimerMatch5_Genero.axf
Invoking: MCU Linker
arm-none-eabi-gcc -nostdlib -L"/home/bruno/Documents/Facultad/Electrónica Digital III/MCUxpresso_TPs/CMSISv2p00_LPC17xx/Debug" -Xlinker -Map="EjTimerMatch5_Genero.map" -Xlinker --cref -Xlinker --gc-sections -Xlinker -print-memory-usage -mcpu=cortex-m3 -mthumb -T "EjTimerMatch5_Genero_Debug.ld" -o "EjTimerMatch5_Genero.axf"  ./src/EjTimerMatch5_Genero.o ./src/cr_startup_lpc175x_6x.o ./src/crp.o   -lCMSISv2p00_LPC17xx
Memory region         Used Size  Region Size  %age Used
       MFlash512:        1952 B       512 KB      0.37%
        RamLoc32:           4 B        32 KB      0.01%
        RamAHB32:          0 GB        32 KB      0.00%
Finished building target: EjTimerMatch5_Genero.axf
 
Performing post-build steps
arm-none-eabi-size "EjTimerMatch5_Genero.axf"; # arm-none-eabi-objcopy -v -O binary "EjTimerMatch5_Genero.axf" "EjTimerMatch5_Genero.bin" ; # checksum -p LPC1769 -d "EjTimerMatch5_Genero.bin";
   text	   data	    bss	    dec	    hex	filename
   1952	      0	      4	   1956	    7a4	EjTimerMatch5_Genero.axf
 

12:05:36 Build Finished. 0 errors, 0 warnings. (took 395ms)

