08:19:41 **** Incremental Build of configuration Debug for project EjTimerCapture1_Genero ****
make -r -j4 all 
Building file: ../src/EjTimerCapture1_Genero.c
Invoking: MCU C Compiler
arm-none-eabi-gcc -DDEBUG -D__CODE_RED -DCORE_M3 -D__USE_CMSIS=CMSISv2p00_LPC17xx -D__LPC17XX__ -D__REDLIB__ -I"/home/bruno/Documents/Facultad/Electrónica Digital III/MCUxpresso_TPs/CMSISv2p00_LPC17xx/inc" -O0 -fno-common -g3 -Wall -c -fmessage-length=0 -fno-builtin -ffunction-sections -fdata-sections -fmerge-constants -fmacro-prefix-map="../src/"= -mcpu=cortex-m3 -mthumb -fstack-usage -specs=redlib.specs -MMD -MP -MF"src/EjTimerCapture1_Genero.d" -MT"src/EjTimerCapture1_Genero.o" -MT"src/EjTimerCapture1_Genero.d" -o "src/EjTimerCapture1_Genero.o" "../src/EjTimerCapture1_Genero.c"
Finished building: ../src/EjTimerCapture1_Genero.c
 
Building target: EjTimerCapture1_Genero.axf
Invoking: MCU Linker
arm-none-eabi-gcc -nostdlib -L"/home/bruno/Documents/Facultad/Electrónica Digital III/MCUxpresso_TPs/CMSISv2p00_LPC17xx/Debug" -Xlinker -Map="EjTimerCapture1_Genero.map" -Xlinker --cref -Xlinker --gc-sections -Xlinker -print-memory-usage -mcpu=cortex-m3 -mthumb -T "EjTimerCapture1_Genero_Debug.ld" -o "EjTimerCapture1_Genero.axf"  ./src/EjTimerCapture1_Genero.o ./src/cr_startup_lpc175x_6x.o ./src/crp.o   -lCMSISv2p00_LPC17xx
Memory region         Used Size  Region Size  %age Used
       MFlash512:        1436 B       512 KB      0.27%
        RamLoc32:          12 B        32 KB      0.04%
        RamAHB32:          0 GB        32 KB      0.00%
Finished building target: EjTimerCapture1_Genero.axf
 
Performing post-build steps
arm-none-eabi-size "EjTimerCapture1_Genero.axf"; # arm-none-eabi-objcopy -v -O binary "EjTimerCapture1_Genero.axf" "EjTimerCapture1_Genero.bin" ; # checksum -p LPC1769 -d "EjTimerCapture1_Genero.bin";
   text	   data	    bss	    dec	    hex	filename
   1432	      4	      8	   1444	    5a4	EjTimerCapture1_Genero.axf
 

08:19:41 Build Finished. 0 errors, 0 warnings. (took 217ms)

