09:26:17 **** Incremental Build of configuration Debug for project EjTimerMatch1_Genero ****
make -r -j4 all 
make[1]: Nothing to be done for 'main-build'.
Performing post-build steps
arm-none-eabi-size "EjTimerMatch1_Genero.axf"; # arm-none-eabi-objcopy -v -O binary "EjTimerMatch1_Genero.axf" "EjTimerMatch1_Genero.bin" ; # checksum -p LPC1769 -d "EjTimerMatch1_Genero.bin";
   text	   data	    bss	    dec	    hex	filename
   1440	      0	      4	   1444	    5a4	EjTimerMatch1_Genero.axf
 

09:26:18 Build Finished. 0 errors, 0 warnings. (took 243ms)

