09:09:57 **** Build of configuration Debug for project Ext_Int1_Genero ****
make -r -j4 all 
Building file: ../src/Ext_Int1_Genero.c
Invoking: MCU C Compiler
arm-none-eabi-gcc -DDEBUG -D__CODE_RED -DCORE_M3 -D__USE_CMSIS=CMSISv2p00_LPC17xx -D__LPC17XX__ -D__REDLIB__ -I"/home/bruno/Documents/Facultad/Electrónica Digital III/MCUxpresso_TPs/CMSISv2p00_LPC17xx/inc" -O0 -fno-common -g3 -Wall -c -fmessage-length=0 -fno-builtin -ffunction-sections -fdata-sections -fmerge-constants -fmacro-prefix-map="../src/"= -mcpu=cortex-m3 -mthumb -fstack-usage -specs=redlib.specs -MMD -MP -MF"src/Ext_Int1_Genero.d" -MT"src/Ext_Int1_Genero.o" -MT"src/Ext_Int1_Genero.d" -o "src/Ext_Int1_Genero.o" "../src/Ext_Int1_Genero.c"
Finished building: ../src/Ext_Int1_Genero.c
 
Building target: Ext_Int1_Genero.axf
Invoking: MCU Linker
arm-none-eabi-gcc -nostdlib -L"/home/bruno/Documents/Facultad/Electrónica Digital III/MCUxpresso_TPs/CMSISv2p00_LPC17xx/Debug" -Xlinker -Map="Ext_Int1_Genero.map" -Xlinker --cref -Xlinker --gc-sections -Xlinker -print-memory-usage -mcpu=cortex-m3 -mthumb -T "Ext_Int1_Genero_Debug.ld" -o "Ext_Int1_Genero.axf"  ./src/Ext_Int1_Genero.o ./src/cr_startup_lpc175x_6x.o ./src/crp.o   -lCMSISv2p00_LPC17xx
Memory region         Used Size  Region Size  %age Used
       MFlash512:        1284 B       512 KB      0.24%
        RamLoc32:          0 GB        32 KB      0.00%
        RamAHB32:          0 GB        32 KB      0.00%
Finished building target: Ext_Int1_Genero.axf
 
Performing post-build steps
arm-none-eabi-size "Ext_Int1_Genero.axf"; # arm-none-eabi-objcopy -v -O binary "Ext_Int1_Genero.axf" "Ext_Int1_Genero.bin" ; # checksum -p LPC1769 -d "Ext_Int1_Genero.bin";
   text	   data	    bss	    dec	    hex	filename
   1284	      0	      0	   1284	    504	Ext_Int1_Genero.axf
 

09:09:57 Build Finished. 0 errors, 0 warnings. (took 217ms)

