18:24:18 **** Incremental Build of configuration Debug for project CMSISv2p00_LPC17xx ****
make -r -j4 all 
make[1]: Nothing to be done for 'main-build'.
Performing post-build steps
arm-none-eabi-size libCMSISv2p00_LPC17xx.a ; # arm-none-eabi-objdump -h -S libCMSISv2p00_LPC17xx.a >libCMSISv2p00_LPC17xx.lss
   text	   data	    bss	    dec	    hex	filename
      0	      0	      0	      0	      0	core_cm3.o (ex libCMSISv2p00_LPC17xx.a)
    400	      4	      0	    404	    194	system_LPC17xx.o (ex libCMSISv2p00_LPC17xx.a)
 
18:24:18 **** Incremental Build of configuration Debug for project DAC_WaveFormer_Genero ****
make -r -j4 all 
Building file: ../src/DAC_WaveFormer_Genero.c
Invoking: MCU C Compiler
arm-none-eabi-gcc -DDEBUG -D__CODE_RED -DCORE_M3 -D__USE_CMSIS=CMSISv2p00_LPC17xx -D__LPC17XX__ -D__REDLIB__ -I"/home/bruno/Documents/Facultad/Electrónica Digital III/MCUxpresso_TPs/CMSISv2p00_LPC17xx/inc" -O0 -fno-common -g3 -Wall -c -fmessage-length=0 -fno-builtin -ffunction-sections -fdata-sections -fmerge-constants -fmacro-prefix-map="../src/"= -mcpu=cortex-m3 -mthumb -fstack-usage -specs=redlib.specs -MMD -MP -MF"src/DAC_WaveFormer_Genero.d" -MT"src/DAC_WaveFormer_Genero.o" -MT"src/DAC_WaveFormer_Genero.d" -o "src/DAC_WaveFormer_Genero.o" "../src/DAC_WaveFormer_Genero.c"
Finished building: ../src/DAC_WaveFormer_Genero.c
 
Building target: DAC_WaveFormer_Genero.axf
Invoking: MCU Linker
arm-none-eabi-gcc -nostdlib -L"/home/bruno/Documents/Facultad/Electrónica Digital III/MCUxpresso_TPs/CMSISv2p00_LPC17xx/Debug" -Xlinker -Map="DAC_WaveFormer_Genero.map" -Xlinker --cref -Xlinker --gc-sections -Xlinker -print-memory-usage -mcpu=cortex-m3 -mthumb -T "DAC_WaveFormer_Genero_Debug.ld" -o "DAC_WaveFormer_Genero.axf"  ./src/DAC_WaveFormer_Genero.o ./src/cr_startup_lpc175x_6x.o ./src/crp.o   -lCMSISv2p00_LPC17xx
Memory region         Used Size  Region Size  %age Used
       MFlash512:        1276 B       512 KB      0.24%
        RamLoc32:          0 GB        32 KB      0.00%
        RamAHB32:          0 GB        32 KB      0.00%
Finished building target: DAC_WaveFormer_Genero.axf
 
Performing post-build steps
arm-none-eabi-size "DAC_WaveFormer_Genero.axf"; # arm-none-eabi-objcopy -v -O binary "DAC_WaveFormer_Genero.axf" "DAC_WaveFormer_Genero.bin" ; # checksum -p LPC1769 -d "DAC_WaveFormer_Genero.bin";
   text	   data	    bss	    dec	    hex	filename
   1276	      0	      0	   1276	    4fc	DAC_WaveFormer_Genero.axf
 
