17:03:59 **** Incremental Build of configuration Debug for project CMSISv2p00_LPC17xx ****
make -r -j4 all 
make[1]: Nothing to be done for 'main-build'.
Performing post-build steps
arm-none-eabi-size libCMSISv2p00_LPC17xx.a ; # arm-none-eabi-objdump -h -S libCMSISv2p00_LPC17xx.a >libCMSISv2p00_LPC17xx.lss
   text	   data	    bss	    dec	    hex	filename
      0	      0	      0	      0	      0	core_cm3.o (ex libCMSISv2p00_LPC17xx.a)
    400	      4	      0	    404	    194	system_LPC17xx.o (ex libCMSISv2p00_LPC17xx.a)
 
17:03:59 **** Incremental Build of configuration Debug for project Ej_ADC_Timer ****
make -r -j4 all 
Building file: ../src/Ej_ADC_Timer.c
Invoking: MCU C Compiler
arm-none-eabi-gcc -DDEBUG -D__CODE_RED -DCORE_M3 -D__USE_CMSIS=CMSISv2p00_LPC17xx -D__LPC17XX__ -D__REDLIB__ -I"/home/bruno/Documents/Facultad/Electrónica Digital III/MCUxpresso_TPs/CMSISv2p00_LPC17xx/inc" -O0 -fno-common -g3 -Wall -c -fmessage-length=0 -fno-builtin -ffunction-sections -fdata-sections -fmerge-constants -fmacro-prefix-map="../src/"= -mcpu=cortex-m3 -mthumb -fstack-usage -specs=redlib.specs -MMD -MP -MF"src/Ej_ADC_Timer.d" -MT"src/Ej_ADC_Timer.o" -MT"src/Ej_ADC_Timer.d" -o "src/Ej_ADC_Timer.o" "../src/Ej_ADC_Timer.c"
../src/Ej_ADC_Timer.c: In function 'ADC_IRQHandler':
../src/Ej_ADC_Timer.c:66:8: warning: variable 'volt' set but not used [-Wunused-but-set-variable]
   66 |  float volt = 0;
      |        ^~~~
Finished building: ../src/Ej_ADC_Timer.c
 
Building target: Ej_ADC_Timer.axf
Invoking: MCU Linker
arm-none-eabi-gcc -nostdlib -L"/home/bruno/Documents/Facultad/Electrónica Digital III/MCUxpresso_TPs/CMSISv2p00_LPC17xx/Debug" -Xlinker -Map="Ej_ADC_Timer.map" -Xlinker --cref -Xlinker --gc-sections -Xlinker -print-memory-usage -mcpu=cortex-m3 -mthumb -T "Ej_ADC_Timer_Debug.ld" -o "Ej_ADC_Timer.axf"  ./src/Ej_ADC_Timer.o ./src/cr_startup_lpc175x_6x.o ./src/crp.o   -lCMSISv2p00_LPC17xx
Memory region         Used Size  Region Size  %age Used
       MFlash512:        2000 B       512 KB      0.38%
        RamLoc32:           4 B        32 KB      0.01%
        RamAHB32:          0 GB        32 KB      0.00%
Finished building target: Ej_ADC_Timer.axf
 
Performing post-build steps
arm-none-eabi-size "Ej_ADC_Timer.axf"; # arm-none-eabi-objcopy -v -O binary "Ej_ADC_Timer.axf" "Ej_ADC_Timer.bin" ; # checksum -p LPC1769 -d "Ej_ADC_Timer.bin";
   text	   data	    bss	    dec	    hex	filename
   2000	      0	      4	   2004	    7d4	Ej_ADC_Timer.axf
 
