09:26:17 **** Incremental Build of configuration Debug for project CMSISv2p00_LPC17xx ****
make -r -j4 all 
make[1]: Nothing to be done for 'main-build'.
Performing post-build steps
arm-none-eabi-size libCMSISv2p00_LPC17xx.a ; # arm-none-eabi-objdump -h -S libCMSISv2p00_LPC17xx.a >libCMSISv2p00_LPC17xx.lss
   text	   data	    bss	    dec	    hex	filename
      0	      0	      0	      0	      0	core_cm3.o (ex libCMSISv2p00_LPC17xx.a)
    400	      4	      0	    404	    194	system_LPC17xx.o (ex libCMSISv2p00_LPC17xx.a)
 
09:26:17 **** Incremental Build of configuration Debug for project EjTimerMatch1_Genero ****
make -r -j4 all 
make[1]: Nothing to be done for 'main-build'.
Performing post-build steps
arm-none-eabi-size "EjTimerMatch1_Genero.axf"; # arm-none-eabi-objcopy -v -O binary "EjTimerMatch1_Genero.axf" "EjTimerMatch1_Genero.bin" ; # checksum -p LPC1769 -d "EjTimerMatch1_Genero.bin";
   text	   data	    bss	    dec	    hex	filename
   1440	      0	      4	   1444	    5a4	EjTimerMatch1_Genero.axf
 
