10:34:43 **** Build of configuration Debug for project GPIO_Entrada1_Genero ****
make -r -j4 all 
Building file: ../src/GPIO_Entrada1_Genero.c
Building file: ../src/cr_startup_lpc175x_6x.c
Invoking: MCU C Compiler
arm-none-eabi-gcc -DDEBUG -D__CODE_RED -DCORE_M3 -D__USE_CMSIS=CMSISv2p00_LPC17xx -D__LPC17XX__ -D__REDLIB__ -I"/home/bruno/Documents/Facultad/Electrónica Digital III/MCUxpresso_TPs/CMSISv2p00_LPC17xx/inc" -O0 -fno-common -g3 -Wall -c -fmessage-length=0 -fno-builtin -ffunction-sections -fdata-sections -fmerge-constants -fmacro-prefix-map="../src/"= -mcpu=cortex-m3 -mthumb -fstack-usage -specs=redlib.specs -MMD -MP -MF"src/GPIO_Entrada1_Genero.d" -MT"src/GPIO_Entrada1_Genero.o" -MT"src/GPIO_Entrada1_Genero.d" -o "src/GPIO_Entrada1_Genero.o" "../src/GPIO_Entrada1_Genero.c"
Building file: ../src/crp.c
Invoking: MCU C Compiler
arm-none-eabi-gcc -DDEBUG -D__CODE_RED -DCORE_M3 -D__USE_CMSIS=CMSISv2p00_LPC17xx -D__LPC17XX__ -D__REDLIB__ -I"/home/bruno/Documents/Facultad/Electrónica Digital III/MCUxpresso_TPs/CMSISv2p00_LPC17xx/inc" -O0 -fno-common -g3 -Wall -c -fmessage-length=0 -fno-builtin -ffunction-sections -fdata-sections -fmerge-constants -fmacro-prefix-map="../src/"= -mcpu=cortex-m3 -mthumb -fstack-usage -specs=redlib.specs -MMD -MP -MF"src/cr_startup_lpc175x_6x.d" -MT"src/cr_startup_lpc175x_6x.o" -MT"src/cr_startup_lpc175x_6x.d" -o "src/cr_startup_lpc175x_6x.o" "../src/cr_startup_lpc175x_6x.c"
Invoking: MCU C Compiler
arm-none-eabi-gcc -DDEBUG -D__CODE_RED -DCORE_M3 -D__USE_CMSIS=CMSISv2p00_LPC17xx -D__LPC17XX__ -D__REDLIB__ -I"/home/bruno/Documents/Facultad/Electrónica Digital III/MCUxpresso_TPs/CMSISv2p00_LPC17xx/inc" -O0 -fno-common -g3 -Wall -c -fmessage-length=0 -fno-builtin -ffunction-sections -fdata-sections -fmerge-constants -fmacro-prefix-map="../src/"= -mcpu=cortex-m3 -mthumb -fstack-usage -specs=redlib.specs -MMD -MP -MF"src/crp.d" -MT"src/crp.o" -MT"src/crp.d" -o "src/crp.o" "../src/crp.c"
Finished building: ../src/cr_startup_lpc175x_6x.c
 
Finished building: ../src/crp.c
 
Finished building: ../src/GPIO_Entrada1_Genero.c
 
Building target: GPIO_Entrada1_Genero.axf
Invoking: MCU Linker
arm-none-eabi-gcc -nostdlib -L"/home/bruno/Documents/Facultad/Electrónica Digital III/MCUxpresso_TPs/CMSISv2p00_LPC17xx/Debug" -Xlinker -Map="GPIO_Entrada1_Genero.map" -Xlinker --cref -Xlinker --gc-sections -Xlinker -print-memory-usage -mcpu=cortex-m3 -mthumb -T "GPIO_Entrada1_Genero_Debug.ld" -o "GPIO_Entrada1_Genero.axf"  ./src/GPIO_Entrada1_Genero.o ./src/cr_startup_lpc175x_6x.o ./src/crp.o   -lCMSISv2p00_LPC17xx
Memory region         Used Size  Region Size  %age Used
       MFlash512:        1104 B       512 KB      0.21%
        RamLoc32:          0 GB        32 KB      0.00%
        RamAHB32:          0 GB        32 KB      0.00%
Finished building target: GPIO_Entrada1_Genero.axf
 
Performing post-build steps
arm-none-eabi-size "GPIO_Entrada1_Genero.axf"; # arm-none-eabi-objcopy -v -O binary "GPIO_Entrada1_Genero.axf" "GPIO_Entrada1_Genero.bin" ; # checksum -p LPC1769 -d "GPIO_Entrada1_Genero.bin";
   text	   data	    bss	    dec	    hex	filename
   1104	      0	      0	   1104	    450	GPIO_Entrada1_Genero.axf
 

10:34:44 Build Finished. 0 errors, 0 warnings. (took 215ms)

