08:52:58 **** Build of configuration Debug for project GPIO_Int2_Genero ****
make -r -j4 all 
Building file: ../src/GPIO_Int2_Genero.c
Invoking: MCU C Compiler
arm-none-eabi-gcc -DDEBUG -D__CODE_RED -DCORE_M3 -D__USE_CMSIS=CMSISv2p00_LPC17xx -D__LPC17XX__ -D__REDLIB__ -I"/home/bruno/Documents/Facultad/Electrónica Digital III/MCUxpresso_TPs/CMSISv2p00_LPC17xx/inc" -O0 -fno-common -g3 -Wall -c -fmessage-length=0 -fno-builtin -ffunction-sections -fdata-sections -fmerge-constants -fmacro-prefix-map="../src/"= -mcpu=cortex-m3 -mthumb -fstack-usage -specs=redlib.specs -MMD -MP -MF"src/GPIO_Int2_Genero.d" -MT"src/GPIO_Int2_Genero.o" -MT"src/GPIO_Int2_Genero.d" -o "src/GPIO_Int2_Genero.o" "../src/GPIO_Int2_Genero.c"
Finished building: ../src/GPIO_Int2_Genero.c
 
Building target: GPIO_Int2_Genero.axf
Invoking: MCU Linker
arm-none-eabi-gcc -nostdlib -L"/home/bruno/Documents/Facultad/Electrónica Digital III/MCUxpresso_TPs/CMSISv2p00_LPC17xx/Debug" -Xlinker -Map="GPIO_Int2_Genero.map" -Xlinker --cref -Xlinker --gc-sections -Xlinker -print-memory-usage -mcpu=cortex-m3 -mthumb -T "GPIO_Int2_Genero_Debug.ld" -o "GPIO_Int2_Genero.axf"  ./src/GPIO_Int2_Genero.o ./src/cr_startup_lpc175x_6x.o ./src/crp.o   -lCMSISv2p00_LPC17xx
Memory region         Used Size  Region Size  %age Used
       MFlash512:        1228 B       512 KB      0.23%
        RamLoc32:           4 B        32 KB      0.01%
        RamAHB32:          0 GB        32 KB      0.00%
Finished building target: GPIO_Int2_Genero.axf
 
Performing post-build steps
arm-none-eabi-size "GPIO_Int2_Genero.axf"; # arm-none-eabi-objcopy -v -O binary "GPIO_Int2_Genero.axf" "GPIO_Int2_Genero.bin" ; # checksum -p LPC1769 -d "GPIO_Int2_Genero.bin";
   text	   data	    bss	    dec	    hex	filename
   1228	      0	      4	   1232	    4d0	GPIO_Int2_Genero.axf
 

08:52:58 Build Finished. 0 errors, 0 warnings. (took 470ms)

