10:36:09 **** Incremental Build of configuration Debug for project GPIO_Entrada2_Genero ****
make -r -j4 all 
Building file: ../src/GPIO_Entrada2_Genero.c
Invoking: MCU C Compiler
arm-none-eabi-gcc -DDEBUG -D__CODE_RED -DCORE_M3 -D__USE_CMSIS=CMSISv2p00_LPC17xx -D__LPC17XX__ -D__REDLIB__ -I"/home/bruno/Documents/Facultad/Electrónica Digital III/MCUxpresso_TPs/CMSISv2p00_LPC17xx/inc" -O0 -fno-common -g3 -Wall -c -fmessage-length=0 -fno-builtin -ffunction-sections -fdata-sections -fmerge-constants -fmacro-prefix-map="../src/"= -mcpu=cortex-m3 -mthumb -fstack-usage -specs=redlib.specs -MMD -MP -MF"src/GPIO_Entrada2_Genero.d" -MT"src/GPIO_Entrada2_Genero.o" -MT"src/GPIO_Entrada2_Genero.d" -o "src/GPIO_Entrada2_Genero.o" "../src/GPIO_Entrada2_Genero.c"
../src/GPIO_Entrada2_Genero.c: In function 'main':
../src/GPIO_Entrada2_Genero.c:19:8: warning: variable 'pulsados' set but not used [-Wunused-but-set-variable]
   19 |  char *pulsados = NULL;
      |        ^~~~~~~~
Finished building: ../src/GPIO_Entrada2_Genero.c
 
Building target: GPIO_Entrada2_Genero.axf
Invoking: MCU Linker
arm-none-eabi-gcc -nostdlib -L"/home/bruno/Documents/Facultad/Electrónica Digital III/MCUxpresso_TPs/CMSISv2p00_LPC17xx/Debug" -Xlinker -Map="GPIO_Entrada2_Genero.map" -Xlinker --cref -Xlinker --gc-sections -Xlinker -print-memory-usage -mcpu=cortex-m3 -mthumb -T "GPIO_Entrada2_Genero_Debug.ld" -o "GPIO_Entrada2_Genero.axf"  ./src/GPIO_Entrada2_Genero.o ./src/cr_startup_lpc175x_6x.o ./src/crp.o   -lCMSISv2p00_LPC17xx
Memory region         Used Size  Region Size  %age Used
       MFlash512:        1140 B       512 KB      0.22%
        RamLoc32:          0 GB        32 KB      0.00%
        RamAHB32:          0 GB        32 KB      0.00%
Finished building target: GPIO_Entrada2_Genero.axf
 
Performing post-build steps
arm-none-eabi-size "GPIO_Entrada2_Genero.axf"; # arm-none-eabi-objcopy -v -O binary "GPIO_Entrada2_Genero.axf" "GPIO_Entrada2_Genero.bin" ; # checksum -p LPC1769 -d "GPIO_Entrada2_Genero.bin";
   text	   data	    bss	    dec	    hex	filename
   1140	      0	      0	   1140	    474	GPIO_Entrada2_Genero.axf
 

10:36:09 Build Finished. 0 errors, 1 warnings. (took 214ms)

