09:55:05 **** Build of configuration Debug for project InterruptExt_ejemplo ****
make -r -j4 all 
Building file: ../src/InterruptExt_ejemplo.c
Building file: ../src/cr_startup_lpc175x_6x.c
Invoking: MCU C Compiler
arm-none-eabi-gcc -DDEBUG -D__CODE_RED -DCORE_M3 -D__USE_CMSIS=CMSISv2p00_LPC17xx -D__LPC17XX__ -D__REDLIB__ -I"/home/bruno/Documents/Facultad/Electrónica Digital III/MCUxpresso_TPs/CMSISv2p00_LPC17xx/inc" -O0 -fno-common -g3 -Wall -c -fmessage-length=0 -fno-builtin -ffunction-sections -fdata-sections -fmerge-constants -fmacro-prefix-map="../src/"= -mcpu=cortex-m3 -mthumb -fstack-usage -specs=redlib.specs -MMD -MP -MF"src/InterruptExt_ejemplo.d" -MT"src/InterruptExt_ejemplo.o" -MT"src/InterruptExt_ejemplo.d" -o "src/InterruptExt_ejemplo.o" "../src/InterruptExt_ejemplo.c"
Invoking: MCU C Compiler
arm-none-eabi-gcc -DDEBUG -D__CODE_RED -DCORE_M3 -D__USE_CMSIS=CMSISv2p00_LPC17xx -D__LPC17XX__ -D__REDLIB__ -I"/home/bruno/Documents/Facultad/Electrónica Digital III/MCUxpresso_TPs/CMSISv2p00_LPC17xx/inc" -O0 -fno-common -g3 -Wall -c -fmessage-length=0 -fno-builtin -ffunction-sections -fdata-sections -fmerge-constants -fmacro-prefix-map="../src/"= -mcpu=cortex-m3 -mthumb -fstack-usage -specs=redlib.specs -MMD -MP -MF"src/cr_startup_lpc175x_6x.d" -MT"src/cr_startup_lpc175x_6x.o" -MT"src/cr_startup_lpc175x_6x.d" -o "src/cr_startup_lpc175x_6x.o" "../src/cr_startup_lpc175x_6x.c"
Building file: ../src/crp.c
Invoking: MCU C Compiler
arm-none-eabi-gcc -DDEBUG -D__CODE_RED -DCORE_M3 -D__USE_CMSIS=CMSISv2p00_LPC17xx -D__LPC17XX__ -D__REDLIB__ -I"/home/bruno/Documents/Facultad/Electrónica Digital III/MCUxpresso_TPs/CMSISv2p00_LPC17xx/inc" -O0 -fno-common -g3 -Wall -c -fmessage-length=0 -fno-builtin -ffunction-sections -fdata-sections -fmerge-constants -fmacro-prefix-map="../src/"= -mcpu=cortex-m3 -mthumb -fstack-usage -specs=redlib.specs -MMD -MP -MF"src/crp.d" -MT"src/crp.o" -MT"src/crp.d" -o "src/crp.o" "../src/crp.c"
Finished building: ../src/InterruptExt_ejemplo.c
 
Finished building: ../src/cr_startup_lpc175x_6x.c
 
Finished building: ../src/crp.c
 
Building target: InterruptExt_ejemplo.axf
Invoking: MCU Linker
arm-none-eabi-gcc -nostdlib -L"/home/bruno/Documents/Facultad/Electrónica Digital III/MCUxpresso_TPs/CMSISv2p00_LPC17xx/Debug" -Xlinker -Map="InterruptExt_ejemplo.map" -Xlinker --cref -Xlinker --gc-sections -Xlinker -print-memory-usage -mcpu=cortex-m3 -mthumb -T "InterruptExt_ejemplo_Debug.ld" -o "InterruptExt_ejemplo.axf"  ./src/InterruptExt_ejemplo.o ./src/cr_startup_lpc175x_6x.o ./src/crp.o   -lCMSISv2p00_LPC17xx
Memory region         Used Size  Region Size  %age Used
       MFlash512:        1320 B       512 KB      0.25%
        RamLoc32:           4 B        32 KB      0.01%
        RamAHB32:          0 GB        32 KB      0.00%
Finished building target: InterruptExt_ejemplo.axf
 
Performing post-build steps
arm-none-eabi-size "InterruptExt_ejemplo.axf"; # arm-none-eabi-objcopy -v -O binary "InterruptExt_ejemplo.axf" "InterruptExt_ejemplo.bin" ; # checksum -p LPC1769 -d "InterruptExt_ejemplo.bin";
   text	   data	    bss	    dec	    hex	filename
   1320	      0	      4	   1324	    52c	InterruptExt_ejemplo.axf
 

09:55:06 Build Finished. 0 errors, 0 warnings. (took 396ms)

