19:28:23 **** Incremental Build of configuration Debug for project pruebaconexion ****
make -r -j4 all 
make[1]: Nothing to be done for 'main-build'.
Performing post-build steps
arm-none-eabi-size "pruebaconexion.axf"; # arm-none-eabi-objcopy -v -O binary "pruebaconexion.axf" "pruebaconexion.bin" ; # checksum -p LPC1769 -d "pruebaconexion.bin";
   text	   data	    bss	    dec	    hex	filename
   1100	      4	      0	   1104	    450	pruebaconexion.axf
 

19:28:24 Build Finished. 0 errors, 0 warnings. (took 165ms)

