09:25:08 **** Incremental Build of configuration Debug for project prueba ****
make -r -j4 all 
Building file: ../src/prueba.c
Invoking: MCU C Compiler
arm-none-eabi-gcc -DDEBUG -D__CODE_RED -DCORE_M3 -D__USE_CMSIS=CMSISv2p00_LPC17xx -D__LPC17XX__ -D__REDLIB__ -I"/home/bruno/Documents/Facultad/Electrónica Digital III/MCUxpresso_TPs/CMSISv2p00_LPC17xx/inc" -O0 -fno-common -g3 -Wall -c -fmessage-length=0 -fno-builtin -ffunction-sections -fdata-sections -fmerge-constants -fmacro-prefix-map="../src/"= -mcpu=cortex-m3 -mthumb -fstack-usage -specs=redlib.specs -MMD -MP -MF"src/prueba.d" -MT"src/prueba.o" -MT"src/prueba.d" -o "src/prueba.o" "../src/prueba.c"
Finished building: ../src/prueba.c
 
Building target: prueba.axf
Invoking: MCU Linker
arm-none-eabi-gcc -nostdlib -L"/home/bruno/Documents/Facultad/Electrónica Digital III/MCUxpresso_TPs/CMSISv2p00_LPC17xx/Debug" -Xlinker -Map="prueba.map" -Xlinker --cref -Xlinker --gc-sections -Xlinker -print-memory-usage -mcpu=cortex-m3 -mthumb -T "prueba_Debug.ld" -o "prueba.axf"  ./src/cr_startup_lpc175x_6x.o ./src/crp.o ./src/prueba.o   -lCMSISv2p00_LPC17xx
Memory region         Used Size  Region Size  %age Used
       MFlash512:        1320 B       512 KB      0.25%
        RamLoc32:           4 B        32 KB      0.01%
        RamAHB32:          0 GB        32 KB      0.00%
Finished building target: prueba.axf
 
Performing post-build steps
arm-none-eabi-size "prueba.axf"; # arm-none-eabi-objcopy -v -O binary "prueba.axf" "prueba.bin" ; # checksum -p LPC1769 -d "prueba.bin";
   text	   data	    bss	    dec	    hex	filename
   1320	      0	      4	   1324	    52c	prueba.axf
 

09:25:08 Build Finished. 0 errors, 0 warnings. (took 388ms)

