20:43:54 **** Incremental Build of configuration Debug for project SysTick_Ejemplo ****
make -r -j4 all 
Building file: ../src/SysTick_Ejemplo.c
Invoking: MCU C Compiler
arm-none-eabi-gcc -DDEBUG -D__CODE_RED -DCORE_M3 -D__USE_CMSIS=CMSISv2p00_LPC17xx -D__LPC17XX__ -D__REDLIB__ -I"/home/bruno/Documents/Facultad/Electrónica Digital III/MCUxpresso_TPs/CMSISv2p00_LPC17xx/inc" -O0 -fno-common -g3 -Wall -c -fmessage-length=0 -fno-builtin -ffunction-sections -fdata-sections -fmerge-constants -fmacro-prefix-map="../src/"= -mcpu=cortex-m3 -mthumb -fstack-usage -specs=redlib.specs -MMD -MP -MF"src/SysTick_Ejemplo.d" -MT"src/SysTick_Ejemplo.o" -MT"src/SysTick_Ejemplo.d" -o "src/SysTick_Ejemplo.o" "../src/SysTick_Ejemplo.c"
Finished building: ../src/SysTick_Ejemplo.c
 
Building target: SysTick_Ejemplo.axf
Invoking: MCU Linker
arm-none-eabi-gcc -nostdlib -L"/home/bruno/Documents/Facultad/Electrónica Digital III/MCUxpresso_TPs/CMSISv2p00_LPC17xx/Debug" -Xlinker -Map="SysTick_Ejemplo.map" -Xlinker --cref -Xlinker --gc-sections -Xlinker -print-memory-usage -mcpu=cortex-m3 -mthumb -T "SysTick_Ejemplo_Debug.ld" -o "SysTick_Ejemplo.axf"  ./src/SysTick_Ejemplo.o ./src/cr_startup_lpc175x_6x.o ./src/crp.o   -lCMSISv2p00_LPC17xx
Memory region         Used Size  Region Size  %age Used
       MFlash512:        1304 B       512 KB      0.25%
        RamLoc32:           8 B        32 KB      0.02%
        RamAHB32:          0 GB        32 KB      0.00%
Finished building target: SysTick_Ejemplo.axf
 
Performing post-build steps
arm-none-eabi-size "SysTick_Ejemplo.axf"; # arm-none-eabi-objcopy -v -O binary "SysTick_Ejemplo.axf" "SysTick_Ejemplo.bin" ; # checksum -p LPC1769 -d "SysTick_Ejemplo.bin";
   text	   data	    bss	    dec	    hex	filename
   1300	      4	      4	   1308	    51c	SysTick_Ejemplo.axf
 

20:43:54 Build Finished. 0 errors, 0 warnings. (took 217ms)

