15:03:47 **** Incremental Build of configuration Debug for project EjemploDriver ****
make -r -j4 all 
Building file: ../src/EjemploDriver.c
Invoking: MCU C Compiler
arm-none-eabi-gcc -DDEBUG -D__CODE_RED -DCORE_M3 -D__USE_CMSIS=CMSISv2p00_LPC17xx -D__LPC17XX__ -D__REDLIB__ -I"/home/bruno/Documents/Facultad/Electrónica Digital III/ED3_Drivers/CMSISv2p00_LPC17xx/inc" -I"/home/bruno/Documents/Facultad/Electrónica Digital III/ED3_Drivers/CMSISv2p00_LPC17xx/Drivers/inc" -O0 -fno-common -g3 -Wall -c -fmessage-length=0 -fno-builtin -ffunction-sections -fdata-sections -fmerge-constants -fmacro-prefix-map="../src/"= -mcpu=cortex-m3 -mthumb -fstack-usage -specs=redlib.specs -MMD -MP -MF"src/EjemploDriver.d" -MT"src/EjemploDriver.o" -MT"src/EjemploDriver.d" -o "src/EjemploDriver.o" "../src/EjemploDriver.c"
Finished building: ../src/EjemploDriver.c
 
Building target: EjemploDriver.axf
Invoking: MCU Linker
arm-none-eabi-gcc -nostdlib -L"/home/bruno/Documents/Facultad/Electrónica Digital III/ED3_Drivers/CMSISv2p00_LPC17xx/Debug" -Xlinker -Map="EjemploDriver.map" -Xlinker --cref -Xlinker --gc-sections -Xlinker -print-memory-usage -mcpu=cortex-m3 -mthumb -T "EjemploDriver_Debug.ld" -o "EjemploDriver.axf"  ./src/EjemploDriver.o ./src/cr_startup_lpc175x_6x.o ./src/crp.o   -lCMSISv2p00_LPC17xx
Memory region         Used Size  Region Size  %age Used
       MFlash512:        1212 B       512 KB      0.23%
        RamLoc32:          0 GB        32 KB      0.00%
        RamAHB32:          0 GB        32 KB      0.00%
Finished building target: EjemploDriver.axf
 
Performing post-build steps
arm-none-eabi-size "EjemploDriver.axf"; # arm-none-eabi-objcopy -v -O binary "EjemploDriver.axf" "EjemploDriver.bin" ; # checksum -p LPC1769 -d "EjemploDriver.bin";
   text	   data	    bss	    dec	    hex	filename
   1212	      0	      0	   1212	    4bc	EjemploDriver.axf
 

15:03:48 Build Finished. 0 errors, 0 warnings. (took 266ms)

