15:04:25 **** Incremental Build of configuration Debug for project EjemploADC_Driver ****
make -r -j4 all 
Building file: ../src/EjemploADC_Driver.c
Building file: ../src/cr_startup_lpc175x_6x.c
Building file: ../src/crp.c
Invoking: MCU C Compiler
arm-none-eabi-gcc -DDEBUG -D__CODE_RED -DCORE_M3 -D__USE_CMSIS=CMSISv2p00_LPC17xx -D__LPC17XX__ -D__REDLIB__ -I"/home/bruno/Documents/Facultad/Electrónica Digital III/ED3_Drivers/CMSISv2p00_LPC17xx/inc" -I"/home/bruno/Documents/Facultad/Electrónica Digital III/ED3_Drivers/CMSISv2p00_LPC17xx/Drivers/inc" -O0 -fno-common -g3 -Wall -c -fmessage-length=0 -fno-builtin -ffunction-sections -fdata-sections -fmerge-constants -fmacro-prefix-map="../src/"= -mcpu=cortex-m3 -mthumb -fstack-usage -specs=redlib.specs -MMD -MP -MF"src/EjemploADC_Driver.d" -MT"src/EjemploADC_Driver.o" -MT"src/EjemploADC_Driver.d" -o "src/EjemploADC_Driver.o" "../src/EjemploADC_Driver.c"
Invoking: MCU C Compiler
Invoking: MCU C Compiler
arm-none-eabi-gcc -DDEBUG -D__CODE_RED -DCORE_M3 -D__USE_CMSIS=CMSISv2p00_LPC17xx -D__LPC17XX__ -D__REDLIB__ -I"/home/bruno/Documents/Facultad/Electrónica Digital III/ED3_Drivers/CMSISv2p00_LPC17xx/inc" -I"/home/bruno/Documents/Facultad/Electrónica Digital III/ED3_Drivers/CMSISv2p00_LPC17xx/Drivers/inc" -O0 -fno-common -g3 -Wall -c -fmessage-length=0 -fno-builtin -ffunction-sections -fdata-sections -fmerge-constants -fmacro-prefix-map="../src/"= -mcpu=cortex-m3 -mthumb -fstack-usage -specs=redlib.specs -MMD -MP -MF"src/cr_startup_lpc175x_6x.d" -MT"src/cr_startup_lpc175x_6x.o" -MT"src/cr_startup_lpc175x_6x.d" -o "src/cr_startup_lpc175x_6x.o" "../src/cr_startup_lpc175x_6x.c"
arm-none-eabi-gcc -DDEBUG -D__CODE_RED -DCORE_M3 -D__USE_CMSIS=CMSISv2p00_LPC17xx -D__LPC17XX__ -D__REDLIB__ -I"/home/bruno/Documents/Facultad/Electrónica Digital III/ED3_Drivers/CMSISv2p00_LPC17xx/inc" -I"/home/bruno/Documents/Facultad/Electrónica Digital III/ED3_Drivers/CMSISv2p00_LPC17xx/Drivers/inc" -O0 -fno-common -g3 -Wall -c -fmessage-length=0 -fno-builtin -ffunction-sections -fdata-sections -fmerge-constants -fmacro-prefix-map="../src/"= -mcpu=cortex-m3 -mthumb -fstack-usage -specs=redlib.specs -MMD -MP -MF"src/crp.d" -MT"src/crp.o" -MT"src/crp.d" -o "src/crp.o" "../src/crp.c"
Finished building: ../src/crp.c
Finished building: ../src/EjemploADC_Driver.c
Finished building: ../src/cr_startup_lpc175x_6x.c
 
 
 
Building target: EjemploADC_Driver.axf
Invoking: MCU Linker
arm-none-eabi-gcc -nostdlib -L"/home/bruno/Documents/Facultad/Electrónica Digital III/ED3_Drivers/CMSISv2p00_LPC17xx/Debug" -Xlinker -Map="EjemploADC_Driver.map" -Xlinker --cref -Xlinker --gc-sections -Xlinker -print-memory-usage -mcpu=cortex-m3 -mthumb -T "EjemploADC_Driver_Debug.ld" -o "EjemploADC_Driver.axf"  ./src/EjemploADC_Driver.o ./src/cr_startup_lpc175x_6x.o ./src/crp.o   -lCMSISv2p00_LPC17xx
Memory region         Used Size  Region Size  %age Used
       MFlash512:        1812 B       512 KB      0.35%
        RamLoc32:           4 B        32 KB      0.01%
        RamAHB32:          0 GB        32 KB      0.00%
Finished building target: EjemploADC_Driver.axf
 
Performing post-build steps
arm-none-eabi-size "EjemploADC_Driver.axf"; # arm-none-eabi-objcopy -v -O binary "EjemploADC_Driver.axf" "EjemploADC_Driver.bin" ; # checksum -p LPC1769 -d "EjemploADC_Driver.bin";
   text	   data	    bss	    dec	    hex	filename
   1808	      4	      0	   1812	    714	EjemploADC_Driver.axf
 

15:04:25 Build Finished. 0 errors, 0 warnings. (took 225ms)

