15:05:54 **** Incremental Build of configuration Debug for project Ejemplo_Adc_Timer ****
make -r -j4 all 
make[1]: Nothing to be done for 'main-build'.
Performing post-build steps
arm-none-eabi-size "Ejemplo_Adc_Timer.axf"; # arm-none-eabi-objcopy -v -O binary "Ejemplo_Adc_Timer.axf" "Ejemplo_Adc_Timer.bin" ; # checksum -p LPC1769 -d "Ejemplo_Adc_Timer.bin";
   text	   data	    bss	    dec	    hex	filename
   2756	      4	      0	   2760	    ac8	Ejemplo_Adc_Timer.axf
 

15:05:54 Build Finished. 0 errors, 0 warnings. (took 175ms)

