14:58:39 **** Incremental Build of configuration Debug for project EjTimer_Driver ****
make -r -j4 all 
Building file: ../src/EjTimer_Driver.c
Invoking: MCU C Compiler
arm-none-eabi-gcc -DDEBUG -D__CODE_RED -DCORE_M3 -D__USE_CMSIS=CMSISv2p00_LPC17xx -D__LPC17XX__ -D__REDLIB__ -I"/home/bruno/Documents/Facultad/Electrónica Digital III/ED3_Drivers/CMSISv2p00_LPC17xx" -I"/home/bruno/Documents/Facultad/Electrónica Digital III/ED3_Drivers/CMSISv2p00_LPC17xx/inc" -include"/home/bruno/Documents/Facultad/Electrónica Digital III/ED3_Drivers/CMSISv2p00_LPC17xx/Drivers/inc/lpc17xx_timer.h" -O0 -fno-common -g3 -Wall -c -fmessage-length=0 -fno-builtin -ffunction-sections -fdata-sections -fmerge-constants -fmacro-prefix-map="../src/"= -mcpu=cortex-m3 -mthumb -fstack-usage -specs=redlib.specs -MMD -MP -MF"src/EjTimer_Driver.d" -MT"src/EjTimer_Driver.o" -MT"src/EjTimer_Driver.d" -o "src/EjTimer_Driver.o" "../src/EjTimer_Driver.c"
Finished building: ../src/EjTimer_Driver.c
 
Building target: EjTimer_Driver.axf
Invoking: MCU Linker
arm-none-eabi-gcc -nostdlib -L"/home/bruno/Documents/Facultad/Electrónica Digital III/ED3_Drivers/CMSISv2p00_LPC17xx/Debug" -Xlinker -Map="EjTimer_Driver.map" -Xlinker --cref -Xlinker --gc-sections -Xlinker -print-memory-usage -mcpu=cortex-m3 -mthumb -T "EjTimer_Driver_Debug.ld" -o "EjTimer_Driver.axf"  ./src/EjTimer_Driver.o ./src/cr_startup_lpc175x_6x.o ./src/crp.o   -lCMSISv2p00_LPC17xx
Memory region         Used Size  Region Size  %age Used
       MFlash512:        2760 B       512 KB      0.53%
        RamLoc32:           4 B        32 KB      0.01%
        RamAHB32:          0 GB        32 KB      0.00%
Finished building target: EjTimer_Driver.axf
 
Performing post-build steps
arm-none-eabi-size "EjTimer_Driver.axf"; # arm-none-eabi-objcopy -v -O binary "EjTimer_Driver.axf" "EjTimer_Driver.bin" ; # checksum -p LPC1769 -d "EjTimer_Driver.bin";
   text	   data	    bss	    dec	    hex	filename
   2756	      4	      0	   2760	    ac8	EjTimer_Driver.axf
 

14:58:40 Build Finished. 0 errors, 0 warnings. (took 318ms)

