11:53:21 **** Incremental Build of configuration Debug for project CMSISv2p00_LPC17xx ****
make -r -j4 all 
make[1]: Nothing to be done for 'main-build'.
Performing post-build steps
arm-none-eabi-size libCMSISv2p00_LPC17xx.a ; # arm-none-eabi-objdump -h -S libCMSISv2p00_LPC17xx.a >libCMSISv2p00_LPC17xx.lss
   text	   data	    bss	    dec	    hex	filename
      0	      0	      0	      0	      0	core_cm3.o (ex libCMSISv2p00_LPC17xx.a)
    400	      4	      0	    404	    194	system_LPC17xx.o (ex libCMSISv2p00_LPC17xx.a)
    926	      0	     40	    966	    3c6	debug_frmwrk.o (ex libCMSISv2p00_LPC17xx.a)
    714	      0	      0	    714	    2ca	lpc17xx_adc.o (ex libCMSISv2p00_LPC17xx.a)
   5738	      0	     11	   5749	   1675	lpc17xx_can.o (ex libCMSISv2p00_LPC17xx.a)
    296	      0	      0	    296	    128	lpc17xx_clkpwr.o (ex libCMSISv2p00_LPC17xx.a)
    250	      0	      0	    250	     fa	lpc17xx_dac.o (ex libCMSISv2p00_LPC17xx.a)
   1305	      0	  10852	  12157	   2f7d	lpc17xx_emac.o (ex libCMSISv2p00_LPC17xx.a)
    182	      0	      0	    182	     b6	lpc17xx_exti.o (ex libCMSISv2p00_LPC17xx.a)
    908	     32	      0	    940	    3ac	lpc17xx_gpdma.o (ex libCMSISv2p00_LPC17xx.a)
    572	      0	      0	    572	    23c	lpc17xx_gpio.o (ex libCMSISv2p00_LPC17xx.a)
   2388	      0	     52	   2440	    988	lpc17xx_i2c.o (ex libCMSISv2p00_LPC17xx.a)
   1684	      0	      0	   1684	    694	lpc17xx_i2s.o (ex libCMSISv2p00_LPC17xx.a)
      2	      0	      0	      2	      2	lpc17xx_libcfg_default.o (ex libCMSISv2p00_LPC17xx.a)
    684	      0	      0	    684	    2ac	lpc17xx_mcpwm.o (ex libCMSISv2p00_LPC17xx.a)
    116	      0	      0	    116	     74	lpc17xx_nvic.o (ex libCMSISv2p00_LPC17xx.a)
    184	      0	      0	    184	     b8	lpc17xx_pinsel.o (ex libCMSISv2p00_LPC17xx.a)
   1414	      0	      0	   1414	    586	lpc17xx_pwm.o (ex libCMSISv2p00_LPC17xx.a)
   1234	      0	      0	   1234	    4d2	lpc17xx_qei.o (ex libCMSISv2p00_LPC17xx.a)
    346	      0	      0	    346	    15a	lpc17xx_rit.o (ex libCMSISv2p00_LPC17xx.a)
   2242	      0	      0	   2242	    8c2	lpc17xx_rtc.o (ex libCMSISv2p00_LPC17xx.a)
    824	      0	      0	    824	    338	lpc17xx_spi.o (ex libCMSISv2p00_LPC17xx.a)
   1498	      0	      0	   1498	    5da	lpc17xx_ssp.o (ex libCMSISv2p00_LPC17xx.a)
    264	      0	      0	    264	    108	lpc17xx_systick.o (ex libCMSISv2p00_LPC17xx.a)
   1440	      0	      0	   1440	    5a0	lpc17xx_timer.o (ex libCMSISv2p00_LPC17xx.a)
   2912	      0	      0	   2912	    b60	lpc17xx_uart.o (ex libCMSISv2p00_LPC17xx.a)
    314	      0	      0	    314	    13a	lpc17xx_wdt.o (ex libCMSISv2p00_LPC17xx.a)
 
11:53:21 **** Incremental Build of configuration Debug for project EjTimerMatch3_D_Genero ****
make -r -j4 all 
Building file: ../src/EjTimerMatch3_D_Genero.c
Invoking: MCU C Compiler
arm-none-eabi-gcc -DDEBUG -D__CODE_RED -DCORE_M3 -D__USE_CMSIS=CMSISv2p00_LPC17xx -D__LPC17XX__ -D__REDLIB__ -I"/home/bruno/Documents/Facultad/Electrónica Digital III/ED3_Drivers/CMSISv2p00_LPC17xx/inc" -I"/home/bruno/Documents/Facultad/Electrónica Digital III/ED3_Drivers/CMSISv2p00_LPC17xx/Drivers/inc" -O0 -fno-common -g3 -Wall -c -fmessage-length=0 -fno-builtin -ffunction-sections -fdata-sections -fmerge-constants -fmacro-prefix-map="../src/"= -mcpu=cortex-m3 -mthumb -fstack-usage -specs=redlib.specs -MMD -MP -MF"src/EjTimerMatch3_D_Genero.d" -MT"src/EjTimerMatch3_D_Genero.o" -o "src/EjTimerMatch3_D_Genero.o" "../src/EjTimerMatch3_D_Genero.c"
Finished building: ../src/EjTimerMatch3_D_Genero.c
 
Building target: EjTimerMatch3_D_Genero.axf
Invoking: MCU Linker
arm-none-eabi-gcc -nostdlib -L"/home/bruno/Documents/Facultad/Electrónica Digital III/ED3_Drivers/CMSISv2p00_LPC17xx/Debug" -Xlinker -Map="EjTimerMatch3_D_Genero.map" -Xlinker --cref -Xlinker --gc-sections -Xlinker -print-memory-usage -mcpu=cortex-m3 -mthumb -T "EjTimerMatch3_D_Genero_Debug.ld" -o "EjTimerMatch3_D_Genero.axf"  ./src/EjTimerMatch3_D_Genero.o ./src/cr_startup_lpc175x_6x.o ./src/crp.o   -lCMSISv2p00_LPC17xx
Memory region         Used Size  Region Size  %age Used
       MFlash512:        2852 B       512 KB      0.54%
        RamLoc32:           8 B        32 KB      0.02%
        RamAHB32:          0 GB        32 KB      0.00%
Finished building target: EjTimerMatch3_D_Genero.axf
 
Performing post-build steps
arm-none-eabi-size "EjTimerMatch3_D_Genero.axf"; # arm-none-eabi-objcopy -v -O binary "EjTimerMatch3_D_Genero.axf" "EjTimerMatch3_D_Genero.bin" ; # checksum -p LPC1769 -d "EjTimerMatch3_D_Genero.bin";
   text	   data	    bss	    dec	    hex	filename
   2848	      4	      4	   2856	    b28	EjTimerMatch3_D_Genero.axf
 
