/home/bruno/Documents/Facultad/Electrónica Digital III/MCUxpresso_TPs/CMSISv2p00_LPC17xx/inc/core_cm3.h:928:22:NVIC_EnableIRQ	16	static
/home/bruno/Documents/Facultad/Electrónica Digital III/MCUxpresso_TPs/CMSISv2p00_LPC17xx/inc/core_cm3.h:1012:22:NVIC_SetPriority	16	static
/home/bruno/Documents/Facultad/Electrónica Digital III/MCUxpresso_TPs/CMSISv2p00_LPC17xx/inc/core_cm3.h:1137:26:SysTick_Config	16	static
../src/EjSysTickInt_Genero.c:29:5:main	8	static
../src/EjSysTickInt_Genero.c:45:6:configGPIO	4	static
../src/EjSysTickInt_Genero.c:50:6:configIntExt	8	static
../src/EjSysTickInt_Genero.c:70:6:EINT0_IRQHanlder	4	static
../src/EjSysTickInt_Genero.c:82:6:SysTick_Handler	4	static
