/home/bruno/Documents/Facultad/Electrónica Digital III/MCUxpresso_TPs/CMSISv2p00_LPC17xx/inc/core_cm3.h:928:22:NVIC_EnableIRQ	16	static
/home/bruno/Documents/Facultad/Electrónica Digital III/MCUxpresso_TPs/CMSISv2p00_LPC17xx/inc/core_cm3.h:956:26:NVIC_GetPendingIRQ	16	static
../src/Ext_Int2_Genero.c:29:5:main	8	static
../src/Ext_Int2_Genero.c:42:6:configGPIO	4	static
../src/Ext_Int2_Genero.c:48:6:configIntExt	8	static
../src/Ext_Int2_Genero.c:62:6:EINT0_IRQHanlder	4	static
../src/Ext_Int2_Genero.c:65:6:EINT1_IRQHandler	8	static
