Archive member included to satisfy reference by file (symbol)

/home/bruno/Documents/Facultad/Electrónica Digital III/ED3_Drivers/CMSISv2p00_LPC17xx/Debug/libCMSISv2p00_LPC17xx.a(system_LPC17xx.o)
                              ./src/cr_startup_lpc175x_6x.o (SystemInit)
/home/bruno/Documents/Facultad/Electrónica Digital III/ED3_Drivers/CMSISv2p00_LPC17xx/Debug/libCMSISv2p00_LPC17xx.a(lpc17xx_exti.o)
                              ./src/EjTimerMatch3_D_Genero.o (EXTI_Init)
/home/bruno/Documents/Facultad/Electrónica Digital III/ED3_Drivers/CMSISv2p00_LPC17xx/Debug/libCMSISv2p00_LPC17xx.a(lpc17xx_pinsel.o)
                              ./src/EjTimerMatch3_D_Genero.o (PINSEL_ConfigPin)
/home/bruno/Documents/Facultad/Electrónica Digital III/ED3_Drivers/CMSISv2p00_LPC17xx/Debug/libCMSISv2p00_LPC17xx.a(lpc17xx_timer.o)
                              ./src/EjTimerMatch3_D_Genero.o (TIM_Init)
/home/bruno/Documents/Facultad/Electrónica Digital III/ED3_Drivers/CMSISv2p00_LPC17xx/Debug/libCMSISv2p00_LPC17xx.a(lpc17xx_clkpwr.o)
                              /home/bruno/Documents/Facultad/Electrónica Digital III/ED3_Drivers/CMSISv2p00_LPC17xx/Debug/libCMSISv2p00_LPC17xx.a(lpc17xx_timer.o) (CLKPWR_SetPCLKDiv)
/home/bruno/Documents/Facultad/Electrónica Digital III/ED3_Drivers/CMSISv2p00_LPC17xx/Debug/libCMSISv2p00_LPC17xx.a(lpc17xx_libcfg_default.o)
                              /home/bruno/Documents/Facultad/Electrónica Digital III/ED3_Drivers/CMSISv2p00_LPC17xx/Debug/libCMSISv2p00_LPC17xx.a(lpc17xx_timer.o) (check_failed)
/usr/local/mcuxpressoide-11.6.0_8187/ide/plugins/com.nxp.mcuxpresso.tools.linux_11.6.0.202112161359/tools/bin/../lib/gcc/arm-none-eabi/10.3.1/../../../../arm-none-eabi/lib/thumb/v7-m/nofp/libcr_c.a(__weak__main.o)
                              ./src/cr_startup_lpc175x_6x.o (__main)
/usr/local/mcuxpressoide-11.6.0_8187/ide/plugins/com.nxp.mcuxpresso.tools.linux_11.6.0.202112161359/tools/bin/../lib/gcc/arm-none-eabi/10.3.1/thumb/v7-m/nofp/libcr_eabihelpers.a(division_64.o)
                              /home/bruno/Documents/Facultad/Electrónica Digital III/ED3_Drivers/CMSISv2p00_LPC17xx/Debug/libCMSISv2p00_LPC17xx.a(system_LPC17xx.o) (__aeabi_ldivmod)
/usr/local/mcuxpressoide-11.6.0_8187/ide/plugins/com.nxp.mcuxpresso.tools.linux_11.6.0.202112161359/tools/bin/../lib/gcc/arm-none-eabi/10.3.1/thumb/v7-m/nofp/libcr_eabihelpers.a(division_idiv0.o)
                              /usr/local/mcuxpressoide-11.6.0_8187/ide/plugins/com.nxp.mcuxpresso.tools.linux_11.6.0.202112161359/tools/bin/../lib/gcc/arm-none-eabi/10.3.1/thumb/v7-m/nofp/libcr_eabihelpers.a(division_64.o) (__aeabi_idiv0)

Discarded input sections

 .group         0x0000000000000000        0xc ./src/EjTimerMatch3_D_Genero.o
 .group         0x0000000000000000        0xc ./src/EjTimerMatch3_D_Genero.o
 .group         0x0000000000000000        0xc ./src/EjTimerMatch3_D_Genero.o
 .group         0x0000000000000000        0xc ./src/EjTimerMatch3_D_Genero.o
 .group         0x0000000000000000        0xc ./src/EjTimerMatch3_D_Genero.o
 .group         0x0000000000000000        0xc ./src/EjTimerMatch3_D_Genero.o
 .group         0x0000000000000000        0xc ./src/EjTimerMatch3_D_Genero.o
 .group         0x0000000000000000        0xc ./src/EjTimerMatch3_D_Genero.o
 .group         0x0000000000000000        0xc ./src/EjTimerMatch3_D_Genero.o
 .group         0x0000000000000000        0xc ./src/EjTimerMatch3_D_Genero.o
 .group         0x0000000000000000        0xc ./src/EjTimerMatch3_D_Genero.o
 .group         0x0000000000000000        0xc ./src/EjTimerMatch3_D_Genero.o
 .group         0x0000000000000000        0xc ./src/EjTimerMatch3_D_Genero.o
 .text          0x0000000000000000        0x0 ./src/EjTimerMatch3_D_Genero.o
 .data          0x0000000000000000        0x0 ./src/EjTimerMatch3_D_Genero.o
 .bss           0x0000000000000000        0x0 ./src/EjTimerMatch3_D_Genero.o
 .group         0x0000000000000000        0xc ./src/cr_startup_lpc175x_6x.o
 .text          0x0000000000000000        0x0 ./src/cr_startup_lpc175x_6x.o
 .data          0x0000000000000000        0x0 ./src/cr_startup_lpc175x_6x.o
 .bss           0x0000000000000000        0x0 ./src/cr_startup_lpc175x_6x.o
 .debug_macro   0x0000000000000000      0xa7e ./src/cr_startup_lpc175x_6x.o
 .group         0x0000000000000000        0xc ./src/crp.o
 .group         0x0000000000000000        0xc ./src/crp.o
 .text          0x0000000000000000        0x0 ./src/crp.o
 .data          0x0000000000000000        0x0 ./src/crp.o
 .bss           0x0000000000000000        0x0 ./src/crp.o
 .debug_macro   0x0000000000000000      0xa7e ./src/crp.o
 .group         0x0000000000000000        0xc /home/bruno/Documents/Facultad/Electrónica Digital III/ED3_Drivers/CMSISv2p00_LPC17xx/Debug/libCMSISv2p00_LPC17xx.a(system_LPC17xx.o)
 .group         0x0000000000000000        0xc /home/bruno/Documents/Facultad/Electrónica Digital III/ED3_Drivers/CMSISv2p00_LPC17xx/Debug/libCMSISv2p00_LPC17xx.a(system_LPC17xx.o)
 .group         0x0000000000000000        0xc /home/bruno/Documents/Facultad/Electrónica Digital III/ED3_Drivers/CMSISv2p00_LPC17xx/Debug/libCMSISv2p00_LPC17xx.a(system_LPC17xx.o)
 .group         0x0000000000000000        0xc /home/bruno/Documents/Facultad/Electrónica Digital III/ED3_Drivers/CMSISv2p00_LPC17xx/Debug/libCMSISv2p00_LPC17xx.a(system_LPC17xx.o)
 .group         0x0000000000000000        0xc /home/bruno/Documents/Facultad/Electrónica Digital III/ED3_Drivers/CMSISv2p00_LPC17xx/Debug/libCMSISv2p00_LPC17xx.a(system_LPC17xx.o)
 .group         0x0000000000000000        0xc /home/bruno/Documents/Facultad/Electrónica Digital III/ED3_Drivers/CMSISv2p00_LPC17xx/Debug/libCMSISv2p00_LPC17xx.a(system_LPC17xx.o)
 .group         0x0000000000000000        0xc /home/bruno/Documents/Facultad/Electrónica Digital III/ED3_Drivers/CMSISv2p00_LPC17xx/Debug/libCMSISv2p00_LPC17xx.a(system_LPC17xx.o)
 .group         0x0000000000000000        0xc /home/bruno/Documents/Facultad/Electrónica Digital III/ED3_Drivers/CMSISv2p00_LPC17xx/Debug/libCMSISv2p00_LPC17xx.a(system_LPC17xx.o)
 .group         0x0000000000000000        0xc /home/bruno/Documents/Facultad/Electrónica Digital III/ED3_Drivers/CMSISv2p00_LPC17xx/Debug/libCMSISv2p00_LPC17xx.a(system_LPC17xx.o)
 .text          0x0000000000000000        0x0 /home/bruno/Documents/Facultad/Electrónica Digital III/ED3_Drivers/CMSISv2p00_LPC17xx/Debug/libCMSISv2p00_LPC17xx.a(system_LPC17xx.o)
 .data          0x0000000000000000        0x0 /home/bruno/Documents/Facultad/Electrónica Digital III/ED3_Drivers/CMSISv2p00_LPC17xx/Debug/libCMSISv2p00_LPC17xx.a(system_LPC17xx.o)
 .bss           0x0000000000000000        0x0 /home/bruno/Documents/Facultad/Electrónica Digital III/ED3_Drivers/CMSISv2p00_LPC17xx/Debug/libCMSISv2p00_LPC17xx.a(system_LPC17xx.o)
 .text.SystemCoreClockUpdate
                0x0000000000000000       0xb8 /home/bruno/Documents/Facultad/Electrónica Digital III/ED3_Drivers/CMSISv2p00_LPC17xx/Debug/libCMSISv2p00_LPC17xx.a(system_LPC17xx.o)
 .debug_macro   0x0000000000000000       0x10 /home/bruno/Documents/Facultad/Electrónica Digital III/ED3_Drivers/CMSISv2p00_LPC17xx/Debug/libCMSISv2p00_LPC17xx.a(system_LPC17xx.o)
 .debug_macro   0x0000000000000000      0x12e /home/bruno/Documents/Facultad/Electrónica Digital III/ED3_Drivers/CMSISv2p00_LPC17xx/Debug/libCMSISv2p00_LPC17xx.a(system_LPC17xx.o)
 .debug_macro   0x0000000000000000      0x5b3 /home/bruno/Documents/Facultad/Electrónica Digital III/ED3_Drivers/CMSISv2p00_LPC17xx/Debug/libCMSISv2p00_LPC17xx.a(system_LPC17xx.o)
 .debug_macro   0x0000000000000000       0x1c /home/bruno/Documents/Facultad/Electrónica Digital III/ED3_Drivers/CMSISv2p00_LPC17xx/Debug/libCMSISv2p00_LPC17xx.a(system_LPC17xx.o)
 .debug_macro   0x0000000000000000       0x2e /home/bruno/Documents/Facultad/Electrónica Digital III/ED3_Drivers/CMSISv2p00_LPC17xx/Debug/libCMSISv2p00_LPC17xx.a(system_LPC17xx.o)
 .debug_macro   0x0000000000000000       0x18 /home/bruno/Documents/Facultad/Electrónica Digital III/ED3_Drivers/CMSISv2p00_LPC17xx/Debug/libCMSISv2p00_LPC17xx.a(system_LPC17xx.o)
 .debug_macro   0x0000000000000000      0x7af /home/bruno/Documents/Facultad/Electrónica Digital III/ED3_Drivers/CMSISv2p00_LPC17xx/Debug/libCMSISv2p00_LPC17xx.a(system_LPC17xx.o)
 .debug_macro   0x0000000000000000      0x2c7 /home/bruno/Documents/Facultad/Electrónica Digital III/ED3_Drivers/CMSISv2p00_LPC17xx/Debug/libCMSISv2p00_LPC17xx.a(system_LPC17xx.o)
 .group         0x0000000000000000        0xc /home/bruno/Documents/Facultad/Electrónica Digital III/ED3_Drivers/CMSISv2p00_LPC17xx/Debug/libCMSISv2p00_LPC17xx.a(lpc17xx_exti.o)
 .group         0x0000000000000000        0xc /home/bruno/Documents/Facultad/Electrónica Digital III/ED3_Drivers/CMSISv2p00_LPC17xx/Debug/libCMSISv2p00_LPC17xx.a(lpc17xx_exti.o)
 .group         0x0000000000000000        0xc /home/bruno/Documents/Facultad/Electrónica Digital III/ED3_Drivers/CMSISv2p00_LPC17xx/Debug/libCMSISv2p00_LPC17xx.a(lpc17xx_exti.o)
 .group         0x0000000000000000        0xc /home/bruno/Documents/Facultad/Electrónica Digital III/ED3_Drivers/CMSISv2p00_LPC17xx/Debug/libCMSISv2p00_LPC17xx.a(lpc17xx_exti.o)
 .group         0x0000000000000000        0xc /home/bruno/Documents/Facultad/Electrónica Digital III/ED3_Drivers/CMSISv2p00_LPC17xx/Debug/libCMSISv2p00_LPC17xx.a(lpc17xx_exti.o)
 .group         0x0000000000000000        0xc /home/bruno/Documents/Facultad/Electrónica Digital III/ED3_Drivers/CMSISv2p00_LPC17xx/Debug/libCMSISv2p00_LPC17xx.a(lpc17xx_exti.o)
 .group         0x0000000000000000        0xc /home/bruno/Documents/Facultad/Electrónica Digital III/ED3_Drivers/CMSISv2p00_LPC17xx/Debug/libCMSISv2p00_LPC17xx.a(lpc17xx_exti.o)
 .group         0x0000000000000000        0xc /home/bruno/Documents/Facultad/Electrónica Digital III/ED3_Drivers/CMSISv2p00_LPC17xx/Debug/libCMSISv2p00_LPC17xx.a(lpc17xx_exti.o)
 .group         0x0000000000000000        0xc /home/bruno/Documents/Facultad/Electrónica Digital III/ED3_Drivers/CMSISv2p00_LPC17xx/Debug/libCMSISv2p00_LPC17xx.a(lpc17xx_exti.o)
 .group         0x0000000000000000        0xc /home/bruno/Documents/Facultad/Electrónica Digital III/ED3_Drivers/CMSISv2p00_LPC17xx/Debug/libCMSISv2p00_LPC17xx.a(lpc17xx_exti.o)
 .group         0x0000000000000000        0xc /home/bruno/Documents/Facultad/Electrónica Digital III/ED3_Drivers/CMSISv2p00_LPC17xx/Debug/libCMSISv2p00_LPC17xx.a(lpc17xx_exti.o)
 .group         0x0000000000000000        0xc /home/bruno/Documents/Facultad/Electrónica Digital III/ED3_Drivers/CMSISv2p00_LPC17xx/Debug/libCMSISv2p00_LPC17xx.a(lpc17xx_exti.o)
 .text          0x0000000000000000        0x0 /home/bruno/Documents/Facultad/Electrónica Digital III/ED3_Drivers/CMSISv2p00_LPC17xx/Debug/libCMSISv2p00_LPC17xx.a(lpc17xx_exti.o)
 .data          0x0000000000000000        0x0 /home/bruno/Documents/Facultad/Electrónica Digital III/ED3_Drivers/CMSISv2p00_LPC17xx/Debug/libCMSISv2p00_LPC17xx.a(lpc17xx_exti.o)
 .bss           0x0000000000000000        0x0 /home/bruno/Documents/Facultad/Electrónica Digital III/ED3_Drivers/CMSISv2p00_LPC17xx/Debug/libCMSISv2p00_LPC17xx.a(lpc17xx_exti.o)
 .text.EXTI_DeInit
                0x0000000000000000        0x2 /home/bruno/Documents/Facultad/Electrónica Digital III/ED3_Drivers/CMSISv2p00_LPC17xx/Debug/libCMSISv2p00_LPC17xx.a(lpc17xx_exti.o)
 .debug_macro   0x0000000000000000      0xa78 /home/bruno/Documents/Facultad/Electrónica Digital III/ED3_Drivers/CMSISv2p00_LPC17xx/Debug/libCMSISv2p00_LPC17xx.a(lpc17xx_exti.o)
 .debug_macro   0x0000000000000000       0x1c /home/bruno/Documents/Facultad/Electrónica Digital III/ED3_Drivers/CMSISv2p00_LPC17xx/Debug/libCMSISv2p00_LPC17xx.a(lpc17xx_exti.o)
 .debug_macro   0x0000000000000000       0x2e /home/bruno/Documents/Facultad/Electrónica Digital III/ED3_Drivers/CMSISv2p00_LPC17xx/Debug/libCMSISv2p00_LPC17xx.a(lpc17xx_exti.o)
 .debug_macro   0x0000000000000000       0x10 /home/bruno/Documents/Facultad/Electrónica Digital III/ED3_Drivers/CMSISv2p00_LPC17xx/Debug/libCMSISv2p00_LPC17xx.a(lpc17xx_exti.o)
 .debug_macro   0x0000000000000000      0x12e /home/bruno/Documents/Facultad/Electrónica Digital III/ED3_Drivers/CMSISv2p00_LPC17xx/Debug/libCMSISv2p00_LPC17xx.a(lpc17xx_exti.o)
 .debug_macro   0x0000000000000000      0x5b3 /home/bruno/Documents/Facultad/Electrónica Digital III/ED3_Drivers/CMSISv2p00_LPC17xx/Debug/libCMSISv2p00_LPC17xx.a(lpc17xx_exti.o)
 .debug_macro   0x0000000000000000       0x18 /home/bruno/Documents/Facultad/Electrónica Digital III/ED3_Drivers/CMSISv2p00_LPC17xx/Debug/libCMSISv2p00_LPC17xx.a(lpc17xx_exti.o)
 .debug_macro   0x0000000000000000      0x7af /home/bruno/Documents/Facultad/Electrónica Digital III/ED3_Drivers/CMSISv2p00_LPC17xx/Debug/libCMSISv2p00_LPC17xx.a(lpc17xx_exti.o)
 .debug_macro   0x0000000000000000      0x2c7 /home/bruno/Documents/Facultad/Electrónica Digital III/ED3_Drivers/CMSISv2p00_LPC17xx/Debug/libCMSISv2p00_LPC17xx.a(lpc17xx_exti.o)
 .debug_macro   0x0000000000000000       0x63 /home/bruno/Documents/Facultad/Electrónica Digital III/ED3_Drivers/CMSISv2p00_LPC17xx/Debug/libCMSISv2p00_LPC17xx.a(lpc17xx_exti.o)
 .group         0x0000000000000000        0xc /home/bruno/Documents/Facultad/Electrónica Digital III/ED3_Drivers/CMSISv2p00_LPC17xx/Debug/libCMSISv2p00_LPC17xx.a(lpc17xx_pinsel.o)
 .group         0x0000000000000000        0xc /home/bruno/Documents/Facultad/Electrónica Digital III/ED3_Drivers/CMSISv2p00_LPC17xx/Debug/libCMSISv2p00_LPC17xx.a(lpc17xx_pinsel.o)
 .group         0x0000000000000000        0xc /home/bruno/Documents/Facultad/Electrónica Digital III/ED3_Drivers/CMSISv2p00_LPC17xx/Debug/libCMSISv2p00_LPC17xx.a(lpc17xx_pinsel.o)
 .group         0x0000000000000000        0xc /home/bruno/Documents/Facultad/Electrónica Digital III/ED3_Drivers/CMSISv2p00_LPC17xx/Debug/libCMSISv2p00_LPC17xx.a(lpc17xx_pinsel.o)
 .group         0x0000000000000000        0xc /home/bruno/Documents/Facultad/Electrónica Digital III/ED3_Drivers/CMSISv2p00_LPC17xx/Debug/libCMSISv2p00_LPC17xx.a(lpc17xx_pinsel.o)
 .group         0x0000000000000000        0xc /home/bruno/Documents/Facultad/Electrónica Digital III/ED3_Drivers/CMSISv2p00_LPC17xx/Debug/libCMSISv2p00_LPC17xx.a(lpc17xx_pinsel.o)
 .group         0x0000000000000000        0xc /home/bruno/Documents/Facultad/Electrónica Digital III/ED3_Drivers/CMSISv2p00_LPC17xx/Debug/libCMSISv2p00_LPC17xx.a(lpc17xx_pinsel.o)
 .group         0x0000000000000000        0xc /home/bruno/Documents/Facultad/Electrónica Digital III/ED3_Drivers/CMSISv2p00_LPC17xx/Debug/libCMSISv2p00_LPC17xx.a(lpc17xx_pinsel.o)
 .group         0x0000000000000000        0xc /home/bruno/Documents/Facultad/Electrónica Digital III/ED3_Drivers/CMSISv2p00_LPC17xx/Debug/libCMSISv2p00_LPC17xx.a(lpc17xx_pinsel.o)
 .group         0x0000000000000000        0xc /home/bruno/Documents/Facultad/Electrónica Digital III/ED3_Drivers/CMSISv2p00_LPC17xx/Debug/libCMSISv2p00_LPC17xx.a(lpc17xx_pinsel.o)
 .group         0x0000000000000000        0xc /home/bruno/Documents/Facultad/Electrónica Digital III/ED3_Drivers/CMSISv2p00_LPC17xx/Debug/libCMSISv2p00_LPC17xx.a(lpc17xx_pinsel.o)
 .text          0x0000000000000000        0x0 /home/bruno/Documents/Facultad/Electrónica Digital III/ED3_Drivers/CMSISv2p00_LPC17xx/Debug/libCMSISv2p00_LPC17xx.a(lpc17xx_pinsel.o)
 .data          0x0000000000000000        0x0 /home/bruno/Documents/Facultad/Electrónica Digital III/ED3_Drivers/CMSISv2p00_LPC17xx/Debug/libCMSISv2p00_LPC17xx.a(lpc17xx_pinsel.o)
 .bss           0x0000000000000000        0x0 /home/bruno/Documents/Facultad/Electrónica Digital III/ED3_Drivers/CMSISv2p00_LPC17xx/Debug/libCMSISv2p00_LPC17xx.a(lpc17xx_pinsel.o)
 .text.PINSEL_ConfigTraceFunc
                0x0000000000000000       0x24 /home/bruno/Documents/Facultad/Electrónica Digital III/ED3_Drivers/CMSISv2p00_LPC17xx/Debug/libCMSISv2p00_LPC17xx.a(lpc17xx_pinsel.o)
 .text.PINSEL_SetI2C0Pins
                0x0000000000000000       0x18 /home/bruno/Documents/Facultad/Electrónica Digital III/ED3_Drivers/CMSISv2p00_LPC17xx/Debug/libCMSISv2p00_LPC17xx.a(lpc17xx_pinsel.o)
 .debug_macro   0x0000000000000000      0xa78 /home/bruno/Documents/Facultad/Electrónica Digital III/ED3_Drivers/CMSISv2p00_LPC17xx/Debug/libCMSISv2p00_LPC17xx.a(lpc17xx_pinsel.o)
 .debug_macro   0x0000000000000000       0x1c /home/bruno/Documents/Facultad/Electrónica Digital III/ED3_Drivers/CMSISv2p00_LPC17xx/Debug/libCMSISv2p00_LPC17xx.a(lpc17xx_pinsel.o)
 .debug_macro   0x0000000000000000       0x2e /home/bruno/Documents/Facultad/Electrónica Digital III/ED3_Drivers/CMSISv2p00_LPC17xx/Debug/libCMSISv2p00_LPC17xx.a(lpc17xx_pinsel.o)
 .debug_macro   0x0000000000000000       0x10 /home/bruno/Documents/Facultad/Electrónica Digital III/ED3_Drivers/CMSISv2p00_LPC17xx/Debug/libCMSISv2p00_LPC17xx.a(lpc17xx_pinsel.o)
 .debug_macro   0x0000000000000000      0x12e /home/bruno/Documents/Facultad/Electrónica Digital III/ED3_Drivers/CMSISv2p00_LPC17xx/Debug/libCMSISv2p00_LPC17xx.a(lpc17xx_pinsel.o)
 .debug_macro   0x0000000000000000      0x5b3 /home/bruno/Documents/Facultad/Electrónica Digital III/ED3_Drivers/CMSISv2p00_LPC17xx/Debug/libCMSISv2p00_LPC17xx.a(lpc17xx_pinsel.o)
 .debug_macro   0x0000000000000000       0x18 /home/bruno/Documents/Facultad/Electrónica Digital III/ED3_Drivers/CMSISv2p00_LPC17xx/Debug/libCMSISv2p00_LPC17xx.a(lpc17xx_pinsel.o)
 .debug_macro   0x0000000000000000      0x7af /home/bruno/Documents/Facultad/Electrónica Digital III/ED3_Drivers/CMSISv2p00_LPC17xx/Debug/libCMSISv2p00_LPC17xx.a(lpc17xx_pinsel.o)
 .debug_macro   0x0000000000000000      0x2c7 /home/bruno/Documents/Facultad/Electrónica Digital III/ED3_Drivers/CMSISv2p00_LPC17xx/Debug/libCMSISv2p00_LPC17xx.a(lpc17xx_pinsel.o)
 .debug_macro   0x0000000000000000       0x63 /home/bruno/Documents/Facultad/Electrónica Digital III/ED3_Drivers/CMSISv2p00_LPC17xx/Debug/libCMSISv2p00_LPC17xx.a(lpc17xx_pinsel.o)
 .debug_macro   0x0000000000000000      0x13f /home/bruno/Documents/Facultad/Electrónica Digital III/ED3_Drivers/CMSISv2p00_LPC17xx/Debug/libCMSISv2p00_LPC17xx.a(lpc17xx_pinsel.o)
 .group         0x0000000000000000        0xc /home/bruno/Documents/Facultad/Electrónica Digital III/ED3_Drivers/CMSISv2p00_LPC17xx/Debug/libCMSISv2p00_LPC17xx.a(lpc17xx_timer.o)
 .group         0x0000000000000000        0xc /home/bruno/Documents/Facultad/Electrónica Digital III/ED3_Drivers/CMSISv2p00_LPC17xx/Debug/libCMSISv2p00_LPC17xx.a(lpc17xx_timer.o)
 .group         0x0000000000000000        0xc /home/bruno/Documents/Facultad/Electrónica Digital III/ED3_Drivers/CMSISv2p00_LPC17xx/Debug/libCMSISv2p00_LPC17xx.a(lpc17xx_timer.o)
 .group         0x0000000000000000        0xc /home/bruno/Documents/Facultad/Electrónica Digital III/ED3_Drivers/CMSISv2p00_LPC17xx/Debug/libCMSISv2p00_LPC17xx.a(lpc17xx_timer.o)
 .group         0x0000000000000000        0xc /home/bruno/Documents/Facultad/Electrónica Digital III/ED3_Drivers/CMSISv2p00_LPC17xx/Debug/libCMSISv2p00_LPC17xx.a(lpc17xx_timer.o)
 .group         0x0000000000000000        0xc /home/bruno/Documents/Facultad/Electrónica Digital III/ED3_Drivers/CMSISv2p00_LPC17xx/Debug/libCMSISv2p00_LPC17xx.a(lpc17xx_timer.o)
 .group         0x0000000000000000        0xc /home/bruno/Documents/Facultad/Electrónica Digital III/ED3_Drivers/CMSISv2p00_LPC17xx/Debug/libCMSISv2p00_LPC17xx.a(lpc17xx_timer.o)
 .group         0x0000000000000000        0xc /home/bruno/Documents/Facultad/Electrónica Digital III/ED3_Drivers/CMSISv2p00_LPC17xx/Debug/libCMSISv2p00_LPC17xx.a(lpc17xx_timer.o)
 .group         0x0000000000000000        0xc /home/bruno/Documents/Facultad/Electrónica Digital III/ED3_Drivers/CMSISv2p00_LPC17xx/Debug/libCMSISv2p00_LPC17xx.a(lpc17xx_timer.o)
 .group         0x0000000000000000        0xc /home/bruno/Documents/Facultad/Electrónica Digital III/ED3_Drivers/CMSISv2p00_LPC17xx/Debug/libCMSISv2p00_LPC17xx.a(lpc17xx_timer.o)
 .group         0x0000000000000000        0xc /home/bruno/Documents/Facultad/Electrónica Digital III/ED3_Drivers/CMSISv2p00_LPC17xx/Debug/libCMSISv2p00_LPC17xx.a(lpc17xx_timer.o)
 .group         0x0000000000000000        0xc /home/bruno/Documents/Facultad/Electrónica Digital III/ED3_Drivers/CMSISv2p00_LPC17xx/Debug/libCMSISv2p00_LPC17xx.a(lpc17xx_timer.o)
 .group         0x0000000000000000        0xc /home/bruno/Documents/Facultad/Electrónica Digital III/ED3_Drivers/CMSISv2p00_LPC17xx/Debug/libCMSISv2p00_LPC17xx.a(lpc17xx_timer.o)
 .group         0x0000000000000000        0xc /home/bruno/Documents/Facultad/Electrónica Digital III/ED3_Drivers/CMSISv2p00_LPC17xx/Debug/libCMSISv2p00_LPC17xx.a(lpc17xx_timer.o)
 .text          0x0000000000000000        0x0 /home/bruno/Documents/Facultad/Electrónica Digital III/ED3_Drivers/CMSISv2p00_LPC17xx/Debug/libCMSISv2p00_LPC17xx.a(lpc17xx_timer.o)
 .data          0x0000000000000000        0x0 /home/bruno/Documents/Facultad/Electrónica Digital III/ED3_Drivers/CMSISv2p00_LPC17xx/Debug/libCMSISv2p00_LPC17xx.a(lpc17xx_timer.o)
 .bss           0x0000000000000000        0x0 /home/bruno/Documents/Facultad/Electrónica Digital III/ED3_Drivers/CMSISv2p00_LPC17xx/Debug/libCMSISv2p00_LPC17xx.a(lpc17xx_timer.o)
 .text.TIM_GetIntStatus
                0x0000000000000000       0x50 /home/bruno/Documents/Facultad/Electrónica Digital III/ED3_Drivers/CMSISv2p00_LPC17xx/Debug/libCMSISv2p00_LPC17xx.a(lpc17xx_timer.o)
 .text.TIM_GetIntCaptureStatus
                0x0000000000000000       0x54 /home/bruno/Documents/Facultad/Electrónica Digital III/ED3_Drivers/CMSISv2p00_LPC17xx/Debug/libCMSISv2p00_LPC17xx.a(lpc17xx_timer.o)
 .text.TIM_ClearIntPending
                0x0000000000000000       0x4c /home/bruno/Documents/Facultad/Electrónica Digital III/ED3_Drivers/CMSISv2p00_LPC17xx/Debug/libCMSISv2p00_LPC17xx.a(lpc17xx_timer.o)
 .text.TIM_ClearIntCapturePending
                0x0000000000000000       0x50 /home/bruno/Documents/Facultad/Electrónica Digital III/ED3_Drivers/CMSISv2p00_LPC17xx/Debug/libCMSISv2p00_LPC17xx.a(lpc17xx_timer.o)
 .text.TIM_ConfigStructInit
                0x0000000000000000       0x10 /home/bruno/Documents/Facultad/Electrónica Digital III/ED3_Drivers/CMSISv2p00_LPC17xx/Debug/libCMSISv2p00_LPC17xx.a(lpc17xx_timer.o)
 .text.TIM_DeInit
                0x0000000000000000       0x70 /home/bruno/Documents/Facultad/Electrónica Digital III/ED3_Drivers/CMSISv2p00_LPC17xx/Debug/libCMSISv2p00_LPC17xx.a(lpc17xx_timer.o)
 .text.TIM_ResetCounter
                0x0000000000000000       0x44 /home/bruno/Documents/Facultad/Electrónica Digital III/ED3_Drivers/CMSISv2p00_LPC17xx/Debug/libCMSISv2p00_LPC17xx.a(lpc17xx_timer.o)
 .text.TIM_UpdateMatchValue
                0x0000000000000000       0x54 /home/bruno/Documents/Facultad/Electrónica Digital III/ED3_Drivers/CMSISv2p00_LPC17xx/Debug/libCMSISv2p00_LPC17xx.a(lpc17xx_timer.o)
 .text.TIM_ConfigCapture
                0x0000000000000000       0x78 /home/bruno/Documents/Facultad/Electrónica Digital III/ED3_Drivers/CMSISv2p00_LPC17xx/Debug/libCMSISv2p00_LPC17xx.a(lpc17xx_timer.o)
 .text.TIM_GetCaptureValue
                0x0000000000000000       0x50 /home/bruno/Documents/Facultad/Electrónica Digital III/ED3_Drivers/CMSISv2p00_LPC17xx/Debug/libCMSISv2p00_LPC17xx.a(lpc17xx_timer.o)
 .debug_macro   0x0000000000000000      0xa78 /home/bruno/Documents/Facultad/Electrónica Digital III/ED3_Drivers/CMSISv2p00_LPC17xx/Debug/libCMSISv2p00_LPC17xx.a(lpc17xx_timer.o)
 .debug_macro   0x0000000000000000       0x1c /home/bruno/Documents/Facultad/Electrónica Digital III/ED3_Drivers/CMSISv2p00_LPC17xx/Debug/libCMSISv2p00_LPC17xx.a(lpc17xx_timer.o)
 .debug_macro   0x0000000000000000       0x2e /home/bruno/Documents/Facultad/Electrónica Digital III/ED3_Drivers/CMSISv2p00_LPC17xx/Debug/libCMSISv2p00_LPC17xx.a(lpc17xx_timer.o)
 .debug_macro   0x0000000000000000       0x10 /home/bruno/Documents/Facultad/Electrónica Digital III/ED3_Drivers/CMSISv2p00_LPC17xx/Debug/libCMSISv2p00_LPC17xx.a(lpc17xx_timer.o)
 .debug_macro   0x0000000000000000      0x12e /home/bruno/Documents/Facultad/Electrónica Digital III/ED3_Drivers/CMSISv2p00_LPC17xx/Debug/libCMSISv2p00_LPC17xx.a(lpc17xx_timer.o)
 .debug_macro   0x0000000000000000      0x5b3 /home/bruno/Documents/Facultad/Electrónica Digital III/ED3_Drivers/CMSISv2p00_LPC17xx/Debug/libCMSISv2p00_LPC17xx.a(lpc17xx_timer.o)
 .debug_macro   0x0000000000000000       0x18 /home/bruno/Documents/Facultad/Electrónica Digital III/ED3_Drivers/CMSISv2p00_LPC17xx/Debug/libCMSISv2p00_LPC17xx.a(lpc17xx_timer.o)
 .debug_macro   0x0000000000000000      0x7af /home/bruno/Documents/Facultad/Electrónica Digital III/ED3_Drivers/CMSISv2p00_LPC17xx/Debug/libCMSISv2p00_LPC17xx.a(lpc17xx_timer.o)
 .debug_macro   0x0000000000000000      0x2c7 /home/bruno/Documents/Facultad/Electrónica Digital III/ED3_Drivers/CMSISv2p00_LPC17xx/Debug/libCMSISv2p00_LPC17xx.a(lpc17xx_timer.o)
 .debug_macro   0x0000000000000000       0x63 /home/bruno/Documents/Facultad/Electrónica Digital III/ED3_Drivers/CMSISv2p00_LPC17xx/Debug/libCMSISv2p00_LPC17xx.a(lpc17xx_timer.o)
 .debug_macro   0x0000000000000000       0xdd /home/bruno/Documents/Facultad/Electrónica Digital III/ED3_Drivers/CMSISv2p00_LPC17xx/Debug/libCMSISv2p00_LPC17xx.a(lpc17xx_timer.o)
 .group         0x0000000000000000        0xc /home/bruno/Documents/Facultad/Electrónica Digital III/ED3_Drivers/CMSISv2p00_LPC17xx/Debug/libCMSISv2p00_LPC17xx.a(lpc17xx_clkpwr.o)
 .group         0x0000000000000000        0xc /home/bruno/Documents/Facultad/Electrónica Digital III/ED3_Drivers/CMSISv2p00_LPC17xx/Debug/libCMSISv2p00_LPC17xx.a(lpc17xx_clkpwr.o)
 .group         0x0000000000000000        0xc /home/bruno/Documents/Facultad/Electrónica Digital III/ED3_Drivers/CMSISv2p00_LPC17xx/Debug/libCMSISv2p00_LPC17xx.a(lpc17xx_clkpwr.o)
 .group         0x0000000000000000        0xc /home/bruno/Documents/Facultad/Electrónica Digital III/ED3_Drivers/CMSISv2p00_LPC17xx/Debug/libCMSISv2p00_LPC17xx.a(lpc17xx_clkpwr.o)
 .group         0x0000000000000000        0xc /home/bruno/Documents/Facultad/Electrónica Digital III/ED3_Drivers/CMSISv2p00_LPC17xx/Debug/libCMSISv2p00_LPC17xx.a(lpc17xx_clkpwr.o)
 .group         0x0000000000000000        0xc /home/bruno/Documents/Facultad/Electrónica Digital III/ED3_Drivers/CMSISv2p00_LPC17xx/Debug/libCMSISv2p00_LPC17xx.a(lpc17xx_clkpwr.o)
 .group         0x0000000000000000        0xc /home/bruno/Documents/Facultad/Electrónica Digital III/ED3_Drivers/CMSISv2p00_LPC17xx/Debug/libCMSISv2p00_LPC17xx.a(lpc17xx_clkpwr.o)
 .group         0x0000000000000000        0xc /home/bruno/Documents/Facultad/Electrónica Digital III/ED3_Drivers/CMSISv2p00_LPC17xx/Debug/libCMSISv2p00_LPC17xx.a(lpc17xx_clkpwr.o)
 .group         0x0000000000000000        0xc /home/bruno/Documents/Facultad/Electrónica Digital III/ED3_Drivers/CMSISv2p00_LPC17xx/Debug/libCMSISv2p00_LPC17xx.a(lpc17xx_clkpwr.o)
 .group         0x0000000000000000        0xc /home/bruno/Documents/Facultad/Electrónica Digital III/ED3_Drivers/CMSISv2p00_LPC17xx/Debug/libCMSISv2p00_LPC17xx.a(lpc17xx_clkpwr.o)
 .group         0x0000000000000000        0xc /home/bruno/Documents/Facultad/Electrónica Digital III/ED3_Drivers/CMSISv2p00_LPC17xx/Debug/libCMSISv2p00_LPC17xx.a(lpc17xx_clkpwr.o)
 .text          0x0000000000000000        0x0 /home/bruno/Documents/Facultad/Electrónica Digital III/ED3_Drivers/CMSISv2p00_LPC17xx/Debug/libCMSISv2p00_LPC17xx.a(lpc17xx_clkpwr.o)
 .data          0x0000000000000000        0x0 /home/bruno/Documents/Facultad/Electrónica Digital III/ED3_Drivers/CMSISv2p00_LPC17xx/Debug/libCMSISv2p00_LPC17xx.a(lpc17xx_clkpwr.o)
 .bss           0x0000000000000000        0x0 /home/bruno/Documents/Facultad/Electrónica Digital III/ED3_Drivers/CMSISv2p00_LPC17xx/Debug/libCMSISv2p00_LPC17xx.a(lpc17xx_clkpwr.o)
 .text.CLKPWR_Sleep
                0x0000000000000000       0x10 /home/bruno/Documents/Facultad/Electrónica Digital III/ED3_Drivers/CMSISv2p00_LPC17xx/Debug/libCMSISv2p00_LPC17xx.a(lpc17xx_clkpwr.o)
 .text.CLKPWR_DeepSleep
                0x0000000000000000       0x1c /home/bruno/Documents/Facultad/Electrónica Digital III/ED3_Drivers/CMSISv2p00_LPC17xx/Debug/libCMSISv2p00_LPC17xx.a(lpc17xx_clkpwr.o)
 .text.CLKPWR_PowerDown
                0x0000000000000000       0x1c /home/bruno/Documents/Facultad/Electrónica Digital III/ED3_Drivers/CMSISv2p00_LPC17xx/Debug/libCMSISv2p00_LPC17xx.a(lpc17xx_clkpwr.o)
 .text.CLKPWR_DeepPowerDown
                0x0000000000000000       0x1c /home/bruno/Documents/Facultad/Electrónica Digital III/ED3_Drivers/CMSISv2p00_LPC17xx/Debug/libCMSISv2p00_LPC17xx.a(lpc17xx_clkpwr.o)
 .debug_macro   0x0000000000000000      0xa78 /home/bruno/Documents/Facultad/Electrónica Digital III/ED3_Drivers/CMSISv2p00_LPC17xx/Debug/libCMSISv2p00_LPC17xx.a(lpc17xx_clkpwr.o)
 .debug_macro   0x0000000000000000       0x1c /home/bruno/Documents/Facultad/Electrónica Digital III/ED3_Drivers/CMSISv2p00_LPC17xx/Debug/libCMSISv2p00_LPC17xx.a(lpc17xx_clkpwr.o)
 .debug_macro   0x0000000000000000       0x2e /home/bruno/Documents/Facultad/Electrónica Digital III/ED3_Drivers/CMSISv2p00_LPC17xx/Debug/libCMSISv2p00_LPC17xx.a(lpc17xx_clkpwr.o)
 .debug_macro   0x0000000000000000       0x10 /home/bruno/Documents/Facultad/Electrónica Digital III/ED3_Drivers/CMSISv2p00_LPC17xx/Debug/libCMSISv2p00_LPC17xx.a(lpc17xx_clkpwr.o)
 .debug_macro   0x0000000000000000      0x12e /home/bruno/Documents/Facultad/Electrónica Digital III/ED3_Drivers/CMSISv2p00_LPC17xx/Debug/libCMSISv2p00_LPC17xx.a(lpc17xx_clkpwr.o)
 .debug_macro   0x0000000000000000      0x5b3 /home/bruno/Documents/Facultad/Electrónica Digital III/ED3_Drivers/CMSISv2p00_LPC17xx/Debug/libCMSISv2p00_LPC17xx.a(lpc17xx_clkpwr.o)
 .debug_macro   0x0000000000000000       0x18 /home/bruno/Documents/Facultad/Electrónica Digital III/ED3_Drivers/CMSISv2p00_LPC17xx/Debug/libCMSISv2p00_LPC17xx.a(lpc17xx_clkpwr.o)
 .debug_macro   0x0000000000000000      0x7af /home/bruno/Documents/Facultad/Electrónica Digital III/ED3_Drivers/CMSISv2p00_LPC17xx/Debug/libCMSISv2p00_LPC17xx.a(lpc17xx_clkpwr.o)
 .debug_macro   0x0000000000000000      0x2c7 /home/bruno/Documents/Facultad/Electrónica Digital III/ED3_Drivers/CMSISv2p00_LPC17xx/Debug/libCMSISv2p00_LPC17xx.a(lpc17xx_clkpwr.o)
 .debug_macro   0x0000000000000000       0x63 /home/bruno/Documents/Facultad/Electrónica Digital III/ED3_Drivers/CMSISv2p00_LPC17xx/Debug/libCMSISv2p00_LPC17xx.a(lpc17xx_clkpwr.o)
 .group         0x0000000000000000        0xc /home/bruno/Documents/Facultad/Electrónica Digital III/ED3_Drivers/CMSISv2p00_LPC17xx/Debug/libCMSISv2p00_LPC17xx.a(lpc17xx_libcfg_default.o)
 .group         0x0000000000000000        0xc /home/bruno/Documents/Facultad/Electrónica Digital III/ED3_Drivers/CMSISv2p00_LPC17xx/Debug/libCMSISv2p00_LPC17xx.a(lpc17xx_libcfg_default.o)
 .group         0x0000000000000000        0xc /home/bruno/Documents/Facultad/Electrónica Digital III/ED3_Drivers/CMSISv2p00_LPC17xx/Debug/libCMSISv2p00_LPC17xx.a(lpc17xx_libcfg_default.o)
 .group         0x0000000000000000        0xc /home/bruno/Documents/Facultad/Electrónica Digital III/ED3_Drivers/CMSISv2p00_LPC17xx/Debug/libCMSISv2p00_LPC17xx.a(lpc17xx_libcfg_default.o)
 .group         0x0000000000000000        0xc /home/bruno/Documents/Facultad/Electrónica Digital III/ED3_Drivers/CMSISv2p00_LPC17xx/Debug/libCMSISv2p00_LPC17xx.a(lpc17xx_libcfg_default.o)
 .group         0x0000000000000000        0xc /home/bruno/Documents/Facultad/Electrónica Digital III/ED3_Drivers/CMSISv2p00_LPC17xx/Debug/libCMSISv2p00_LPC17xx.a(lpc17xx_libcfg_default.o)
 .text          0x0000000000000000        0x0 /home/bruno/Documents/Facultad/Electrónica Digital III/ED3_Drivers/CMSISv2p00_LPC17xx/Debug/libCMSISv2p00_LPC17xx.a(lpc17xx_libcfg_default.o)
 .data          0x0000000000000000        0x0 /home/bruno/Documents/Facultad/Electrónica Digital III/ED3_Drivers/CMSISv2p00_LPC17xx/Debug/libCMSISv2p00_LPC17xx.a(lpc17xx_libcfg_default.o)
 .bss           0x0000000000000000        0x0 /home/bruno/Documents/Facultad/Electrónica Digital III/ED3_Drivers/CMSISv2p00_LPC17xx/Debug/libCMSISv2p00_LPC17xx.a(lpc17xx_libcfg_default.o)
 .debug_macro   0x0000000000000000      0xa78 /home/bruno/Documents/Facultad/Electrónica Digital III/ED3_Drivers/CMSISv2p00_LPC17xx/Debug/libCMSISv2p00_LPC17xx.a(lpc17xx_libcfg_default.o)
 .debug_macro   0x0000000000000000       0x10 /home/bruno/Documents/Facultad/Electrónica Digital III/ED3_Drivers/CMSISv2p00_LPC17xx/Debug/libCMSISv2p00_LPC17xx.a(lpc17xx_libcfg_default.o)
 .debug_macro   0x0000000000000000      0x12e /home/bruno/Documents/Facultad/Electrónica Digital III/ED3_Drivers/CMSISv2p00_LPC17xx/Debug/libCMSISv2p00_LPC17xx.a(lpc17xx_libcfg_default.o)
 .debug_macro   0x0000000000000000      0x5b3 /home/bruno/Documents/Facultad/Electrónica Digital III/ED3_Drivers/CMSISv2p00_LPC17xx/Debug/libCMSISv2p00_LPC17xx.a(lpc17xx_libcfg_default.o)
 .text          0x0000000000000000        0x0 /usr/local/mcuxpressoide-11.6.0_8187/ide/plugins/com.nxp.mcuxpresso.tools.linux_11.6.0.202112161359/tools/bin/../lib/gcc/arm-none-eabi/10.3.1/../../../../arm-none-eabi/lib/thumb/v7-m/nofp/libcr_c.a(__weak__main.o)
 .data          0x0000000000000000        0x0 /usr/local/mcuxpressoide-11.6.0_8187/ide/plugins/com.nxp.mcuxpresso.tools.linux_11.6.0.202112161359/tools/bin/../lib/gcc/arm-none-eabi/10.3.1/../../../../arm-none-eabi/lib/thumb/v7-m/nofp/libcr_c.a(__weak__main.o)
 .bss           0x0000000000000000        0x0 /usr/local/mcuxpressoide-11.6.0_8187/ide/plugins/com.nxp.mcuxpresso.tools.linux_11.6.0.202112161359/tools/bin/../lib/gcc/arm-none-eabi/10.3.1/../../../../arm-none-eabi/lib/thumb/v7-m/nofp/libcr_c.a(__weak__main.o)
 .text          0x0000000000000000        0x0 /usr/local/mcuxpressoide-11.6.0_8187/ide/plugins/com.nxp.mcuxpresso.tools.linux_11.6.0.202112161359/tools/bin/../lib/gcc/arm-none-eabi/10.3.1/thumb/v7-m/nofp/libcr_eabihelpers.a(division_64.o)
 .data          0x0000000000000000        0x0 /usr/local/mcuxpressoide-11.6.0_8187/ide/plugins/com.nxp.mcuxpresso.tools.linux_11.6.0.202112161359/tools/bin/../lib/gcc/arm-none-eabi/10.3.1/thumb/v7-m/nofp/libcr_eabihelpers.a(division_64.o)
 .bss           0x0000000000000000        0x0 /usr/local/mcuxpressoide-11.6.0_8187/ide/plugins/com.nxp.mcuxpresso.tools.linux_11.6.0.202112161359/tools/bin/../lib/gcc/arm-none-eabi/10.3.1/thumb/v7-m/nofp/libcr_eabihelpers.a(division_64.o)
 .text.__aeabi_division_ldivmod
                0x0000000000000000       0x26 /usr/local/mcuxpressoide-11.6.0_8187/ide/plugins/com.nxp.mcuxpresso.tools.linux_11.6.0.202112161359/tools/bin/../lib/gcc/arm-none-eabi/10.3.1/thumb/v7-m/nofp/libcr_eabihelpers.a(division_64.o)
 .text          0x0000000000000000        0x0 /usr/local/mcuxpressoide-11.6.0_8187/ide/plugins/com.nxp.mcuxpresso.tools.linux_11.6.0.202112161359/tools/bin/../lib/gcc/arm-none-eabi/10.3.1/thumb/v7-m/nofp/libcr_eabihelpers.a(division_idiv0.o)
 .data          0x0000000000000000        0x0 /usr/local/mcuxpressoide-11.6.0_8187/ide/plugins/com.nxp.mcuxpresso.tools.linux_11.6.0.202112161359/tools/bin/../lib/gcc/arm-none-eabi/10.3.1/thumb/v7-m/nofp/libcr_eabihelpers.a(division_idiv0.o)
 .bss           0x0000000000000000        0x0 /usr/local/mcuxpressoide-11.6.0_8187/ide/plugins/com.nxp.mcuxpresso.tools.linux_11.6.0.202112161359/tools/bin/../lib/gcc/arm-none-eabi/10.3.1/thumb/v7-m/nofp/libcr_eabihelpers.a(division_idiv0.o)

Memory Configuration

Name             Origin             Length             Attributes
MFlash512        0x0000000000000000 0x0000000000080000 xr
RamLoc32         0x0000000010000000 0x0000000000008000 xrw
RamAHB32         0x000000002007c000 0x0000000000008000 xrw
*default*        0x0000000000000000 0xffffffffffffffff

Linker script and memory map

LOAD ./src/EjTimerMatch3_D_Genero.o
LOAD ./src/cr_startup_lpc175x_6x.o
LOAD ./src/crp.o
LOAD /home/bruno/Documents/Facultad/Electrónica Digital III/ED3_Drivers/CMSISv2p00_LPC17xx/Debug/libCMSISv2p00_LPC17xx.a
START GROUP
LOAD /usr/local/mcuxpressoide-11.6.0_8187/ide/plugins/com.nxp.mcuxpresso.tools.linux_11.6.0.202112161359/tools/bin/../lib/gcc/arm-none-eabi/10.3.1/../../../../arm-none-eabi/lib/thumb/v7-m/nofp/libcr_c.a
LOAD /usr/local/mcuxpressoide-11.6.0_8187/ide/plugins/com.nxp.mcuxpresso.tools.linux_11.6.0.202112161359/tools/bin/../lib/gcc/arm-none-eabi/10.3.1/thumb/v7-m/nofp/libcr_eabihelpers.a
LOAD /usr/local/mcuxpressoide-11.6.0_8187/ide/plugins/com.nxp.mcuxpresso.tools.linux_11.6.0.202112161359/tools/bin/../lib/gcc/arm-none-eabi/10.3.1/thumb/v7-m/nofp/libgcc.a
END GROUP
                0x0000000000000000                __base_MFlash512 = 0x0
                0x0000000000000000                __base_Flash = 0x0
                0x0000000000080000                __top_MFlash512 = 0x80000
                0x0000000000080000                __top_Flash = 0x80000
                0x0000000010000000                __base_RamLoc32 = 0x10000000
                0x0000000010000000                __base_RAM = 0x10000000
                0x0000000010008000                __top_RamLoc32 = 0x10008000
                0x0000000010008000                __top_RAM = 0x10008000
                0x000000002007c000                __base_RamAHB32 = 0x2007c000
                0x000000002007c000                __base_RAM2 = 0x2007c000
                0x0000000020084000                __top_RamAHB32 = 0x20084000
                0x0000000020084000                __top_RAM2 = 0x20084000

.text           0x0000000000000000      0xb20
 FILL mask 0xff
                0x0000000000000000                __vectors_start__ = ABSOLUTE (.)
 *(.isr_vector)
 .isr_vector    0x0000000000000000       0xcc ./src/cr_startup_lpc175x_6x.o
                0x0000000000000000                g_pfnVectors
                0x00000000000000cc                . = ALIGN (0x4)
                0x00000000000000cc                __section_table_start = .
                0x00000000000000cc                __data_section_table = .
                0x00000000000000cc        0x4 LONG 0xb20 LOADADDR (.data)
                0x00000000000000d0        0x4 LONG 0x10000000 ADDR (.data)
                0x00000000000000d4        0x4 LONG 0x4 SIZEOF (.data)
                0x00000000000000d8        0x4 LONG 0xb20 LOADADDR (.data_RAM2)
                0x00000000000000dc        0x4 LONG 0x2007c000 ADDR (.data_RAM2)
                0x00000000000000e0        0x4 LONG 0x0 SIZEOF (.data_RAM2)
                0x00000000000000e4                __data_section_table_end = .
                0x00000000000000e4                __bss_section_table = .
                0x00000000000000e4        0x4 LONG 0x10000004 ADDR (.bss)
                0x00000000000000e8        0x4 LONG 0x4 SIZEOF (.bss)
                0x00000000000000ec        0x4 LONG 0x2007c000 ADDR (.bss_RAM2)
                0x00000000000000f0        0x4 LONG 0x0 SIZEOF (.bss_RAM2)
                0x00000000000000f4                __bss_section_table_end = .
                0x00000000000000f4                __section_table_end = .
 *(.after_vectors*)
 .after_vectors
                0x00000000000000f4      0x130 ./src/cr_startup_lpc175x_6x.o
                0x00000000000000f4                data_init
                0x0000000000000138                bss_init
                0x0000000000000170                ResetISR
                0x00000000000001e8                NMI_Handler
                0x00000000000001ee                HardFault_Handler
                0x00000000000001f4                MemManage_Handler
                0x00000000000001fa                BusFault_Handler
                0x0000000000000200                UsageFault_Handler
                0x0000000000000206                SVC_Handler
                0x000000000000020c                DebugMon_Handler
                0x0000000000000212                PendSV_Handler
                0x0000000000000218                SysTick_Handler
                0x000000000000021e                TIMER2_IRQHandler
                0x000000000000021e                RIT_IRQHandler
                0x000000000000021e                I2C0_IRQHandler
                0x000000000000021e                USBActivity_IRQHandler
                0x000000000000021e                PWM1_IRQHandler
                0x000000000000021e                I2C1_IRQHandler
                0x000000000000021e                EINT2_IRQHandler
                0x000000000000021e                UART1_IRQHandler
                0x000000000000021e                EINT3_IRQHandler
                0x000000000000021e                CANActivity_IRQHandler
                0x000000000000021e                TIMER3_IRQHandler
                0x000000000000021e                UART0_IRQHandler
                0x000000000000021e                IntDefaultHandler
                0x000000000000021e                PLL0_IRQHandler
                0x000000000000021e                CAN_IRQHandler
                0x000000000000021e                PLL1_IRQHandler
                0x000000000000021e                SSP0_IRQHandler
                0x000000000000021e                I2S_IRQHandler
                0x000000000000021e                I2C2_IRQHandler
                0x000000000000021e                RTC_IRQHandler
                0x000000000000021e                TIMER0_IRQHandler
                0x000000000000021e                SPI_IRQHandler
                0x000000000000021e                TIMER1_IRQHandler
                0x000000000000021e                UART2_IRQHandler
                0x000000000000021e                ADC_IRQHandler
                0x000000000000021e                SSP1_IRQHandler
                0x000000000000021e                USB_IRQHandler
                0x000000000000021e                BOD_IRQHandler
                0x000000000000021e                WDT_IRQHandler
                0x000000000000021e                QEI_IRQHandler
                0x000000000000021e                EINT0_IRQHandler
                0x000000000000021e                DMA_IRQHandler
                0x000000000000021e                UART3_IRQHandler
                0x000000000000021e                MCPWM_IRQHandler
                0x000000000000021e                ENET_IRQHandler
                0x00000000000002fc                . = 0x2fc
 *fill*         0x0000000000000224       0xd8 ff
                0x00000000000002fc                PROVIDE (__CRP_WORD_START__ = .)
 *(.crp)
 .crp           0x00000000000002fc        0x4 ./src/crp.o
                0x00000000000002fc                CRP_WORD
                0x0000000000000300                PROVIDE (__CRP_WORD_END__ = .)
                0x0000000000000001                ASSERT (! ((__CRP_WORD_START__ == __CRP_WORD_END__)), Linker CRP Enabled, but no CRP_WORD provided within application)
 *(.text*)
 .text.NVIC_EnableIRQ
                0x0000000000000300       0x30 ./src/EjTimerMatch3_D_Genero.o
 .text.main     0x0000000000000330       0x12 ./src/EjTimerMatch3_D_Genero.o
                0x0000000000000330                main
 .text.confPin  0x0000000000000342       0x36 ./src/EjTimerMatch3_D_Genero.o
                0x0000000000000342                confPin
 .text.confTimer
                0x0000000000000378       0x50 ./src/EjTimerMatch3_D_Genero.o
                0x0000000000000378                confTimer
 .text.confInt  0x00000000000003c8       0x32 ./src/EjTimerMatch3_D_Genero.o
                0x00000000000003c8                confInt
 *fill*         0x00000000000003fa        0x2 ff
 .text.EINT1_IRQHandler
                0x00000000000003fc       0x5c ./src/EjTimerMatch3_D_Genero.o
                0x00000000000003fc                EINT1_IRQHandler
 .text.SystemInit
                0x0000000000000458       0xd8 /home/bruno/Documents/Facultad/Electrónica Digital III/ED3_Drivers/CMSISv2p00_LPC17xx/Debug/libCMSISv2p00_LPC17xx.a(system_LPC17xx.o)
                0x0000000000000458                SystemInit
 .text.EXTI_Init
                0x0000000000000530       0x18 /home/bruno/Documents/Facultad/Electrónica Digital III/ED3_Drivers/CMSISv2p00_LPC17xx/Debug/libCMSISv2p00_LPC17xx.a(lpc17xx_exti.o)
                0x0000000000000530                EXTI_Init
 .text.EXTI_SetMode
                0x0000000000000548       0x30 /home/bruno/Documents/Facultad/Electrónica Digital III/ED3_Drivers/CMSISv2p00_LPC17xx/Debug/libCMSISv2p00_LPC17xx.a(lpc17xx_exti.o)
                0x0000000000000548                EXTI_SetMode
 .text.EXTI_SetPolarity
                0x0000000000000578       0x30 /home/bruno/Documents/Facultad/Electrónica Digital III/ED3_Drivers/CMSISv2p00_LPC17xx/Debug/libCMSISv2p00_LPC17xx.a(lpc17xx_exti.o)
                0x0000000000000578                EXTI_SetPolarity
 .text.EXTI_Config
                0x00000000000005a8       0x24 /home/bruno/Documents/Facultad/Electrónica Digital III/ED3_Drivers/CMSISv2p00_LPC17xx/Debug/libCMSISv2p00_LPC17xx.a(lpc17xx_exti.o)
                0x00000000000005a8                EXTI_Config
 .text.EXTI_ClearEXTIFlag
                0x00000000000005cc       0x18 /home/bruno/Documents/Facultad/Electrónica Digital III/ED3_Drivers/CMSISv2p00_LPC17xx/Debug/libCMSISv2p00_LPC17xx.a(lpc17xx_exti.o)
                0x00000000000005cc                EXTI_ClearEXTIFlag
 .text.PINSEL_ConfigPin
                0x00000000000005e4       0x7c /home/bruno/Documents/Facultad/Electrónica Digital III/ED3_Drivers/CMSISv2p00_LPC17xx/Debug/libCMSISv2p00_LPC17xx.a(lpc17xx_pinsel.o)
                0x00000000000005e4                PINSEL_ConfigPin
 .text.TIM_Init
                0x0000000000000660      0x15c /home/bruno/Documents/Facultad/Electrónica Digital III/ED3_Drivers/CMSISv2p00_LPC17xx/Debug/libCMSISv2p00_LPC17xx.a(lpc17xx_timer.o)
                0x0000000000000660                TIM_Init
 .text.TIM_Cmd  0x00000000000007bc       0x48 /home/bruno/Documents/Facultad/Electrónica Digital III/ED3_Drivers/CMSISv2p00_LPC17xx/Debug/libCMSISv2p00_LPC17xx.a(lpc17xx_timer.o)
                0x00000000000007bc                TIM_Cmd
 .text.TIM_ConfigMatch
                0x0000000000000804       0xcc /home/bruno/Documents/Facultad/Electrónica Digital III/ED3_Drivers/CMSISv2p00_LPC17xx/Debug/libCMSISv2p00_LPC17xx.a(lpc17xx_timer.o)
                0x0000000000000804                TIM_ConfigMatch
 .text.CLKPWR_SetPCLKDiv
                0x00000000000008d0       0x4c /home/bruno/Documents/Facultad/Electrónica Digital III/ED3_Drivers/CMSISv2p00_LPC17xx/Debug/libCMSISv2p00_LPC17xx.a(lpc17xx_clkpwr.o)
                0x00000000000008d0                CLKPWR_SetPCLKDiv
 .text.CLKPWR_GetPCLKSEL
                0x000000000000091c       0x20 /home/bruno/Documents/Facultad/Electrónica Digital III/ED3_Drivers/CMSISv2p00_LPC17xx/Debug/libCMSISv2p00_LPC17xx.a(lpc17xx_clkpwr.o)
                0x000000000000091c                CLKPWR_GetPCLKSEL
 .text.CLKPWR_GetPCLK
                0x000000000000093c       0x20 /home/bruno/Documents/Facultad/Electrónica Digital III/ED3_Drivers/CMSISv2p00_LPC17xx/Debug/libCMSISv2p00_LPC17xx.a(lpc17xx_clkpwr.o)
                0x000000000000093c                CLKPWR_GetPCLK
 .text.CLKPWR_ConfigPPWR
                0x000000000000095c       0x34 /home/bruno/Documents/Facultad/Electrónica Digital III/ED3_Drivers/CMSISv2p00_LPC17xx/Debug/libCMSISv2p00_LPC17xx.a(lpc17xx_clkpwr.o)
                0x000000000000095c                CLKPWR_ConfigPPWR
 .text.check_failed
                0x0000000000000990        0x2 /home/bruno/Documents/Facultad/Electrónica Digital III/ED3_Drivers/CMSISv2p00_LPC17xx/Debug/libCMSISv2p00_LPC17xx.a(lpc17xx_libcfg_default.o)
                0x0000000000000990                check_failed
 .text.__weak_main
                0x0000000000000992        0x4 /usr/local/mcuxpressoide-11.6.0_8187/ide/plugins/com.nxp.mcuxpresso.tools.linux_11.6.0.202112161359/tools/bin/../lib/gcc/arm-none-eabi/10.3.1/../../../../arm-none-eabi/lib/thumb/v7-m/nofp/libcr_c.a(__weak__main.o)
                0x0000000000000992                __main
                0x0000000000000992                __weak_main
 .text.__aeabi_division_uldivmod
                0x0000000000000996      0x174 /usr/local/mcuxpressoide-11.6.0_8187/ide/plugins/com.nxp.mcuxpresso.tools.linux_11.6.0.202112161359/tools/bin/../lib/gcc/arm-none-eabi/10.3.1/thumb/v7-m/nofp/libcr_eabihelpers.a(division_64.o)
                0x0000000000000996                __aeabi_uldivmod
                0x000000000000099a                __bhs_ldivmod1
 .text.__aeabi_division_idiv0
                0x0000000000000b0a        0x2 /usr/local/mcuxpressoide-11.6.0_8187/ide/plugins/com.nxp.mcuxpresso.tools.linux_11.6.0.202112161359/tools/bin/../lib/gcc/arm-none-eabi/10.3.1/thumb/v7-m/nofp/libcr_eabihelpers.a(division_idiv0.o)
                0x0000000000000b0a                __aeabi_idiv0
 *(.rodata .rodata.* .constdata .constdata.*)
 .rodata.TIM_GetIntStatus.str1.1
                0x0000000000000b0c       0x10 /home/bruno/Documents/Facultad/Electrónica Digital III/ED3_Drivers/CMSISv2p00_LPC17xx/Debug/libCMSISv2p00_LPC17xx.a(lpc17xx_timer.o)
 .rodata.CSWTCH.5
                0x0000000000000b1c        0x4 /home/bruno/Documents/Facultad/Electrónica Digital III/ED3_Drivers/CMSISv2p00_LPC17xx/Debug/libCMSISv2p00_LPC17xx.a(lpc17xx_clkpwr.o)
                0x0000000000000b20                . = ALIGN (0x4)

.glue_7         0x0000000000000b20        0x0
 .glue_7        0x0000000000000b20        0x0 linker stubs

.glue_7t        0x0000000000000b20        0x0
 .glue_7t       0x0000000000000b20        0x0 linker stubs

.vfp11_veneer   0x0000000000000b20        0x0
 .vfp11_veneer  0x0000000000000b20        0x0 linker stubs

.v4_bx          0x0000000000000b20        0x0
 .v4_bx         0x0000000000000b20        0x0 linker stubs

.iplt           0x0000000000000b20        0x0
 .iplt          0x0000000000000b20        0x0 ./src/EjTimerMatch3_D_Genero.o

.rel.dyn        0x0000000000000b20        0x0
 .rel.iplt      0x0000000000000b20        0x0 ./src/EjTimerMatch3_D_Genero.o

.ARM.extab
 *(.ARM.extab* .gnu.linkonce.armextab.*)

.ARM.exidx      0x0000000000000b20        0x0
                0x0000000000000b20                __exidx_start = .
 *(.ARM.exidx* .gnu.linkonce.armexidx.*)
                0x0000000000000b20                __exidx_end = .
                0x0000000000000b20                _etext = .

.data_RAM2      0x000000002007c000        0x0 load address 0x0000000000000b20
 FILL mask 0xff
                [!provide]                        PROVIDE (__start_data_RAM2 = .)
                [!provide]                        PROVIDE (__start_data_RamAHB32 = .)
 *(.ramfunc.$RAM2)
 *(.ramfunc.$RamAHB32)
 *(.data.$RAM2)
 *(.data.$RamAHB32)
 *(.data.$RAM2.*)
 *(.data.$RamAHB32.*)
                0x000000002007c000                . = ALIGN (0x4)
                [!provide]                        PROVIDE (__end_data_RAM2 = .)
                [!provide]                        PROVIDE (__end_data_RamAHB32 = .)

.uninit_RESERVED
                0x0000000010000000        0x0
                0x0000000010000000                _start_uninit_RESERVED = .
 *(.bss.$RESERVED*)
                0x0000000010000000                . = ALIGN (0x4)
                0x0000000010000000                _end_uninit_RESERVED = .

.data           0x0000000010000000        0x4 load address 0x0000000000000b20
 FILL mask 0xff
                0x0000000010000000                _data = .
                [!provide]                        PROVIDE (__start_data_RAM = .)
                [!provide]                        PROVIDE (__start_data_RamLoc32 = .)
 *(vtable)
 *(.ramfunc*)
 *(CodeQuickAccess)
 *(DataQuickAccess)
 *(RamFunction)
 *(.data*)
 .data.SystemCoreClock
                0x0000000010000000        0x4 /home/bruno/Documents/Facultad/Electrónica Digital III/ED3_Drivers/CMSISv2p00_LPC17xx/Debug/libCMSISv2p00_LPC17xx.a(system_LPC17xx.o)
                0x0000000010000000                SystemCoreClock
                0x0000000010000004                . = ALIGN (0x4)
                0x0000000010000004                _edata = .
                [!provide]                        PROVIDE (__end_data_RAM = .)
                [!provide]                        PROVIDE (__end_data_RamLoc32 = .)

.igot.plt       0x0000000010000004        0x0 load address 0x0000000000000b24
 .igot.plt      0x0000000010000004        0x0 ./src/EjTimerMatch3_D_Genero.o

.bss_RAM2       0x000000002007c000        0x0
                [!provide]                        PROVIDE (__start_bss_RAM2 = .)
                [!provide]                        PROVIDE (__start_bss_RamAHB32 = .)
 *(.bss.$RAM2)
 *(.bss.$RamAHB32)
 *(.bss.$RAM2.*)
 *(.bss.$RamAHB32.*)
                0x000000002007c000                . = ALIGN ((. != 0x0)?0x4:0x1)
                [!provide]                        PROVIDE (__end_bss_RAM2 = .)
                [!provide]                        PROVIDE (__end_bss_RamAHB32 = .)

.bss            0x0000000010000004        0x4
                0x0000000010000004                _bss = .
                [!provide]                        PROVIDE (__start_bss_RAM = .)
                [!provide]                        PROVIDE (__start_bss_RamLoc32 = .)
 *(.bss*)
 .bss.control.0
                0x0000000010000004        0x1 ./src/EjTimerMatch3_D_Genero.o
 *(COMMON)
                0x0000000010000008                . = ALIGN (0x4)
 *fill*         0x0000000010000005        0x3 
                0x0000000010000008                _ebss = .
                [!provide]                        PROVIDE (__end_bss_RAM = .)
                [!provide]                        PROVIDE (__end_bss_RamLoc32 = .)
                [!provide]                        PROVIDE (end = .)

.noinit_RAM2    0x000000002007c000        0x0
                [!provide]                        PROVIDE (__start_noinit_RAM2 = .)
                [!provide]                        PROVIDE (__start_noinit_RamAHB32 = .)
 *(.noinit.$RAM2)
 *(.noinit.$RamAHB32)
 *(.noinit.$RAM2.*)
 *(.noinit.$RamAHB32.*)
                0x000000002007c000                . = ALIGN (0x4)
                [!provide]                        PROVIDE (__end_noinit_RAM2 = .)
                [!provide]                        PROVIDE (__end_noinit_RamAHB32 = .)

.noinit         0x0000000010000008        0x0
                0x0000000010000008                _noinit = .
                [!provide]                        PROVIDE (__start_noinit_RAM = .)
                [!provide]                        PROVIDE (__start_noinit_RamLoc32 = .)
 *(.noinit*)
                0x0000000010000008                . = ALIGN (0x4)
                0x0000000010000008                _end_noinit = .
                [!provide]                        PROVIDE (__end_noinit_RAM = .)
                [!provide]                        PROVIDE (__end_noinit_RamLoc32 = .)
                [!provide]                        PROVIDE (_pvHeapStart = DEFINED (__user_heap_base)?__user_heap_base:.)
                0x0000000010008000                PROVIDE (_vStackTop = DEFINED (__user_stack_top)?__user_stack_top:(__top_RamLoc32 - 0x0))
                0xffffffffefff74c6                PROVIDE (__valid_user_code_checksum = (0x0 - ((((((_vStackTop + (ResetISR + 0x1)) + (NMI_Handler + 0x1)) + (HardFault_Handler + 0x1)) + (DEFINED (MemManage_Handler)?MemManage_Handler:0x0 + 0x1)) + (DEFINED (BusFault_Handler)?BusFault_Handler:0x0 + 0x1)) + (DEFINED (UsageFault_Handler)?UsageFault_Handler:0x0 + 0x1))))
                0x0000000000000000                _image_start = LOADADDR (.text)
                0x0000000000000b24                _image_end = (LOADADDR (.data) + SIZEOF (.data))
                0x0000000000000b24                _image_size = (_image_end - _image_start)
OUTPUT(EjTimerMatch3_D_Genero.axf elf32-littlearm)
LOAD linker stubs

.debug_info     0x0000000000000000     0x2bca
 .debug_info    0x0000000000000000      0x753 ./src/EjTimerMatch3_D_Genero.o
 .debug_info    0x0000000000000753      0x27f ./src/cr_startup_lpc175x_6x.o
 .debug_info    0x00000000000009d2       0x40 ./src/crp.o
 .debug_info    0x0000000000000a12      0x347 /home/bruno/Documents/Facultad/Electrónica Digital III/ED3_Drivers/CMSISv2p00_LPC17xx/Debug/libCMSISv2p00_LPC17xx.a(system_LPC17xx.o)
 .debug_info    0x0000000000000d59      0x53b /home/bruno/Documents/Facultad/Electrónica Digital III/ED3_Drivers/CMSISv2p00_LPC17xx/Debug/libCMSISv2p00_LPC17xx.a(lpc17xx_exti.o)
 .debug_info    0x0000000000001294      0x544 /home/bruno/Documents/Facultad/Electrónica Digital III/ED3_Drivers/CMSISv2p00_LPC17xx/Debug/libCMSISv2p00_LPC17xx.a(lpc17xx_pinsel.o)
 .debug_info    0x00000000000017d8      0xc54 /home/bruno/Documents/Facultad/Electrónica Digital III/ED3_Drivers/CMSISv2p00_LPC17xx/Debug/libCMSISv2p00_LPC17xx.a(lpc17xx_timer.o)
 .debug_info    0x000000000000242c      0x6ca /home/bruno/Documents/Facultad/Electrónica Digital III/ED3_Drivers/CMSISv2p00_LPC17xx/Debug/libCMSISv2p00_LPC17xx.a(lpc17xx_clkpwr.o)
 .debug_info    0x0000000000002af6       0xd4 /home/bruno/Documents/Facultad/Electrónica Digital III/ED3_Drivers/CMSISv2p00_LPC17xx/Debug/libCMSISv2p00_LPC17xx.a(lpc17xx_libcfg_default.o)

.debug_abbrev   0x0000000000000000      0xc9f
 .debug_abbrev  0x0000000000000000      0x1a2 ./src/EjTimerMatch3_D_Genero.o
 .debug_abbrev  0x00000000000001a2      0x122 ./src/cr_startup_lpc175x_6x.o
 .debug_abbrev  0x00000000000002c4       0x38 ./src/crp.o
 .debug_abbrev  0x00000000000002fc      0x10e /home/bruno/Documents/Facultad/Electrónica Digital III/ED3_Drivers/CMSISv2p00_LPC17xx/Debug/libCMSISv2p00_LPC17xx.a(system_LPC17xx.o)
 .debug_abbrev  0x000000000000040a      0x1ae /home/bruno/Documents/Facultad/Electrónica Digital III/ED3_Drivers/CMSISv2p00_LPC17xx/Debug/libCMSISv2p00_LPC17xx.a(lpc17xx_exti.o)
 .debug_abbrev  0x00000000000005b8      0x1b9 /home/bruno/Documents/Facultad/Electrónica Digital III/ED3_Drivers/CMSISv2p00_LPC17xx/Debug/libCMSISv2p00_LPC17xx.a(lpc17xx_pinsel.o)
 .debug_abbrev  0x0000000000000771      0x2c8 /home/bruno/Documents/Facultad/Electrónica Digital III/ED3_Drivers/CMSISv2p00_LPC17xx/Debug/libCMSISv2p00_LPC17xx.a(lpc17xx_timer.o)
 .debug_abbrev  0x0000000000000a39      0x1f1 /home/bruno/Documents/Facultad/Electrónica Digital III/ED3_Drivers/CMSISv2p00_LPC17xx/Debug/libCMSISv2p00_LPC17xx.a(lpc17xx_clkpwr.o)
 .debug_abbrev  0x0000000000000c2a       0x75 /home/bruno/Documents/Facultad/Electrónica Digital III/ED3_Drivers/CMSISv2p00_LPC17xx/Debug/libCMSISv2p00_LPC17xx.a(lpc17xx_libcfg_default.o)

.debug_aranges  0x0000000000000000      0x278
 .debug_aranges
                0x0000000000000000       0x48 ./src/EjTimerMatch3_D_Genero.o
 .debug_aranges
                0x0000000000000048       0x80 ./src/cr_startup_lpc175x_6x.o
 .debug_aranges
                0x00000000000000c8       0x18 ./src/crp.o
 .debug_aranges
                0x00000000000000e0       0x28 /home/bruno/Documents/Facultad/Electrónica Digital III/ED3_Drivers/CMSISv2p00_LPC17xx/Debug/libCMSISv2p00_LPC17xx.a(system_LPC17xx.o)
 .debug_aranges
                0x0000000000000108       0x48 /home/bruno/Documents/Facultad/Electrónica Digital III/ED3_Drivers/CMSISv2p00_LPC17xx/Debug/libCMSISv2p00_LPC17xx.a(lpc17xx_exti.o)
 .debug_aranges
                0x0000000000000150       0x30 /home/bruno/Documents/Facultad/Electrónica Digital III/ED3_Drivers/CMSISv2p00_LPC17xx/Debug/libCMSISv2p00_LPC17xx.a(lpc17xx_pinsel.o)
 .debug_aranges
                0x0000000000000180       0x80 /home/bruno/Documents/Facultad/Electrónica Digital III/ED3_Drivers/CMSISv2p00_LPC17xx/Debug/libCMSISv2p00_LPC17xx.a(lpc17xx_timer.o)
 .debug_aranges
                0x0000000000000200       0x58 /home/bruno/Documents/Facultad/Electrónica Digital III/ED3_Drivers/CMSISv2p00_LPC17xx/Debug/libCMSISv2p00_LPC17xx.a(lpc17xx_clkpwr.o)
 .debug_aranges
                0x0000000000000258       0x20 /home/bruno/Documents/Facultad/Electrónica Digital III/ED3_Drivers/CMSISv2p00_LPC17xx/Debug/libCMSISv2p00_LPC17xx.a(lpc17xx_libcfg_default.o)

.debug_ranges   0x0000000000000000      0x298
 .debug_ranges  0x0000000000000000       0x38 ./src/EjTimerMatch3_D_Genero.o
 .debug_ranges  0x0000000000000038       0x70 ./src/cr_startup_lpc175x_6x.o
 .debug_ranges  0x00000000000000a8       0x18 /home/bruno/Documents/Facultad/Electrónica Digital III/ED3_Drivers/CMSISv2p00_LPC17xx/Debug/libCMSISv2p00_LPC17xx.a(system_LPC17xx.o)
 .debug_ranges  0x00000000000000c0       0x38 /home/bruno/Documents/Facultad/Electrónica Digital III/ED3_Drivers/CMSISv2p00_LPC17xx/Debug/libCMSISv2p00_LPC17xx.a(lpc17xx_exti.o)
 .debug_ranges  0x00000000000000f8       0x60 /home/bruno/Documents/Facultad/Electrónica Digital III/ED3_Drivers/CMSISv2p00_LPC17xx/Debug/libCMSISv2p00_LPC17xx.a(lpc17xx_pinsel.o)
 .debug_ranges  0x0000000000000158       0xe8 /home/bruno/Documents/Facultad/Electrónica Digital III/ED3_Drivers/CMSISv2p00_LPC17xx/Debug/libCMSISv2p00_LPC17xx.a(lpc17xx_timer.o)
 .debug_ranges  0x0000000000000240       0x48 /home/bruno/Documents/Facultad/Electrónica Digital III/ED3_Drivers/CMSISv2p00_LPC17xx/Debug/libCMSISv2p00_LPC17xx.a(lpc17xx_clkpwr.o)
 .debug_ranges  0x0000000000000288       0x10 /home/bruno/Documents/Facultad/Electrónica Digital III/ED3_Drivers/CMSISv2p00_LPC17xx/Debug/libCMSISv2p00_LPC17xx.a(lpc17xx_libcfg_default.o)

.debug_macro    0x0000000000000000     0x3892
 .debug_macro   0x0000000000000000       0x9f ./src/EjTimerMatch3_D_Genero.o
 .debug_macro   0x000000000000009f      0xa7e ./src/EjTimerMatch3_D_Genero.o
 .debug_macro   0x0000000000000b1d       0x1c ./src/EjTimerMatch3_D_Genero.o
 .debug_macro   0x0000000000000b39       0x2e ./src/EjTimerMatch3_D_Genero.o
 .debug_macro   0x0000000000000b67       0x10 ./src/EjTimerMatch3_D_Genero.o
 .debug_macro   0x0000000000000b77      0x12e ./src/EjTimerMatch3_D_Genero.o
 .debug_macro   0x0000000000000ca5      0x5b3 ./src/EjTimerMatch3_D_Genero.o
 .debug_macro   0x0000000000001258       0x18 ./src/EjTimerMatch3_D_Genero.o
 .debug_macro   0x0000000000001270      0x7af ./src/EjTimerMatch3_D_Genero.o
 .debug_macro   0x0000000000001a1f      0x2c7 ./src/EjTimerMatch3_D_Genero.o
 .debug_macro   0x0000000000001ce6       0x63 ./src/EjTimerMatch3_D_Genero.o
 .debug_macro   0x0000000000001d49      0x13f ./src/EjTimerMatch3_D_Genero.o
 .debug_macro   0x0000000000001e88       0x22 ./src/EjTimerMatch3_D_Genero.o
 .debug_macro   0x0000000000001eaa       0xea ./src/EjTimerMatch3_D_Genero.o
 .debug_macro   0x0000000000001f94       0x1d ./src/cr_startup_lpc175x_6x.o
 .debug_macro   0x0000000000001fb1       0x1a ./src/crp.o
 .debug_macro   0x0000000000001fcb       0x34 ./src/crp.o
 .debug_macro   0x0000000000001fff      0x12b /home/bruno/Documents/Facultad/Electrónica Digital III/ED3_Drivers/CMSISv2p00_LPC17xx/Debug/libCMSISv2p00_LPC17xx.a(system_LPC17xx.o)
 .debug_macro   0x000000000000212a      0xa78 /home/bruno/Documents/Facultad/Electrónica Digital III/ED3_Drivers/CMSISv2p00_LPC17xx/Debug/libCMSISv2p00_LPC17xx.a(system_LPC17xx.o)
 .debug_macro   0x0000000000002ba2       0x96 /home/bruno/Documents/Facultad/Electrónica Digital III/ED3_Drivers/CMSISv2p00_LPC17xx/Debug/libCMSISv2p00_LPC17xx.a(lpc17xx_exti.o)
 .debug_macro   0x0000000000002c38       0x1c /home/bruno/Documents/Facultad/Electrónica Digital III/ED3_Drivers/CMSISv2p00_LPC17xx/Debug/libCMSISv2p00_LPC17xx.a(lpc17xx_exti.o)
 .debug_macro   0x0000000000002c54       0xdd /home/bruno/Documents/Facultad/Electrónica Digital III/ED3_Drivers/CMSISv2p00_LPC17xx/Debug/libCMSISv2p00_LPC17xx.a(lpc17xx_exti.o)
 .debug_macro   0x0000000000002d31       0x8d /home/bruno/Documents/Facultad/Electrónica Digital III/ED3_Drivers/CMSISv2p00_LPC17xx/Debug/libCMSISv2p00_LPC17xx.a(lpc17xx_pinsel.o)
 .debug_macro   0x0000000000002dbe       0xa8 /home/bruno/Documents/Facultad/Electrónica Digital III/ED3_Drivers/CMSISv2p00_LPC17xx/Debug/libCMSISv2p00_LPC17xx.a(lpc17xx_timer.o)
 .debug_macro   0x0000000000002e66       0xe4 /home/bruno/Documents/Facultad/Electrónica Digital III/ED3_Drivers/CMSISv2p00_LPC17xx/Debug/libCMSISv2p00_LPC17xx.a(lpc17xx_timer.o)
 .debug_macro   0x0000000000002f4a      0x2f7 /home/bruno/Documents/Facultad/Electrónica Digital III/ED3_Drivers/CMSISv2p00_LPC17xx/Debug/libCMSISv2p00_LPC17xx.a(lpc17xx_timer.o)
 .debug_macro   0x0000000000003241      0x145 /home/bruno/Documents/Facultad/Electrónica Digital III/ED3_Drivers/CMSISv2p00_LPC17xx/Debug/libCMSISv2p00_LPC17xx.a(lpc17xx_timer.o)
 .debug_macro   0x0000000000003386       0x8d /home/bruno/Documents/Facultad/Electrónica Digital III/ED3_Drivers/CMSISv2p00_LPC17xx/Debug/libCMSISv2p00_LPC17xx.a(lpc17xx_clkpwr.o)
 .debug_macro   0x0000000000003413      0x2f1 /home/bruno/Documents/Facultad/Electrónica Digital III/ED3_Drivers/CMSISv2p00_LPC17xx/Debug/libCMSISv2p00_LPC17xx.a(lpc17xx_clkpwr.o)
 .debug_macro   0x0000000000003704       0x5a /home/bruno/Documents/Facultad/Electrónica Digital III/ED3_Drivers/CMSISv2p00_LPC17xx/Debug/libCMSISv2p00_LPC17xx.a(lpc17xx_libcfg_default.o)
 .debug_macro   0x000000000000375e       0x5d /home/bruno/Documents/Facultad/Electrónica Digital III/ED3_Drivers/CMSISv2p00_LPC17xx/Debug/libCMSISv2p00_LPC17xx.a(lpc17xx_libcfg_default.o)
 .debug_macro   0x00000000000037bb       0xd7 /home/bruno/Documents/Facultad/Electrónica Digital III/ED3_Drivers/CMSISv2p00_LPC17xx/Debug/libCMSISv2p00_LPC17xx.a(lpc17xx_libcfg_default.o)

.debug_line     0x0000000000000000     0x214f
 .debug_line    0x0000000000000000      0x3cb ./src/EjTimerMatch3_D_Genero.o
 .debug_line    0x00000000000003cb      0x160 ./src/cr_startup_lpc175x_6x.o
 .debug_line    0x000000000000052b       0xb5 ./src/crp.o
 .debug_line    0x00000000000005e0      0x43c /home/bruno/Documents/Facultad/Electrónica Digital III/ED3_Drivers/CMSISv2p00_LPC17xx/Debug/libCMSISv2p00_LPC17xx.a(system_LPC17xx.o)
 .debug_line    0x0000000000000a1c      0x39b /home/bruno/Documents/Facultad/Electrónica Digital III/ED3_Drivers/CMSISv2p00_LPC17xx/Debug/libCMSISv2p00_LPC17xx.a(lpc17xx_exti.o)
 .debug_line    0x0000000000000db7      0x390 /home/bruno/Documents/Facultad/Electrónica Digital III/ED3_Drivers/CMSISv2p00_LPC17xx/Debug/libCMSISv2p00_LPC17xx.a(lpc17xx_pinsel.o)
 .debug_line    0x0000000000001147      0x95a /home/bruno/Documents/Facultad/Electrónica Digital III/ED3_Drivers/CMSISv2p00_LPC17xx/Debug/libCMSISv2p00_LPC17xx.a(lpc17xx_timer.o)
 .debug_line    0x0000000000001aa1      0x47a /home/bruno/Documents/Facultad/Electrónica Digital III/ED3_Drivers/CMSISv2p00_LPC17xx/Debug/libCMSISv2p00_LPC17xx.a(lpc17xx_clkpwr.o)
 .debug_line    0x0000000000001f1b      0x234 /home/bruno/Documents/Facultad/Electrónica Digital III/ED3_Drivers/CMSISv2p00_LPC17xx/Debug/libCMSISv2p00_LPC17xx.a(lpc17xx_libcfg_default.o)

.debug_str      0x0000000000000000     0xbac9
 .debug_str     0x0000000000000000     0x9863 ./src/EjTimerMatch3_D_Genero.o
                                       0x98f8 (size before relaxing)
 .debug_str     0x0000000000009863      0x1c2 ./src/cr_startup_lpc175x_6x.o
                                       0x2ee0 (size before relaxing)
 .debug_str     0x0000000000009a25       0xe9 ./src/crp.o
                                       0x2e01 (size before relaxing)
 .debug_str     0x0000000000009b0e      0x559 /home/bruno/Documents/Facultad/Electrónica Digital III/ED3_Drivers/CMSISv2p00_LPC17xx/Debug/libCMSISv2p00_LPC17xx.a(system_LPC17xx.o)
                                       0x88c3 (size before relaxing)
 .debug_str     0x000000000000a067      0x1e8 /home/bruno/Documents/Facultad/Electrónica Digital III/ED3_Drivers/CMSISv2p00_LPC17xx/Debug/libCMSISv2p00_LPC17xx.a(lpc17xx_exti.o)
                                       0x8ad9 (size before relaxing)
 .debug_str     0x000000000000a24f      0x22a /home/bruno/Documents/Facultad/Electrónica Digital III/ED3_Drivers/CMSISv2p00_LPC17xx/Debug/libCMSISv2p00_LPC17xx.a(lpc17xx_pinsel.o)
                                       0x8d35 (size before relaxing)
 .debug_str     0x000000000000a479     0x1535 /home/bruno/Documents/Facultad/Electrónica Digital III/ED3_Drivers/CMSISv2p00_LPC17xx/Debug/libCMSISv2p00_LPC17xx.a(lpc17xx_timer.o)
                                       0xaae2 (size before relaxing)
 .debug_str     0x000000000000b9ae       0xee /home/bruno/Documents/Facultad/Electrónica Digital III/ED3_Drivers/CMSISv2p00_LPC17xx/Debug/libCMSISv2p00_LPC17xx.a(lpc17xx_clkpwr.o)
                                       0x9abd (size before relaxing)
 .debug_str     0x000000000000ba9c       0x2d /home/bruno/Documents/Facultad/Electrónica Digital III/ED3_Drivers/CMSISv2p00_LPC17xx/Debug/libCMSISv2p00_LPC17xx.a(lpc17xx_libcfg_default.o)
                                       0x46ea (size before relaxing)

.comment        0x0000000000000000       0x49
 .comment       0x0000000000000000       0x49 ./src/EjTimerMatch3_D_Genero.o
                                         0x4a (size before relaxing)
 .comment       0x0000000000000049       0x4a ./src/cr_startup_lpc175x_6x.o
 .comment       0x0000000000000049       0x4a ./src/crp.o
 .comment       0x0000000000000049       0x4a /home/bruno/Documents/Facultad/Electrónica Digital III/ED3_Drivers/CMSISv2p00_LPC17xx/Debug/libCMSISv2p00_LPC17xx.a(system_LPC17xx.o)
 .comment       0x0000000000000049       0x4a /home/bruno/Documents/Facultad/Electrónica Digital III/ED3_Drivers/CMSISv2p00_LPC17xx/Debug/libCMSISv2p00_LPC17xx.a(lpc17xx_exti.o)
 .comment       0x0000000000000049       0x4a /home/bruno/Documents/Facultad/Electrónica Digital III/ED3_Drivers/CMSISv2p00_LPC17xx/Debug/libCMSISv2p00_LPC17xx.a(lpc17xx_pinsel.o)
 .comment       0x0000000000000049       0x4a /home/bruno/Documents/Facultad/Electrónica Digital III/ED3_Drivers/CMSISv2p00_LPC17xx/Debug/libCMSISv2p00_LPC17xx.a(lpc17xx_timer.o)
 .comment       0x0000000000000049       0x4a /home/bruno/Documents/Facultad/Electrónica Digital III/ED3_Drivers/CMSISv2p00_LPC17xx/Debug/libCMSISv2p00_LPC17xx.a(lpc17xx_clkpwr.o)
 .comment       0x0000000000000049       0x4a /home/bruno/Documents/Facultad/Electrónica Digital III/ED3_Drivers/CMSISv2p00_LPC17xx/Debug/libCMSISv2p00_LPC17xx.a(lpc17xx_libcfg_default.o)
 .comment       0x0000000000000049       0x4a /usr/local/mcuxpressoide-11.6.0_8187/ide/plugins/com.nxp.mcuxpresso.tools.linux_11.6.0.202112161359/tools/bin/../lib/gcc/arm-none-eabi/10.3.1/../../../../arm-none-eabi/lib/thumb/v7-m/nofp/libcr_c.a(__weak__main.o)

.ARM.attributes
                0x0000000000000000       0x2b
 .ARM.attributes
                0x0000000000000000       0x2d ./src/EjTimerMatch3_D_Genero.o
 .ARM.attributes
                0x000000000000002d       0x2d ./src/cr_startup_lpc175x_6x.o
 .ARM.attributes
                0x000000000000005a       0x2d ./src/crp.o
 .ARM.attributes
                0x0000000000000087       0x2d /home/bruno/Documents/Facultad/Electrónica Digital III/ED3_Drivers/CMSISv2p00_LPC17xx/Debug/libCMSISv2p00_LPC17xx.a(system_LPC17xx.o)
 .ARM.attributes
                0x00000000000000b4       0x2d /home/bruno/Documents/Facultad/Electrónica Digital III/ED3_Drivers/CMSISv2p00_LPC17xx/Debug/libCMSISv2p00_LPC17xx.a(lpc17xx_exti.o)
 .ARM.attributes
                0x00000000000000e1       0x2d /home/bruno/Documents/Facultad/Electrónica Digital III/ED3_Drivers/CMSISv2p00_LPC17xx/Debug/libCMSISv2p00_LPC17xx.a(lpc17xx_pinsel.o)
 .ARM.attributes
                0x000000000000010e       0x2d /home/bruno/Documents/Facultad/Electrónica Digital III/ED3_Drivers/CMSISv2p00_LPC17xx/Debug/libCMSISv2p00_LPC17xx.a(lpc17xx_timer.o)
 .ARM.attributes
                0x000000000000013b       0x2d /home/bruno/Documents/Facultad/Electrónica Digital III/ED3_Drivers/CMSISv2p00_LPC17xx/Debug/libCMSISv2p00_LPC17xx.a(lpc17xx_clkpwr.o)
 .ARM.attributes
                0x0000000000000168       0x2d /home/bruno/Documents/Facultad/Electrónica Digital III/ED3_Drivers/CMSISv2p00_LPC17xx/Debug/libCMSISv2p00_LPC17xx.a(lpc17xx_libcfg_default.o)
 .ARM.attributes
                0x0000000000000195       0x2d /usr/local/mcuxpressoide-11.6.0_8187/ide/plugins/com.nxp.mcuxpresso.tools.linux_11.6.0.202112161359/tools/bin/../lib/gcc/arm-none-eabi/10.3.1/../../../../arm-none-eabi/lib/thumb/v7-m/nofp/libcr_c.a(__weak__main.o)
 .ARM.attributes
                0x00000000000001c2       0x1b /usr/local/mcuxpressoide-11.6.0_8187/ide/plugins/com.nxp.mcuxpresso.tools.linux_11.6.0.202112161359/tools/bin/../lib/gcc/arm-none-eabi/10.3.1/thumb/v7-m/nofp/libcr_eabihelpers.a(division_64.o)
 .ARM.attributes
                0x00000000000001dd       0x1b /usr/local/mcuxpressoide-11.6.0_8187/ide/plugins/com.nxp.mcuxpresso.tools.linux_11.6.0.202112161359/tools/bin/../lib/gcc/arm-none-eabi/10.3.1/thumb/v7-m/nofp/libcr_eabihelpers.a(division_idiv0.o)

.debug_frame    0x0000000000000000      0x590
 .debug_frame   0x0000000000000000       0xe4 ./src/EjTimerMatch3_D_Genero.o
 .debug_frame   0x00000000000000e4      0x170 ./src/cr_startup_lpc175x_6x.o
 .debug_frame   0x0000000000000254       0x3c /home/bruno/Documents/Facultad/Electrónica Digital III/ED3_Drivers/CMSISv2p00_LPC17xx/Debug/libCMSISv2p00_LPC17xx.a(system_LPC17xx.o)
 .debug_frame   0x0000000000000290       0x7c /home/bruno/Documents/Facultad/Electrónica Digital III/ED3_Drivers/CMSISv2p00_LPC17xx/Debug/libCMSISv2p00_LPC17xx.a(lpc17xx_exti.o)
 .debug_frame   0x000000000000030c       0x50 /home/bruno/Documents/Facultad/Electrónica Digital III/ED3_Drivers/CMSISv2p00_LPC17xx/Debug/libCMSISv2p00_LPC17xx.a(lpc17xx_pinsel.o)
 .debug_frame   0x000000000000035c      0x174 /home/bruno/Documents/Facultad/Electrónica Digital III/ED3_Drivers/CMSISv2p00_LPC17xx/Debug/libCMSISv2p00_LPC17xx.a(lpc17xx_timer.o)
 .debug_frame   0x00000000000004d0       0xa0 /home/bruno/Documents/Facultad/Electrónica Digital III/ED3_Drivers/CMSISv2p00_LPC17xx/Debug/libCMSISv2p00_LPC17xx.a(lpc17xx_clkpwr.o)
 .debug_frame   0x0000000000000570       0x20 /home/bruno/Documents/Facultad/Electrónica Digital III/ED3_Drivers/CMSISv2p00_LPC17xx/Debug/libCMSISv2p00_LPC17xx.a(lpc17xx_libcfg_default.o)

.debug_loc      0x0000000000000000      0xc05
 .debug_loc     0x0000000000000000      0x176 /home/bruno/Documents/Facultad/Electrónica Digital III/ED3_Drivers/CMSISv2p00_LPC17xx/Debug/libCMSISv2p00_LPC17xx.a(lpc17xx_exti.o)
 .debug_loc     0x0000000000000176      0x1a1 /home/bruno/Documents/Facultad/Electrónica Digital III/ED3_Drivers/CMSISv2p00_LPC17xx/Debug/libCMSISv2p00_LPC17xx.a(lpc17xx_pinsel.o)
 .debug_loc     0x0000000000000317      0x6ca /home/bruno/Documents/Facultad/Electrónica Digital III/ED3_Drivers/CMSISv2p00_LPC17xx/Debug/libCMSISv2p00_LPC17xx.a(lpc17xx_timer.o)
 .debug_loc     0x00000000000009e1      0x1fa /home/bruno/Documents/Facultad/Electrónica Digital III/ED3_Drivers/CMSISv2p00_LPC17xx/Debug/libCMSISv2p00_LPC17xx.a(lpc17xx_clkpwr.o)
 .debug_loc     0x0000000000000bdb       0x2a /home/bruno/Documents/Facultad/Electrónica Digital III/ED3_Drivers/CMSISv2p00_LPC17xx/Debug/libCMSISv2p00_LPC17xx.a(lpc17xx_libcfg_default.o)

Cross Reference Table

Symbol                                            File
ADC_IRQHandler                                    ./src/cr_startup_lpc175x_6x.o
BOD_IRQHandler                                    ./src/cr_startup_lpc175x_6x.o
BusFault_Handler                                  ./src/cr_startup_lpc175x_6x.o
CANActivity_IRQHandler                            ./src/cr_startup_lpc175x_6x.o
CAN_IRQHandler                                    ./src/cr_startup_lpc175x_6x.o
CLKPWR_ConfigPPWR                                 /home/bruno/Documents/Facultad/Electrónica Digital III/ED3_Drivers/CMSISv2p00_LPC17xx/Debug/libCMSISv2p00_LPC17xx.a(lpc17xx_clkpwr.o)
                                                  /home/bruno/Documents/Facultad/Electrónica Digital III/ED3_Drivers/CMSISv2p00_LPC17xx/Debug/libCMSISv2p00_LPC17xx.a(lpc17xx_timer.o)
CLKPWR_DeepPowerDown                              /home/bruno/Documents/Facultad/Electrónica Digital III/ED3_Drivers/CMSISv2p00_LPC17xx/Debug/libCMSISv2p00_LPC17xx.a(lpc17xx_clkpwr.o)
CLKPWR_DeepSleep                                  /home/bruno/Documents/Facultad/Electrónica Digital III/ED3_Drivers/CMSISv2p00_LPC17xx/Debug/libCMSISv2p00_LPC17xx.a(lpc17xx_clkpwr.o)
CLKPWR_GetPCLK                                    /home/bruno/Documents/Facultad/Electrónica Digital III/ED3_Drivers/CMSISv2p00_LPC17xx/Debug/libCMSISv2p00_LPC17xx.a(lpc17xx_clkpwr.o)
                                                  /home/bruno/Documents/Facultad/Electrónica Digital III/ED3_Drivers/CMSISv2p00_LPC17xx/Debug/libCMSISv2p00_LPC17xx.a(lpc17xx_timer.o)
CLKPWR_GetPCLKSEL                                 /home/bruno/Documents/Facultad/Electrónica Digital III/ED3_Drivers/CMSISv2p00_LPC17xx/Debug/libCMSISv2p00_LPC17xx.a(lpc17xx_clkpwr.o)
CLKPWR_PowerDown                                  /home/bruno/Documents/Facultad/Electrónica Digital III/ED3_Drivers/CMSISv2p00_LPC17xx/Debug/libCMSISv2p00_LPC17xx.a(lpc17xx_clkpwr.o)
CLKPWR_SetPCLKDiv                                 /home/bruno/Documents/Facultad/Electrónica Digital III/ED3_Drivers/CMSISv2p00_LPC17xx/Debug/libCMSISv2p00_LPC17xx.a(lpc17xx_clkpwr.o)
                                                  /home/bruno/Documents/Facultad/Electrónica Digital III/ED3_Drivers/CMSISv2p00_LPC17xx/Debug/libCMSISv2p00_LPC17xx.a(lpc17xx_timer.o)
CLKPWR_Sleep                                      /home/bruno/Documents/Facultad/Electrónica Digital III/ED3_Drivers/CMSISv2p00_LPC17xx/Debug/libCMSISv2p00_LPC17xx.a(lpc17xx_clkpwr.o)
CRP_WORD                                          ./src/crp.o
DMA_IRQHandler                                    ./src/cr_startup_lpc175x_6x.o
DebugMon_Handler                                  ./src/cr_startup_lpc175x_6x.o
EINT0_IRQHandler                                  ./src/cr_startup_lpc175x_6x.o
EINT1_IRQHandler                                  ./src/EjTimerMatch3_D_Genero.o
EINT2_IRQHandler                                  ./src/cr_startup_lpc175x_6x.o
EINT3_IRQHandler                                  ./src/cr_startup_lpc175x_6x.o
ENET_IRQHandler                                   ./src/cr_startup_lpc175x_6x.o
EXTI_ClearEXTIFlag                                /home/bruno/Documents/Facultad/Electrónica Digital III/ED3_Drivers/CMSISv2p00_LPC17xx/Debug/libCMSISv2p00_LPC17xx.a(lpc17xx_exti.o)
                                                  ./src/EjTimerMatch3_D_Genero.o
EXTI_Config                                       /home/bruno/Documents/Facultad/Electrónica Digital III/ED3_Drivers/CMSISv2p00_LPC17xx/Debug/libCMSISv2p00_LPC17xx.a(lpc17xx_exti.o)
                                                  ./src/EjTimerMatch3_D_Genero.o
EXTI_DeInit                                       /home/bruno/Documents/Facultad/Electrónica Digital III/ED3_Drivers/CMSISv2p00_LPC17xx/Debug/libCMSISv2p00_LPC17xx.a(lpc17xx_exti.o)
EXTI_Init                                         /home/bruno/Documents/Facultad/Electrónica Digital III/ED3_Drivers/CMSISv2p00_LPC17xx/Debug/libCMSISv2p00_LPC17xx.a(lpc17xx_exti.o)
                                                  ./src/EjTimerMatch3_D_Genero.o
EXTI_SetMode                                      /home/bruno/Documents/Facultad/Electrónica Digital III/ED3_Drivers/CMSISv2p00_LPC17xx/Debug/libCMSISv2p00_LPC17xx.a(lpc17xx_exti.o)
EXTI_SetPolarity                                  /home/bruno/Documents/Facultad/Electrónica Digital III/ED3_Drivers/CMSISv2p00_LPC17xx/Debug/libCMSISv2p00_LPC17xx.a(lpc17xx_exti.o)
HardFault_Handler                                 ./src/cr_startup_lpc175x_6x.o
I2C0_IRQHandler                                   ./src/cr_startup_lpc175x_6x.o
I2C1_IRQHandler                                   ./src/cr_startup_lpc175x_6x.o
I2C2_IRQHandler                                   ./src/cr_startup_lpc175x_6x.o
I2S_IRQHandler                                    ./src/cr_startup_lpc175x_6x.o
IntDefaultHandler                                 ./src/cr_startup_lpc175x_6x.o
MCPWM_IRQHandler                                  ./src/cr_startup_lpc175x_6x.o
MemManage_Handler                                 ./src/cr_startup_lpc175x_6x.o
NMI_Handler                                       ./src/cr_startup_lpc175x_6x.o
PINSEL_ConfigPin                                  /home/bruno/Documents/Facultad/Electrónica Digital III/ED3_Drivers/CMSISv2p00_LPC17xx/Debug/libCMSISv2p00_LPC17xx.a(lpc17xx_pinsel.o)
                                                  ./src/EjTimerMatch3_D_Genero.o
PINSEL_ConfigTraceFunc                            /home/bruno/Documents/Facultad/Electrónica Digital III/ED3_Drivers/CMSISv2p00_LPC17xx/Debug/libCMSISv2p00_LPC17xx.a(lpc17xx_pinsel.o)
PINSEL_SetI2C0Pins                                /home/bruno/Documents/Facultad/Electrónica Digital III/ED3_Drivers/CMSISv2p00_LPC17xx/Debug/libCMSISv2p00_LPC17xx.a(lpc17xx_pinsel.o)
PLL0_IRQHandler                                   ./src/cr_startup_lpc175x_6x.o
PLL1_IRQHandler                                   ./src/cr_startup_lpc175x_6x.o
PWM1_IRQHandler                                   ./src/cr_startup_lpc175x_6x.o
PendSV_Handler                                    ./src/cr_startup_lpc175x_6x.o
QEI_IRQHandler                                    ./src/cr_startup_lpc175x_6x.o
RIT_IRQHandler                                    ./src/cr_startup_lpc175x_6x.o
RTC_IRQHandler                                    ./src/cr_startup_lpc175x_6x.o
ResetISR                                          ./src/cr_startup_lpc175x_6x.o
SPI_IRQHandler                                    ./src/cr_startup_lpc175x_6x.o
SSP0_IRQHandler                                   ./src/cr_startup_lpc175x_6x.o
SSP1_IRQHandler                                   ./src/cr_startup_lpc175x_6x.o
SVC_Handler                                       ./src/cr_startup_lpc175x_6x.o
SysTick_Handler                                   ./src/cr_startup_lpc175x_6x.o
SystemCoreClock                                   /home/bruno/Documents/Facultad/Electrónica Digital III/ED3_Drivers/CMSISv2p00_LPC17xx/Debug/libCMSISv2p00_LPC17xx.a(system_LPC17xx.o)
                                                  /home/bruno/Documents/Facultad/Electrónica Digital III/ED3_Drivers/CMSISv2p00_LPC17xx/Debug/libCMSISv2p00_LPC17xx.a(lpc17xx_clkpwr.o)
SystemCoreClockUpdate                             /home/bruno/Documents/Facultad/Electrónica Digital III/ED3_Drivers/CMSISv2p00_LPC17xx/Debug/libCMSISv2p00_LPC17xx.a(system_LPC17xx.o)
SystemInit                                        /home/bruno/Documents/Facultad/Electrónica Digital III/ED3_Drivers/CMSISv2p00_LPC17xx/Debug/libCMSISv2p00_LPC17xx.a(system_LPC17xx.o)
                                                  ./src/cr_startup_lpc175x_6x.o
TIMER0_IRQHandler                                 ./src/cr_startup_lpc175x_6x.o
TIMER1_IRQHandler                                 ./src/cr_startup_lpc175x_6x.o
TIMER2_IRQHandler                                 ./src/cr_startup_lpc175x_6x.o
TIMER3_IRQHandler                                 ./src/cr_startup_lpc175x_6x.o
TIM_ClearIntCapturePending                        /home/bruno/Documents/Facultad/Electrónica Digital III/ED3_Drivers/CMSISv2p00_LPC17xx/Debug/libCMSISv2p00_LPC17xx.a(lpc17xx_timer.o)
TIM_ClearIntPending                               /home/bruno/Documents/Facultad/Electrónica Digital III/ED3_Drivers/CMSISv2p00_LPC17xx/Debug/libCMSISv2p00_LPC17xx.a(lpc17xx_timer.o)
TIM_Cmd                                           /home/bruno/Documents/Facultad/Electrónica Digital III/ED3_Drivers/CMSISv2p00_LPC17xx/Debug/libCMSISv2p00_LPC17xx.a(lpc17xx_timer.o)
                                                  ./src/EjTimerMatch3_D_Genero.o
TIM_ConfigCapture                                 /home/bruno/Documents/Facultad/Electrónica Digital III/ED3_Drivers/CMSISv2p00_LPC17xx/Debug/libCMSISv2p00_LPC17xx.a(lpc17xx_timer.o)
TIM_ConfigMatch                                   /home/bruno/Documents/Facultad/Electrónica Digital III/ED3_Drivers/CMSISv2p00_LPC17xx/Debug/libCMSISv2p00_LPC17xx.a(lpc17xx_timer.o)
                                                  ./src/EjTimerMatch3_D_Genero.o
TIM_ConfigStructInit                              /home/bruno/Documents/Facultad/Electrónica Digital III/ED3_Drivers/CMSISv2p00_LPC17xx/Debug/libCMSISv2p00_LPC17xx.a(lpc17xx_timer.o)
TIM_DeInit                                        /home/bruno/Documents/Facultad/Electrónica Digital III/ED3_Drivers/CMSISv2p00_LPC17xx/Debug/libCMSISv2p00_LPC17xx.a(lpc17xx_timer.o)
TIM_GetCaptureValue                               /home/bruno/Documents/Facultad/Electrónica Digital III/ED3_Drivers/CMSISv2p00_LPC17xx/Debug/libCMSISv2p00_LPC17xx.a(lpc17xx_timer.o)
TIM_GetIntCaptureStatus                           /home/bruno/Documents/Facultad/Electrónica Digital III/ED3_Drivers/CMSISv2p00_LPC17xx/Debug/libCMSISv2p00_LPC17xx.a(lpc17xx_timer.o)
TIM_GetIntStatus                                  /home/bruno/Documents/Facultad/Electrónica Digital III/ED3_Drivers/CMSISv2p00_LPC17xx/Debug/libCMSISv2p00_LPC17xx.a(lpc17xx_timer.o)
TIM_Init                                          /home/bruno/Documents/Facultad/Electrónica Digital III/ED3_Drivers/CMSISv2p00_LPC17xx/Debug/libCMSISv2p00_LPC17xx.a(lpc17xx_timer.o)
                                                  ./src/EjTimerMatch3_D_Genero.o
TIM_ResetCounter                                  /home/bruno/Documents/Facultad/Electrónica Digital III/ED3_Drivers/CMSISv2p00_LPC17xx/Debug/libCMSISv2p00_LPC17xx.a(lpc17xx_timer.o)
TIM_UpdateMatchValue                              /home/bruno/Documents/Facultad/Electrónica Digital III/ED3_Drivers/CMSISv2p00_LPC17xx/Debug/libCMSISv2p00_LPC17xx.a(lpc17xx_timer.o)
UART0_IRQHandler                                  ./src/cr_startup_lpc175x_6x.o
UART1_IRQHandler                                  ./src/cr_startup_lpc175x_6x.o
UART2_IRQHandler                                  ./src/cr_startup_lpc175x_6x.o
UART3_IRQHandler                                  ./src/cr_startup_lpc175x_6x.o
USBActivity_IRQHandler                            ./src/cr_startup_lpc175x_6x.o
USB_IRQHandler                                    ./src/cr_startup_lpc175x_6x.o
UsageFault_Handler                                ./src/cr_startup_lpc175x_6x.o
WDT_IRQHandler                                    ./src/cr_startup_lpc175x_6x.o
__aeabi_idiv0                                     /usr/local/mcuxpressoide-11.6.0_8187/ide/plugins/com.nxp.mcuxpresso.tools.linux_11.6.0.202112161359/tools/bin/../lib/gcc/arm-none-eabi/10.3.1/thumb/v7-m/nofp/libcr_eabihelpers.a(division_idiv0.o)
                                                  /usr/local/mcuxpressoide-11.6.0_8187/ide/plugins/com.nxp.mcuxpresso.tools.linux_11.6.0.202112161359/tools/bin/../lib/gcc/arm-none-eabi/10.3.1/thumb/v7-m/nofp/libcr_eabihelpers.a(division_64.o)
__aeabi_ldivmod                                   /usr/local/mcuxpressoide-11.6.0_8187/ide/plugins/com.nxp.mcuxpresso.tools.linux_11.6.0.202112161359/tools/bin/../lib/gcc/arm-none-eabi/10.3.1/thumb/v7-m/nofp/libcr_eabihelpers.a(division_64.o)
                                                  /home/bruno/Documents/Facultad/Electrónica Digital III/ED3_Drivers/CMSISv2p00_LPC17xx/Debug/libCMSISv2p00_LPC17xx.a(system_LPC17xx.o)
__aeabi_uldivmod                                  /usr/local/mcuxpressoide-11.6.0_8187/ide/plugins/com.nxp.mcuxpresso.tools.linux_11.6.0.202112161359/tools/bin/../lib/gcc/arm-none-eabi/10.3.1/thumb/v7-m/nofp/libcr_eabihelpers.a(division_64.o)
                                                  /home/bruno/Documents/Facultad/Electrónica Digital III/ED3_Drivers/CMSISv2p00_LPC17xx/Debug/libCMSISv2p00_LPC17xx.a(lpc17xx_timer.o)
                                                  /home/bruno/Documents/Facultad/Electrónica Digital III/ED3_Drivers/CMSISv2p00_LPC17xx/Debug/libCMSISv2p00_LPC17xx.a(system_LPC17xx.o)
__bhs_ldivmod1                                    /usr/local/mcuxpressoide-11.6.0_8187/ide/plugins/com.nxp.mcuxpresso.tools.linux_11.6.0.202112161359/tools/bin/../lib/gcc/arm-none-eabi/10.3.1/thumb/v7-m/nofp/libcr_eabihelpers.a(division_64.o)
__bss_section_table_end                           ./src/cr_startup_lpc175x_6x.o
__data_section_table                              ./src/cr_startup_lpc175x_6x.o
__data_section_table_end                          ./src/cr_startup_lpc175x_6x.o
__main                                            /usr/local/mcuxpressoide-11.6.0_8187/ide/plugins/com.nxp.mcuxpresso.tools.linux_11.6.0.202112161359/tools/bin/../lib/gcc/arm-none-eabi/10.3.1/../../../../arm-none-eabi/lib/thumb/v7-m/nofp/libcr_c.a(__weak__main.o)
                                                  ./src/cr_startup_lpc175x_6x.o
__valid_user_code_checksum                        ./src/cr_startup_lpc175x_6x.o
__weak_main                                       /usr/local/mcuxpressoide-11.6.0_8187/ide/plugins/com.nxp.mcuxpresso.tools.linux_11.6.0.202112161359/tools/bin/../lib/gcc/arm-none-eabi/10.3.1/../../../../arm-none-eabi/lib/thumb/v7-m/nofp/libcr_c.a(__weak__main.o)
_vStackTop                                        ./src/cr_startup_lpc175x_6x.o
bss_init                                          ./src/cr_startup_lpc175x_6x.o
check_failed                                      /home/bruno/Documents/Facultad/Electrónica Digital III/ED3_Drivers/CMSISv2p00_LPC17xx/Debug/libCMSISv2p00_LPC17xx.a(lpc17xx_libcfg_default.o)
                                                  /home/bruno/Documents/Facultad/Electrónica Digital III/ED3_Drivers/CMSISv2p00_LPC17xx/Debug/libCMSISv2p00_LPC17xx.a(lpc17xx_timer.o)
confInt                                           ./src/EjTimerMatch3_D_Genero.o
confPin                                           ./src/EjTimerMatch3_D_Genero.o
confTimer                                         ./src/EjTimerMatch3_D_Genero.o
data_init                                         ./src/cr_startup_lpc175x_6x.o
g_pfnVectors                                      ./src/cr_startup_lpc175x_6x.o
main                                              ./src/EjTimerMatch3_D_Genero.o
                                                  /usr/local/mcuxpressoide-11.6.0_8187/ide/plugins/com.nxp.mcuxpresso.tools.linux_11.6.0.202112161359/tools/bin/../lib/gcc/arm-none-eabi/10.3.1/../../../../arm-none-eabi/lib/thumb/v7-m/nofp/libcr_c.a(__weak__main.o)
